Component: ARM Compiler 5.06 update 7 (build 960) Tool: armlink [4d3601]

==============================================================================

Section Cross References

    startup_stm32f103xe.o(STACK) refers (Special) to heapauxi.o(.text) for __use_two_region_memory
    startup_stm32f103xe.o(HEAP) refers (Special) to heapauxi.o(.text) for __use_two_region_memory
    startup_stm32f103xe.o(RESET) refers (Special) to heapauxi.o(.text) for __use_two_region_memory
    startup_stm32f103xe.o(RESET) refers to startup_stm32f103xe.o(STACK) for __initial_sp
    startup_stm32f103xe.o(RESET) refers to startup_stm32f103xe.o(.text) for Reset_Handler
    startup_stm32f103xe.o(RESET) refers to stm32f1xx_it.o(i.NMI_Handler) for NMI_Handler
    startup_stm32f103xe.o(RESET) refers to stm32f1xx_it.o(i.HardFault_Handler) for HardFault_Handler
    startup_stm32f103xe.o(RESET) refers to stm32f1xx_it.o(i.MemManage_Handler) for MemManage_Handler
    startup_stm32f103xe.o(RESET) refers to stm32f1xx_it.o(i.BusFault_Handler) for BusFault_Handler
    startup_stm32f103xe.o(RESET) refers to stm32f1xx_it.o(i.UsageFault_Handler) for UsageFault_Handler
    startup_stm32f103xe.o(RESET) refers to stm32f1xx_it.o(i.SVC_Handler) for SVC_Handler
    startup_stm32f103xe.o(RESET) refers to stm32f1xx_it.o(i.DebugMon_Handler) for DebugMon_Handler
    startup_stm32f103xe.o(RESET) refers to stm32f1xx_it.o(i.PendSV_Handler) for PendSV_Handler
    startup_stm32f103xe.o(RESET) refers to stm32f1xx_it.o(i.SysTick_Handler) for SysTick_Handler
    startup_stm32f103xe.o(RESET) refers to stm32f1xx_it.o(i.USB_LP_CAN1_RX0_IRQHandler) for USB_LP_CAN1_RX0_IRQHandler
    startup_stm32f103xe.o(RESET) refers to stm32f1xx_it.o(i.TIM2_IRQHandler) for TIM2_IRQHandler
    startup_stm32f103xe.o(RESET) refers to stm32f1xx_it.o(i.TIM3_IRQHandler) for TIM3_IRQHandler
    startup_stm32f103xe.o(RESET) refers to stm32f1xx_it.o(i.USART1_IRQHandler) for USART1_IRQHandler
    startup_stm32f103xe.o(.text) refers (Special) to heapauxi.o(.text) for __use_two_region_memory
    startup_stm32f103xe.o(.text) refers to system_stm32f1xx.o(i.SystemInit) for SystemInit
    startup_stm32f103xe.o(.text) refers to __main.o(!!!main) for __main
    startup_stm32f103xe.o(.text) refers to startup_stm32f103xe.o(HEAP) for Heap_Mem
    startup_stm32f103xe.o(.text) refers to startup_stm32f103xe.o(STACK) for Stack_Mem
    main.o(i.Axis_SetPeriod) refers to tim.o(.bss) for htim3
    main.o(i.Axis_Start) refers to stm32f1xx_hal_gpio.o(i.HAL_GPIO_WritePin) for HAL_GPIO_WritePin
    main.o(i.Axis_Start) refers to main.o(i.Axis_SetPeriod) for Axis_SetPeriod
    main.o(i.Axis_Start) refers to stm32f1xx_hal_tim.o(i.HAL_TIM_Base_Start_IT) for HAL_TIM_Base_Start_IT
    main.o(i.Axis_Start) refers to main.o(i.Send_Status) for Send_Status
    main.o(i.Axis_Start) refers to main.o(.bss) for .bss
    main.o(i.Axis_Start) refers to tim.o(.bss) for htim2
    main.o(i.Axis_Stop) refers to stm32f1xx_hal_tim.o(i.HAL_TIM_Base_Stop_IT) for HAL_TIM_Base_Stop_IT
    main.o(i.Axis_Stop) refers to stm32f1xx_hal_gpio.o(i.HAL_GPIO_WritePin) for HAL_GPIO_WritePin
    main.o(i.Axis_Stop) refers to main.o(i.Send_Status) for Send_Status
    main.o(i.Axis_Stop) refers to main.o(.bss) for .bss
    main.o(i.Axis_Stop) refers to tim.o(.bss) for htim2
    main.o(i.MX_USART1_Init) refers to stm32f1xx_hal_gpio.o(i.HAL_GPIO_Init) for HAL_GPIO_Init
    main.o(i.MX_USART1_Init) refers to stm32f1xx_hal_rcc.o(i.HAL_RCC_GetPCLK2Freq) for HAL_RCC_GetPCLK2Freq
    main.o(i.MX_USART1_Init) refers to stm32f1xx_hal_cortex.o(i.HAL_NVIC_SetPriority) for HAL_NVIC_SetPriority
    main.o(i.MX_USART1_Init) refers to stm32f1xx_hal_cortex.o(i.HAL_NVIC_EnableIRQ) for HAL_NVIC_EnableIRQ
    main.o(i.Process_Frame) refers to main.o(i.USART1_SendFrame) for USART1_SendFrame
    main.o(i.Process_Frame) refers to main.o(i.ReadU32) for ReadU32
    main.o(i.Process_Frame) refers to main.o(i.Axis_Stop) for Axis_Stop
    main.o(i.Process_Frame) refers to main.o(i.Send_AxisState) for Send_AxisState
    main.o(i.Process_Frame) refers to main.o(i.Read_SensorState) for Read_SensorState
    main.o(i.Process_Frame) refers to main.o(i.Send_OneSensorState) for Send_OneSensorState
    main.o(i.Process_Frame) refers to main.o(i.Axis_Start) for Axis_Start
    main.o(i.Process_Frame) refers to main.o(i.Send_Status) for Send_Status
    main.o(i.Process_Frame) refers to main.o(.data) for .data
    main.o(i.Process_Frame) refers to main.o(.bss) for .bss
    main.o(i.Protocol_ReceiveByte) refers to main.o(i.CRC8_Update) for CRC8_Update
    main.o(i.Protocol_ReceiveByte) refers to main.o(.data) for .data
    main.o(i.Protocol_ReceiveByte) refers to main.o(.bss) for .bss
    main.o(i.Read_SensorState) refers to stm32f1xx_hal_gpio.o(i.HAL_GPIO_ReadPin) for HAL_GPIO_ReadPin
    main.o(i.Send_AxisState) refers to main.o(i.Send_Status) for Send_Status
    main.o(i.Send_AxisState) refers to main.o(.bss) for .bss
[...]
    i.HAL_RCCEx_PeriphCLKConfig              0x080012cc   Section        0  stm32f1xx_hal_rcc_ex.o(i.HAL_RCCEx_PeriphCLKConfig)
    i.HAL_RCC_ClockConfig                    0x080013b8   Section        0  stm32f1xx_hal_rcc.o(i.HAL_RCC_ClockConfig)
    i.HAL_RCC_GetPCLK2Freq                   0x080014e4   Section        0  stm32f1xx_hal_rcc.o(i.HAL_RCC_GetPCLK2Freq)
    i.HAL_RCC_GetSysClockFreq                0x08001504   Section        0  stm32f1xx_hal_rcc.o(i.HAL_RCC_GetSysClockFreq)
    i.HAL_RCC_OscConfig                      0x08001550   Section        0  stm32f1xx_hal_rcc.o(i.HAL_RCC_OscConfig)
    i.HAL_SYSTICK_Config                     0x08001870   Section        0  stm32f1xx_hal_cortex.o(i.HAL_SYSTICK_Config)
    i.HAL_TIMEx_BreakCallback                0x08001898   Section        0  stm32f1xx_hal_tim_ex.o(i.HAL_TIMEx_BreakCallback)
    i.HAL_TIMEx_CommutCallback               0x0800189a   Section        0  stm32f1xx_hal_tim_ex.o(i.HAL_TIMEx_CommutCallback)
    i.HAL_TIMEx_MasterConfigSynchronization  0x0800189c   Section        0  stm32f1xx_hal_tim_ex.o(i.HAL_TIMEx_MasterConfigSynchronization)
    i.HAL_TIM_Base_Init                      0x08001918   Section        0  stm32f1xx_hal_tim.o(i.HAL_TIM_Base_Init)
    i.HAL_TIM_Base_MspInit                   0x08001974   Section        0  tim.o(i.HAL_TIM_Base_MspInit)
    i.HAL_TIM_Base_Start_IT                  0x080019d4   Section        0  stm32f1xx_hal_tim.o(i.HAL_TIM_Base_Start_IT)
    i.HAL_TIM_Base_Stop_IT                   0x08001a40   Section        0  stm32f1xx_hal_tim.o(i.HAL_TIM_Base_Stop_IT)
    i.HAL_TIM_ConfigClockSource              0x08001a70   Section        0  stm32f1xx_hal_tim.o(i.HAL_TIM_ConfigClockSource)
    i.HAL_TIM_IC_CaptureCallback             0x08001b4c   Section        0  stm32f1xx_hal_tim.o(i.HAL_TIM_IC_CaptureCallback)
    i.HAL_TIM_IRQHandler                     0x08001b4e   Section        0  stm32f1xx_hal_tim.o(i.HAL_TIM_IRQHandler)
    i.HAL_TIM_OC_DelayElapsedCallback        0x08001c7e   Section        0  stm32f1xx_hal_tim.o(i.HAL_TIM_OC_DelayElapsedCallback)
    i.HAL_TIM_PWM_PulseFinishedCallback      0x08001c80   Section        0  stm32f1xx_hal_tim.o(i.HAL_TIM_PWM_PulseFinishedCallback)
    i.HAL_TIM_PeriodElapsedCallback          0x08001c82   Section        0  tim.o(i.HAL_TIM_PeriodElapsedCallback)
    i.HAL_TIM_TriggerCallback                0x08001c88   Section        0  stm32f1xx_hal_tim.o(i.HAL_TIM_TriggerCallback)
    i.HardFault_Handler                      0x08001c8a   Section        0  stm32f1xx_it.o(i.HardFault_Handler)
    i.IntToUnicode                           0x08001c8c   Section        0  usbd_desc.o(i.IntToUnicode)
    IntToUnicode                             0x08001c8d   Thumb Code    56  usbd_desc.o(i.IntToUnicode)
    i.MX_GPIO_Init                           0x08001cc4   Section        0  gpio.o(i.MX_GPIO_Init)
    i.MX_TIM2_Init                           0x08001dbc   Section        0  tim.o(i.MX_TIM2_Init)
    i.MX_TIM3_Init                           0x08001dcc   Section        0  tim.o(i.MX_TIM3_Init)
    i.MX_TIM_CommonInit                      0x08001ddc   Section        0  tim.o(i.MX_TIM_CommonInit)
    MX_TIM_CommonInit                        0x08001ddd   Thumb Code    94  tim.o(i.MX_TIM_CommonInit)
    i.MX_USART1_Init                         0x08001e3c   Section        0  main.o(i.MX_USART1_Init)
    MX_USART1_Init                           0x08001e3d   Thumb Code   126  main.o(i.MX_USART1_Init)
    i.MX_USB_DEVICE_Init                     0x08001ec8   Section        0  usb_device.o(i.MX_USB_DEVICE_Init)
    i.MemManage_Handler                      0x08001f0c   Section        0  stm32f1xx_it.o(i.MemManage_Handler)
    i.NMI_Handler                            0x08001f0e   Section        0  stm32f1xx_it.o(i.NMI_Handler)
    i.PCD_EP_ISR_Handler                     0x08001f10   Section        0  stm32f1xx_hal_pcd.o(i.PCD_EP_ISR_Handler)
    PCD_EP_ISR_Handler                       0x08001f11   Thumb Code   934  stm32f1xx_hal_pcd.o(i.PCD_EP_ISR_Handler)
    i.PendSV_Handler                         0x080022b6   Section        0  stm32f1xx_it.o(i.PendSV_Handler)
    i.Process_Frame                          0x080022b8   Section        0  main.o(i.Process_Frame)
    Process_Frame                            0x080022b9   Thumb Code   296  main.o(i.Process_Frame)
    i.Protocol_ReceiveByte                   0x080023ec   Section        0  main.o(i.Protocol_ReceiveByte)
    i.ReadU32                                0x08002480   Section        0  main.o(i.ReadU32)
    ReadU32                                  0x08002481   Thumb Code    16  main.o(i.ReadU32)
    i.Read_SensorState                       0x08002490   Section        0  main.o(i.Read_SensorState)
    Read_SensorState                         0x08002491   Thumb Code    28  main.o(i.Read_SensorState)
    i.SVC_Handler                            0x080024b0   Section        0  stm32f1xx_it.o(i.SVC_Handler)
    i.Send_AxisState                         0x080024b4   Section        0  main.o(i.Send_AxisState)
    Send_AxisState                           0x080024b5   Thumb Code    28  main.o(i.Send_AxisState)
    i.Send_OneSensorState                    0x080024d4   Section        0  main.o(i.Send_OneSensorState)
    Send_OneSensorState                      0x080024d5   Thumb Code    22  main.o(i.Send_OneSensorState)
    i.Send_Status                            0x080024ea   Section        0  main.o(i.Send_Status)
    Send_Status                              0x080024eb   Thumb Code    54  main.o(i.Send_Status)
    i.Stepper_TimerElapsed                   0x08002520   Section        0  main.o(i.Stepper_TimerElapsed)
    i.SysTick_Handler                        0x08002614   Section        0  stm32f1xx_it.o(i.SysTick_Handler)
    i.SystemClock_Config                     0x08002618   Section        0  main.o(i.SystemClock_Config)
    i.SystemInit                             0x08002690   Section        0  system_stm32f1xx.o(i.SystemInit)
    i.TIM2_IRQHandler                        0x08002694   Section        0  stm32f1xx_it.o(i.TIM2_IRQHandler)
    i.TIM3_IRQHandler                        0x080026a0   Section        0  stm32f1xx_it.o(i.TIM3_IRQHandler)
    i.TIM_Base_SetConfig                     0x080026ac   Section        0  stm32f1xx_hal_tim.o(i.TIM_Base_SetConfig)
    i.TIM_ETR_SetConfig                      0x08002748   Section        0  stm32f1xx_hal_tim.o(i.TIM_ETR_SetConfig)
    i.TIM_ITRx_SetConfig                     0x0800275c   Section        0  stm32f1xx_hal_tim.o(i.TIM_ITRx_SetConfig)
    TIM_ITRx_SetConfig                       0x0800275d   Thumb Code    16  stm32f1xx_hal_tim.o(i.TIM_ITRx_SetConfig)
    i.TIM_TI1_ConfigInputStage               0x0800276c   Section        0  stm32f1xx_hal_tim.o(i.TIM_TI1_ConfigInputStage)
    TIM_TI1_ConfigInputStage                 0x0800276d   Thumb Code    34  stm32f1xx_hal_tim.o(i.TIM_TI1_ConfigInputStage)
    i.TIM_TI2_ConfigInputStage               0x0800278e   Section        0  stm32f1xx_hal_tim.o(i.TIM_TI2_ConfigInputStage)
    TIM_TI2_ConfigInputStage                 0x0800278f   Thumb Code    36  stm32f1xx_hal_tim.o(i.TIM_TI2_ConfigInputStage)
    i.USART1_CommandIRQ                      0x080027b4   Section        0  main.o(i.USART1_CommandIRQ)
    i.USART1_IRQHandler                      0x080027d0   Section        0  stm32f1xx_it.o(i.USART1_IRQHandler)
    i.USART1_SendFrame                       0x080027d4   Section        0  main.o(i.USART1_SendFrame)
    USART1_SendFrame                         0x080027d5   Thumb Code   116  main.o(i.USART1_SendFrame)
    i.USBD_CDC_DataIn                        0x0800284c   Section        0  usbd_cdc.o(i.USBD_CDC_DataIn)
    USBD_CDC_DataIn                          0x0800284d   Thumb Code    70  usbd_cdc.o(i.USBD_CDC_DataIn)
    i.USBD_CDC_DataOut                       0x08002892   Section        0  usbd_cdc.o(i.USBD_CDC_DataOut)
    USBD_CDC_DataOut                         0x08002893   Thumb Code    46  usbd_cdc.o(i.USBD_CDC_DataOut)
    i.USBD_CDC_DeInit                        0x080028c0   Section        0  usbd_cdc.o(i.USBD_CDC_DeInit)
    USBD_CDC_DeInit                          0x080028c1   Thumb Code    68  usbd_cdc.o(i.USBD_CDC_DeInit)
    i.USBD_CDC_EP0_RxReady                   0x08002904   Section        0  usbd_cdc.o(i.USBD_CDC_EP0_RxReady)
    USBD_CDC_EP0_RxReady                     0x08002905   Thumb Code    36  usbd_cdc.o(i.USBD_CDC_EP0_RxReady)
    i.USBD_CDC_GetDeviceQualifierDescriptor  0x08002928   Section        0  usbd_cdc.o(i.USBD_CDC_GetDeviceQualifierDescriptor)
    i.USBD_CDC_GetFSCfgDesc                  0x08002934   Section        0  usbd_cdc.o(i.USBD_CDC_GetFSCfgDesc)
    USBD_CDC_GetFSCfgDesc                    0x08002935   Thumb Code     8  usbd_cdc.o(i.USBD_CDC_GetFSCfgDesc)
    i.USBD_CDC_GetHSCfgDesc                  0x08002940   Section        0  usbd_cdc.o(i.USBD_CDC_GetHSCfgDesc)
    USBD_CDC_GetHSCfgDesc                    0x08002941   Thumb Code     8  usbd_cdc.o(i.USBD_CDC_GetHSCfgDesc)
    i.USBD_CDC_GetOtherSpeedCfgDesc          0x0800294c   Section        0  usbd_cdc.o(i.USBD_CDC_GetOtherSpeedCfgDesc)
    USBD_CDC_GetOtherSpeedCfgDesc            0x0800294d   Thumb Code     8  usbd_cdc.o(i.USBD_CDC_GetOtherSpeedCfgDesc)
    i.USBD_CDC_Init                          0x08002958   Section        0  usbd_cdc.o(i.USBD_CDC_Init)
    USBD_CDC_Init                            0x08002959   Thumb Code   148  usbd_cdc.o(i.USBD_CDC_Init)
    i.USBD_CDC_ReceivePacket                 0x080029ec   Section        0  usbd_cdc.o(i.USBD_CDC_ReceivePacket)
    i.USBD_CDC_RegisterInterface             0x08002a14   Section        0  usbd_cdc.o(i.USBD_CDC_RegisterInterface)
    i.USBD_CDC_SetRxBuffer                   0x08002a24   Section        0  usbd_cdc.o(i.USBD_CDC_SetRxBuffer)
    i.USBD_CDC_SetTxBuffer                   0x08002a30   Section        0  usbd_cdc.o(i.USBD_CDC_SetTxBuffer)
    i.USBD_CDC_Setup                         0x08002a40   Section        0  usbd_cdc.o(i.USBD_CDC_Setup)
    USBD_CDC_Setup                           0x08002a41   Thumb Code   172  usbd_cdc.o(i.USBD_CDC_Setup)
    i.USBD_CDC_TransmitPacket                0x08002aec   Section        0  usbd_cdc.o(i.USBD_CDC_TransmitPacket)
    i.USBD_ClrClassConfig                    0x08002b22   Section        0  usbd_core.o(i.USBD_ClrClassConfig)
    i.USBD_CtlContinueRx                     0x08002b30   Section        0  usbd_ioreq.o(i.USBD_CtlContinueRx)
    i.USBD_CtlContinueSendData               0x08002b40   Section        0  usbd_ioreq.o(i.USBD_CtlContinueSendData)
    i.USBD_CtlError                          0x08002b50   Section        0  usbd_ctlreq.o(i.USBD_CtlError)
    i.USBD_CtlPrepareRx                      0x08002b66   Section        0  usbd_ioreq.o(i.USBD_CtlPrepareRx)
    i.USBD_CtlReceiveStatus                  0x08002b84   Section        0  usbd_ioreq.o(i.USBD_CtlReceiveStatus)
    i.USBD_CtlSendData                       0x08002b9a   Section        0  usbd_ioreq.o(i.USBD_CtlSendData)
    i.USBD_CtlSendStatus                     0x08002bb4   Section        0  usbd_ioreq.o(i.USBD_CtlSendStatus)
    i.USBD_GetDescriptor                     0x08002bca   Section        0  usbd_ctlreq.o(i.USBD_GetDescriptor)
    USBD_GetDescriptor                       0x08002bcb   Thumb Code   232  usbd_ctlreq.o(i.USBD_GetDescriptor)
    i.USBD_GetString                         0x08002cb2   Section        0  usbd_ctlreq.o(i.USBD_GetString)
    i.USBD_Init                              0x08002cfa   Section        0  usbd_core.o(i.USBD_Init)
    i.USBD_LL_ClearStallEP                   0x08002d24   Section        0  usbd_conf.o(i.USBD_LL_ClearStallEP)
    i.USBD_LL_CloseEP                        0x08002d32   Section        0  usbd_conf.o(i.USBD_LL_CloseEP)
    i.USBD_LL_DataInStage                    0x08002d40   Section        0  usbd_core.o(i.USBD_LL_DataInStage)
    i.USBD_LL_DataOutStage                   0x08002e06   Section        0  usbd_core.o(i.USBD_LL_DataOutStage)
    i.USBD_LL_GetRxDataSize                  0x08002e88   Section        0  usbd_conf.o(i.USBD_LL_GetRxDataSize)
    i.USBD_LL_Init                           0x08002e90   Section        0  usbd_conf.o(i.USBD_LL_Init)
    i.USBD_LL_IsStallEP                      0x08002f04   Section        0  usbd_conf.o(i.USBD_LL_IsStallEP)
    i.USBD_LL_OpenEP                         0x08002f22   Section        0  usbd_conf.o(i.USBD_LL_OpenEP)
    i.USBD_LL_PrepareReceive                 0x08002f36   Section        0  usbd_conf.o(i.USBD_LL_PrepareReceive)
    i.USBD_LL_Reset                          0x08002f44   Section        0  usbd_core.o(i.USBD_LL_Reset)
    i.USBD_LL_Resume                         0x08002f94   Section        0  usbd_core.o(i.USBD_LL_Resume)
    i.USBD_LL_SOF                            0x08002fa8   Section        0  usbd_core.o(i.USBD_LL_SOF)
    i.USBD_LL_SetSpeed                       0x08002fc0   Section        0  usbd_core.o(i.USBD_LL_SetSpeed)
    i.USBD_LL_SetUSBAddress                  0x08002fc6   Section        0  usbd_conf.o(i.USBD_LL_SetUSBAddress)
    i.USBD_LL_SetupStage                     0x08002fd4   Section        0  usbd_core.o(i.USBD_LL_SetupStage)
    i.USBD_LL_StallEP                        0x0800302e   Section        0  usbd_conf.o(i.USBD_LL_StallEP)
    i.USBD_LL_Start                          0x0800303c   Section        0  usbd_conf.o(i.USBD_LL_Start)
    i.USBD_LL_Suspend                        0x0800304a   Section        0  usbd_core.o(i.USBD_LL_Suspend)
    i.USBD_LL_Transmit                       0x0800305c   Section        0  usbd_conf.o(i.USBD_LL_Transmit)
    i.USBD_ParseSetupRequest                 0x0800306a   Section        0  usbd_ctlreq.o(i.USBD_ParseSetupRequest)
    i.USBD_RegisterClass                     0x08003092   Section        0  usbd_core.o(i.USBD_RegisterClass)
    i.USBD_SetClassConfig                    0x080030a2   Section        0  usbd_core.o(i.USBD_SetClassConfig)
    i.USBD_SetConfig                         0x080030b8   Section        0  usbd_ctlreq.o(i.USBD_SetConfig)
    USBD_SetConfig                           0x080030b9   Thumb Code   128  usbd_ctlreq.o(i.USBD_SetConfig)
    i.USBD_Start                             0x0800313c   Section        0  usbd_core.o(i.USBD_Start)
    i.USBD_StdDevReq                         0x08003146   Section        0  usbd_ctlreq.o(i.USBD_StdDevReq)
    i.USBD_StdEPReq                          0x08003258   Section        0  usbd_ctlreq.o(i.USBD_StdEPReq)
    i.USBD_StdItfReq                         0x080033a8   Section        0  usbd_ctlreq.o(i.USBD_StdItfReq)
    i.USBD_VCP_ConfigStrDescriptor           0x080033f8   Section        0  usbd_desc.o(i.USBD_VCP_ConfigStrDescriptor)
    i.USBD_VCP_DeviceDescriptor              0x08003418   Section        0  usbd_desc.o(i.USBD_VCP_DeviceDescriptor)
    i.USBD_VCP_InterfaceStrDescriptor        0x08003424   Section        0  usbd_desc.o(i.USBD_VCP_InterfaceStrDescriptor)
    i.USBD_VCP_LangIDStrDescriptor           0x08003448   Section        0  usbd_desc.o(i.USBD_VCP_LangIDStrDescriptor)
    i.USBD_VCP_ManufacturerStrDescriptor     0x08003454   Section        0  usbd_desc.o(i.USBD_VCP_ManufacturerStrDescriptor)
    i.USBD_VCP_ProductStrDescriptor          0x08003478   Section        0  usbd_desc.o(i.USBD_VCP_ProductStrDescriptor)
    i.USBD_VCP_SerialStrDescriptor           0x080034a8   Section        0  usbd_desc.o(i.USBD_VCP_SerialStrDescriptor)
    i.USBD_static_free                       0x080034e0   Section        0  usbd_conf.o(i.USBD_static_free)
    i.USBD_static_malloc                     0x080034e4   Section        0  usbd_conf.o(i.USBD_static_malloc)
    i.USB_ActivateEndpoint                   0x080034ec   Section        0  stm32f1xx_ll_usb.o(i.USB_ActivateEndpoint)
    i.USB_CoreInit                           0x08003788   Section        0  stm32f1xx_ll_usb.o(i.USB_CoreInit)
    i.USB_DeactivateEndpoint                 0x0800378c   Section        0  stm32f1xx_ll_usb.o(i.USB_DeactivateEndpoint)
    i.USB_DevConnect                         0x0800389a   Section        0  stm32f1xx_ll_usb.o(i.USB_DevConnect)
    i.USB_DevDisconnect                      0x0800389e   Section        0  stm32f1xx_ll_usb.o(i.USB_DevDisconnect)
    i.USB_DevInit                            0x080038a2   Section        0  stm32f1xx_ll_usb.o(i.USB_DevInit)
    i.USB_DisableGlobalInt                   0x080038b4   Section        0  stm32f1xx_ll_usb.o(i.USB_DisableGlobalInt)
    i.USB_EP0_OutStart                       0x080038c2   Section        0  stm32f1xx_ll_usb.o(i.USB_EP0_OutStart)
    i.USB_EPClearStall                       0x080038c6   Section        0  stm32f1xx_ll_usb.o(i.USB_EPClearStall)
    i.USB_EPSetStall                         0x0800393e   Section        0  stm32f1xx_ll_usb.o(i.USB_EPSetStall)
    i.USB_EPStartXfer                        0x08003970   Section        0  stm32f1xx_ll_usb.o(i.USB_EPStartXfer)
    i.USB_EnableGlobalInt                    0x08003e52   Section        0  stm32f1xx_ll_usb.o(i.USB_EnableGlobalInt)
    i.USB_LP_CAN1_RX0_IRQHandler             0x08003e64   Section        0  stm32f1xx_it.o(i.USB_LP_CAN1_RX0_IRQHandler)
    i.USB_ReadInterrupts                     0x08003e70   Section        0  stm32f1xx_ll_usb.o(i.USB_ReadInterrupts)
    i.USB_ReadPMA                            0x08003e78   Section        0  stm32f1xx_ll_usb.o(i.USB_ReadPMA)
    i.USB_SetCurrentMode                     0x08003ea4   Section        0  stm32f1xx_ll_usb.o(i.USB_SetCurrentMode)
    i.USB_SetDevAddress                      0x08003ea8   Section        0  stm32f1xx_ll_usb.o(i.USB_SetDevAddress)
    i.USB_WritePMA                           0x08003eb4   Section        0  stm32f1xx_ll_usb.o(i.USB_WritePMA)
    i.UsageFault_Handler                     0x08003eda   Section        0  stm32f1xx_it.o(i.UsageFault_Handler)
    i.__NVIC_SetPriority                     0x08003edc   Section        0  stm32f1xx_hal_cortex.o(i.__NVIC_SetPriority)
    __NVIC_SetPriority                       0x08003edd   Thumb Code    32  stm32f1xx_hal_cortex.o(i.__NVIC_SetPriority)
    i.main                                   0x08003efc   Section        0  main.o(i.main)
    .constdata                               0x08003fbc   Section       18  stm32f1xx_hal_rcc.o(.constdata)
    aPredivFactorTable                       0x08003fbc   Data           2  stm32f1xx_hal_rcc.o(.constdata)
    aPLLMULFactorTable                       0x08003fbe   Data          16  stm32f1xx_hal_rcc.o(.constdata)
    .constdata                               0x08003fce   Section       16  system_stm32f1xx.o(.constdata)
    .constdata                               0x08003fde   Section        8  system_stm32f1xx.o(.constdata)
    .data                                    0x20000000   Section       12  main.o(.data)
    rx_state                                 0x20000000   Data           1  main.o(.data)
    rx_command                               0x20000001   Data           1  main.o(.data)
    rx_length                                0x20000002   Data           1  main.o(.data)
    rx_index                                 0x20000003   Data           1  main.o(.data)
    rx_crc                                   0x20000004   Data           1  main.o(.data)
    frame_ready                              0x20000005   Data           1  main.o(.data)
    sensor_last_state                        0x20000006   Data           2  main.o(.data)
    sensor_poll_tick                         0x20000008   Data           4  main.o(.data)
    .data                                    0x2000000c   Section       12  stm32f1xx_hal.o(.data)
    .data                                    0x20000018   Section        4  system_stm32f1xx.o(.data)
    .data                                    0x2000001c   Section        8  usbd_cdc_if.o(.data)
    LineCoding                               0x2000001c   Data           8  usbd_cdc_if.o(.data)
    .data                                    0x20000024   Section       16  usbd_cdc_if.o(.data)
    .data                                    0x20000034   Section       28  usbd_desc.o(.data)
    .data                                    0x20000050   Section       50  usbd_desc.o(.data)
    .data                                    0x20000082   Section        1  usbd_ctlreq.o(.data)
    cfgidx                                   0x20000082   Data           1  usbd_ctlreq.o(.data)
    .data                                    0x20000084   Section      215  usbd_cdc.o(.data)
    USBD_CDC_DeviceQualifierDesc             0x20000084   Data          10  usbd_cdc.o(.data)
    .data                                    0x2000015c   Section       56  usbd_cdc.o(.data)
    .bss                                     0x20000194   Section       52  main.o(.bss)
    rx_payload                               0x20000194   Data          24  main.o(.bss)
    .bss                                     0x200001c8   Section      144  tim.o(.bss)
    .bss                                     0x20000258   Section      708  usb_device.o(.bss)
    .bss                                     0x2000051c   Section      128  usbd_cdc_if.o(.bss)
    UserRxBuffer                             0x2000051c   Data          64  usbd_cdc_if.o(.bss)
    UserTxBuffer                             0x2000055c   Data          64  usbd_cdc_if.o(.bss)
    .bss                                     0x2000059c   Section     1288  usbd_conf.o(.bss)
    mem                                      0x2000059c   Data         560  usbd_conf.o(.bss)
    .bss                                     0x20000aa4   Section      256  usbd_desc.o(.bss)
    .bss                                     0x20000ba4   Section       96  libspace.o(.bss)
    HEAP                                     0x20000c08   Section      512  startup_stm32f103xe.o(HEAP)
    Heap_Mem                                 0x20000c08   Data         512  startup_stm32f103xe.o(HEAP)
    STACK                                    0x20000e08   Section     1024  startup_stm32f103xe.o(STACK)
    Stack_Mem                                0x20000e08   Data        1024  startup_stm32f103xe.o(STACK)
    __initial_sp                             0x20001208   Data           0  startup_stm32f103xe.o(STACK)

    Global Symbols

    Symbol Name                              Value     Ov Type        Size  Object(Section)

    BuildAttributes$$THM_ISAv4$P$D$K$B$S$PE$A:L22UL41UL21$X:L11$S22US41US21$IEEE1$IW$USESV6$~STKCKD$USESV7$~SHL$OSPACE$ROPI$EBA8$UX$STANDARDLIB$REQ8$PRES8$EABIv2 0x00000000   Number         0  anon$$obj.o ABSOLUTE
    __ARM_use_no_argv                        0x00000000   Number         0  main.o ABSOLUTE
    __ARM_exceptions_init                     - Undefined Weak Reference
    __alloca_initialize                       - Undefined Weak Reference
    __arm_fini_                               - Undefined Weak Reference
    __arm_preinit_                            - Undefined Weak Reference
    __cpp_initialize__aeabi_                  - Undefined Weak Reference
    __cxa_finalize                            - Undefined Weak Reference
    __rt_locale                               - Undefined Weak Reference
    __sigvec_lookup                           - Undefined Weak Reference
    _atexit_init                              - Undefined Weak Reference
    _call_atexit_fns                          - Undefined Weak Reference
    _clock_init                               - Undefined Weak Reference
    _fp_trap_init                             - Undefined Weak Reference
    _fp_trap_shutdown                         - Undefined Weak Reference
    _get_lc_collate                           - Undefined Weak Reference
    _get_lc_ctype                             - Undefined Weak Reference
    _get_lc_monetary                          - Undefined Weak Reference
    _get_lc_numeric                           - Undefined Weak Reference
    _get_lc_time                              - Undefined Weak Reference
    _getenv_init                              - Undefined Weak Reference
    _handle_redirection                       - Undefined Weak Reference
    _init_alloc                               - Undefined Weak Reference
    _init_user_alloc                          - Undefined Weak Reference
    _initio                                   - Undefined Weak Reference
    _rand_init                                - Undefined Weak Reference
    _signal_finish                            - Undefined Weak Reference
    _signal_init                              - Undefined Weak Reference
    _terminate_alloc                          - Undefined Weak Reference
    _terminate_user_alloc                     - Undefined Weak Reference
    _terminateio                              - Undefined Weak Reference
    __Vectors_Size                           0x00000130   Number         0  startup_stm32f103xe.o ABSOLUTE
    __Vectors                                0x08000000   Data           4  startup_stm32f103xe.o(RESET)
    __Vectors_End                            0x08000130   Data           0  startup_stm32f103xe.o(RESET)
    __main                                   0x08000131   Thumb Code     8  __main.o(!!!main)
    __scatterload                            0x08000139   Thumb Code     0  __scatter.o(!!!scatter)
    __scatterload_rt2                        0x08000139   Thumb Code    44  __scatter.o(!!!scatter)
    __scatterload_rt2_thumb_only             0x08000139   Thumb Code     0  __scatter.o(!!!scatter)
    __scatterload_null                       0x08000147   Thumb Code     0  __scatter.o(!!!scatter)
    __decompress                             0x0800016d   Thumb Code    90  __dczerorl2.o(!!dczerorl2)
    __decompress1                            0x0800016d   Thumb Code     0  __dczerorl2.o(!!dczerorl2)
    __scatterload_zeroinit                   0x080001c9   Thumb Code    28  __scatter_zi.o(!!handler_zi)
    __rt_lib_init                            0x080001e5   Thumb Code     0  libinit.o(.ARM.Collect$$libinit$$00000000)
    __rt_lib_init_alloca_1                   0x080001e7   Thumb Code     0  libinit2.o(.ARM.Collect$$libinit$$0000002E)
    __rt_lib_init_argv_1                     0x080001e7   Thumb Code     0  libinit2.o(.ARM.Collect$$libinit$$0000002C)
    __rt_lib_init_atexit_1                   0x080001e7   Thumb Code     0  libinit2.o(.ARM.Collect$$libinit$$0000001B)
    __rt_lib_init_clock_1                    0x080001e7   Thumb Code     0  libinit2.o(.ARM.Collect$$libinit$$00000021)
    __rt_lib_init_cpp_1                      0x080001e7   Thumb Code     0  libinit2.o(.ARM.Collect$$libinit$$00000032)
    __rt_lib_init_exceptions_1               0x080001e7   Thumb Code     0  libinit2.o(.ARM.Collect$$libinit$$00000030)
    __rt_lib_init_fp_1                       0x080001e7   Thumb Code     0  libinit2.o(.ARM.Collect$$libinit$$00000002)
    __rt_lib_init_fp_trap_1                  0x080001e7   Thumb Code     0  libinit2.o(.ARM.Collect$$libinit$$0000001F)
    __rt_lib_init_getenv_1                   0x080001e7   Thumb Code     0  libinit2.o(.ARM.Collect$$libinit$$00000023)
    __rt_lib_init_heap_1                     0x080001e7   Thumb Code     0  libinit2.o(.ARM.Collect$$libinit$$0000000A)
    __rt_lib_init_lc_collate_1               0x080001e7   Thumb Code     0  libinit2.o(.ARM.Collect$$libinit$$00000011)
    __rt_lib_init_lc_ctype_1                 0x080001e7   Thumb Code     0  libinit2.o(.ARM.Collect$$libinit$$00000013)
    __rt_lib_init_lc_monetary_1              0x080001e7   Thumb Code     0  libinit2.o(.ARM.Collect$$libinit$$00000015)
    __rt_lib_init_lc_numeric_1               0x080001e7   Thumb Code     0  libinit2.o(.ARM.Collect$$libinit$$00000017)
    __rt_lib_init_lc_time_1                  0x080001e7   Thumb Code     0  libinit2.o(.ARM.Collect$$libinit$$00000019)
    __rt_lib_init_preinit_1                  0x080001e7   Thumb Code     0  libinit2.o(.ARM.Collect$$libinit$$00000004)
    __rt_lib_init_rand_1                     0x080001e7   Thumb Code     0  libinit2.o(.ARM.Collect$$libinit$$0000000E)
    __rt_lib_init_return                     0x080001e7   Thumb Code     0  libinit2.o(.ARM.Collect$$libinit$$00000033)
    __rt_lib_init_signal_1                   0x080001e7   Thumb Code     0  libinit2.o(.ARM.Collect$$libinit$$0000001D)
    __rt_lib_init_stdio_1                    0x080001e7   Thumb Code     0  libinit2.o(.ARM.Collect$$libinit$$00000025)
    __rt_lib_init_user_alloc_1               0x080001e7   Thumb Code     0  libinit2.o(.ARM.Collect$$libinit$$0000000C)
    __rt_lib_shutdown                        0x080001e9   Thumb Code     0  libshutdown.o(.ARM.Collect$$libshutdown$$00000000)
    __rt_lib_shutdown_cpp_1                  0x080001eb   Thumb Code     0  libshutdown2.o(.ARM.Collect$$libshutdown$$00000004)
    __rt_lib_shutdown_fini_1                 0x080001eb   Thumb Code     0  libshutdown2.o(.ARM.Collect$$libshutdown$$00000002)
    __rt_lib_shutdown_fp_trap_1              0x080001eb   Thumb Code     0  libshutdown2.o(.ARM.Collect$$libshutdown$$00000009)
    __rt_lib_shutdown_heap_1                 0x080001eb   Thumb Code     0  libshutdown2.o(.ARM.Collect$$libshutdown$$00000011)
    __rt_lib_shutdown_return                 0x080001eb   Thumb Code     0  libshutdown2.o(.ARM.Collect$$libshutdown$$00000012)
    __rt_lib_shutdown_signal_1               0x080001eb   Thumb Code     0  libshutdown2.o(.ARM.Collect$$libshutdown$$0000000C)
    __rt_lib_shutdown_stdio_1                0x080001eb   Thumb Code     0  libshutdown2.o(.ARM.Collect$$libshutdown$$00000006)
    __rt_lib_shutdown_user_alloc_1           0x080001eb   Thumb Code     0  libshutdown2.o(.ARM.Collect$$libshutdown$$0000000E)
    __rt_entry                               0x080001ed   Thumb Code     0  __rtentry.o(.ARM.Collect$$rtentry$$00000000)
    __rt_entry_presh_1                       0x080001ed   Thumb Code     0  __rtentry2.o(.ARM.Collect$$rtentry$$00000002)
    __rt_entry_sh                            0x080001ed   Thumb Code     0  __rtentry4.o(.ARM.Collect$$rtentry$$00000004)
    __rt_entry_li                            0x080001f3   Thumb Code     0  __rtentry2.o(.ARM.Collect$$rtentry$$0000000A)
    __rt_entry_postsh_1                      0x080001f3   Thumb Code     0  __rtentry2.o(.ARM.Collect$$rtentry$$00000009)
    __rt_entry_main                          0x080001f7   Thumb Code     0  __rtentry2.o(.ARM.Collect$$rtentry$$0000000D)
    __rt_entry_postli_1                      0x080001f7   Thumb Code     0  __rtentry2.o(.ARM.Collect$$rtentry$$0000000C)
    __rt_exit                                0x080001ff   Thumb Code     0  rtexit.o(.ARM.Collect$$rtexit$$00000000)
    __rt_exit_ls                             0x08000201   Thumb Code     0  rtexit2.o(.ARM.Collect$$rtexit$$00000003)
    __rt_exit_prels_1                        0x08000201   Thumb Code     0  rtexit2.o(.ARM.Collect$$rtexit$$00000002)
    __rt_exit_exit                           0x08000205   Thumb Code     0  rtexit2.o(.ARM.Collect$$rtexit$$00000004)
    Reset_Handler                            0x0800020d   Thumb Code     8  startup_stm32f103xe.o(.text)
    ADC1_2_IRQHandler                        0x08000227   Thumb Code     0  startup_stm32f103xe.o(.text)
    ADC3_IRQHandler                          0x08000227   Thumb Code     0  startup_stm32f103xe.o(.text)
    CAN1_RX1_IRQHandler                      0x08000227   Thumb Code     0  startup_stm32f103xe.o(.text)
    CAN1_SCE_IRQHandler                      0x08000227   Thumb Code     0  startup_stm32f103xe.o(.text)
    DMA1_Channel1_IRQHandler                 0x08000227   Thumb Code     0  startup_stm32f103xe.o(.text)
    DMA1_Channel2_IRQHandler                 0x08000227   Thumb Code     0  startup_stm32f103xe.o(.text)
    DMA1_Channel3_IRQHandler                 0x08000227   Thumb Code     0  startup_stm32f103xe.o(.text)
    DMA1_Channel4_IRQHandler                 0x08000227   Thumb Code     0  startup_stm32f103xe.o(.text)
    DMA1_Channel5_IRQHandler                 0x08000227   Thumb Code     0  startup_stm32f103xe.o(.text)
    DMA1_Channel6_IRQHandler                 0x08000227   Thumb Code     0  startup_stm32f103xe.o(.text)
    DMA1_Channel7_IRQHandler                 0x08000227   Thumb Code     0  startup_stm32f103xe.o(.text)
    DMA2_Channel1_IRQHandler                 0x08000227   Thumb Code     0  startup_stm32f103xe.o(.text)
    DMA2_Channel2_IRQHandler                 0x08000227   Thumb Code     0  startup_stm32f103xe.o(.text)
    DMA2_Channel3_IRQHandler                 0x08000227   Thumb Code     0  startup_stm32f103xe.o(.text)
    DMA2_Channel4_5_IRQHandler               0x08000227   Thumb Code     0  startup_stm32f103xe.o(.text)
    EXTI0_IRQHandler                         0x08000227   Thumb Code     0  startup_stm32f103xe.o(.text)
    EXTI15_10_IRQHandler                     0x08000227   Thumb Code     0  startup_stm32f103xe.o(.text)
    EXTI1_IRQHandler                         0x08000227   Thumb Code     0  startup_stm32f103xe.o(.text)
    EXTI2_IRQHandler                         0x08000227   Thumb Code     0  startup_stm32f103xe.o(.text)
    EXTI3_IRQHandler                         0x08000227   Thumb Code     0  startup_stm32f103xe.o(.text)
    EXTI4_IRQHandler                         0x08000227   Thumb Code     0  startup_stm32f103xe.o(.text)
    EXTI9_5_IRQHandler                       0x08000227   Thumb Code     0  startup_stm32f103xe.o(.text)
    FLASH_IRQHandler                         0x08000227   Thumb Code     0  startup_stm32f103xe.o(.text)
    FSMC_IRQHandler                          0x08000227   Thumb Code     0  startup_stm32f103xe.o(.text)
    I2C1_ER_IRQHandler                       0x08000227   Thumb Code     0  startup_stm32f103xe.o(.text)
    I2C1_EV_IRQHandler                       0x08000227   Thumb Code     0  startup_stm32f103xe.o(.text)
    I2C2_ER_IRQHandler                       0x08000227   Thumb Code     0  startup_stm32f103xe.o(.text)
    I2C2_EV_IRQHandler                       0x08000227   Thumb Code     0  startup_stm32f103xe.o(.text)
    PVD_IRQHandler                           0x08000227   Thumb Code     0  startup_stm32f103xe.o(.text)
    RCC_IRQHandler                           0x08000227   Thumb Code     0  startup_stm32f103xe.o(.text)
    RTC_Alarm_IRQHandler                     0x08000227   Thumb Code     0  startup_stm32f103xe.o(.text)
    RTC_IRQHandler                           0x08000227   Thumb Code     0  startup_stm32f103xe.o(.text)
    SDIO_IRQHandler                          0x08000227   Thumb Code     0  startup_stm32f103xe.o(.text)
    SPI1_IRQHandler                          0x08000227   Thumb Code     0  startup_stm32f103xe.o(.text)
    SPI2_IRQHandler                          0x08000227   Thumb Code     0  startup_stm32f103xe.o(.text)
    SPI3_IRQHandler                          0x08000227   Thumb Code     0  startup_stm32f103xe.o(.text)
    TAMPER_IRQHandler                        0x08000227   Thumb Code     0  startup_stm32f103xe.o(.text)
    TIM1_BRK_IRQHandler                      0x08000227   Thumb Code     0  startup_stm32f103xe.o(.text)
    TIM1_CC_IRQHandler                       0x08000227   Thumb Code     0  startup_stm32f103xe.o(.text)
    TIM1_TRG_COM_IRQHandler                  0x08000227   Thumb Code     0  startup_stm32f103xe.o(.text)
    TIM1_UP_IRQHandler                       0x08000227   Thumb Code     0  startup_stm32f103xe.o(.text)
    TIM4_IRQHandler                          0x08000227   Thumb Code     0  startup_stm32f103xe.o(.text)
    TIM5_IRQHandler                          0x08000227   Thumb Code     0  startup_stm32f103xe.o(.text)
    TIM6_IRQHandler                          0x08000227   Thumb Code     0  startup_stm32f103xe.o(.text)
    TIM7_IRQHandler                          0x08000227   Thumb Code     0  startup_stm32f103xe.o(.text)
    TIM8_BRK_IRQHandler                      0x08000227   Thumb Code     0  startup_stm32f103xe.o(.text)
    TIM8_CC_IRQHandler                       0x08000227   Thumb Code     0  startup_stm32f103xe.o(.text)
    TIM8_TRG_COM_IRQHandler                  0x08000227   Thumb Code     0  startup_stm32f103xe.o(.text)
    TIM8_UP_IRQHandler                       0x08000227   Thumb Code     0  startup_stm32f103xe.o(.text)
    UART4_IRQHandler                         0x08000227   Thumb Code     0  startup_stm32f103xe.o(.text)
    UART5_IRQHandler                         0x08000227   Thumb Code     0  startup_stm32f103xe.o(.text)
    USART2_IRQHandler                        0x08000227   Thumb Code     0  startup_stm32f103xe.o(.text)
    USART3_IRQHandler                        0x08000227   Thumb Code     0  startup_stm32f103xe.o(.text)
    USBWakeUp_IRQHandler                     0x08000227   Thumb Code     0  startup_stm32f103xe.o(.text)
    USB_HP_CAN1_TX_IRQHandler                0x08000227   Thumb Code     0  startup_stm32f103xe.o(.text)
    WWDG_IRQHandler                          0x08000227   Thumb Code     0  startup_stm32f103xe.o(.text)
    __user_initial_stackheap                 0x08000229   Thumb Code     0  startup_stm32f103xe.o(.text)
    __aeabi_memcpy                           0x0800024d   Thumb Code     0  rt_memcpy_v6.o(.text)
    __rt_memcpy                              0x0800024d   Thumb Code   138  rt_memcpy_v6.o(.text)
    _memcpy_lastbytes                        0x080002b3   Thumb Code     0  rt_memcpy_v6.o(.text)
    __aeabi_memclr4                          0x080002d7   Thumb Code     0  rt_memclr_w.o(.text)
    __aeabi_memclr8                          0x080002d7   Thumb Code     0  rt_memclr_w.o(.text)
    __rt_memclr_w                            0x080002d7   Thumb Code    78  rt_memclr_w.o(.text)
    _memset_w                                0x080002db   Thumb Code     0  rt_memclr_w.o(.text)
    __use_two_region_memory                  0x08000325   Thumb Code     2  heapauxi.o(.text)
    __rt_heap_escrow$2region                 0x08000327   Thumb Code     2  heapauxi.o(.text)
    __rt_heap_expand$2region                 0x08000329   Thumb Code     2  heapauxi.o(.text)
    __aeabi_memcpy4                          0x0800032b   Thumb Code     0  rt_memcpy_w.o(.text)
    __aeabi_memcpy8                          0x0800032b   Thumb Code     0  rt_memcpy_w.o(.text)
    __rt_memcpy_w                            0x0800032b   Thumb Code   100  rt_memcpy_w.o(.text)
    _memcpy_lastbytes_aligned                0x08000373   Thumb Code     0  rt_memcpy_w.o(.text)
    __user_setup_stackheap                   0x0800038f   Thumb Code    74  sys_stackheap_outer.o(.text)
    exit                                     0x080003d9   Thumb Code    18  exit.o(.text)
    __user_libspace                          0x080003ed   Thumb Code     8  libspace.o(.text)
    __user_perproc_libspace                  0x080003ed   Thumb Code     0  libspace.o(.text)
    __user_perthread_libspace                0x080003ed   Thumb Code     0  libspace.o(.text)
    _sys_exit                                0x080003f5   Thumb Code     8  sys_exit.o(.text)
    __I$use$semihosting                      0x08000401   Thumb Code     0  use_no_semi.o(.text)
    __use_no_semihosting_swi                 0x08000401   Thumb Code     2  use_no_semi.o(.text)
    __semihosting_library_function           0x08000403   Thumb Code     0  indicate_semi.o(.text)
    BusFault_Handler                         0x08000531   Thumb Code     2  stm32f1xx_it.o(i.BusFault_Handler)
    CDC_Transmit_FS                          0x080005e1   Thumb Code    56  usbd_cdc_if.o(i.CDC_Transmit_FS)
    DebugMon_Handler                         0x0800063f   Thumb Code     2  stm32f1xx_it.o(i.DebugMon_Handler)
    Error_Handler                            0x08000641   Thumb Code     4  main.o(i.Error_Handler)
    HAL_GPIO_Init                            0x08000645   Thumb Code   462  stm32f1xx_hal_gpio.o(i.HAL_GPIO_Init)
    HAL_GPIO_ReadPin                         0x0800083d   Thumb Code    10  stm32f1xx_hal_gpio.o(i.HAL_GPIO_ReadPin)
    HAL_GPIO_WritePin                        0x08000847   Thumb Code    10  stm32f1xx_hal_gpio.o(i.HAL_GPIO_WritePin)
    HAL_GetTick                              0x08000851   Thumb Code     6  stm32f1xx_hal.o(i.HAL_GetTick)
    HAL_IncTick                              0x0800085d   Thumb Code    12  stm32f1xx_hal.o(i.HAL_IncTick)
    HAL_Init                                 0x0800086d   Thumb Code    32  stm32f1xx_hal.o(i.HAL_Init)
    HAL_InitTick                             0x08000891   Thumb Code    54  stm32f1xx_hal.o(i.HAL_InitTick)
    HAL_MspInit                              0x080008d1   Thumb Code    52  stm32f1xx_hal_msp.o(i.HAL_MspInit)
    HAL_NVIC_EnableIRQ                       0x0800090d   Thumb Code    26  stm32f1xx_hal_cortex.o(i.HAL_NVIC_EnableIRQ)
    HAL_NVIC_SetPriority                     0x08000929   Thumb Code    60  stm32f1xx_hal_cortex.o(i.HAL_NVIC_SetPriority)
    HAL_NVIC_SetPriorityGrouping             0x08000969   Thumb Code    26  stm32f1xx_hal_cortex.o(i.HAL_NVIC_SetPriorityGrouping)
    HAL_PCDEx_PMAConfig                      0x0800098d   Thumb Code    60  stm32f1xx_hal_pcd_ex.o(i.HAL_PCDEx_PMAConfig)
    HAL_PCDEx_SetConnectionState             0x080009c9   Thumb Code     2  usbd_conf.o(i.HAL_PCDEx_SetConnectionState)
    HAL_PCD_DataInStageCallback              0x080009cb   Thumb Code    18  usbd_conf.o(i.HAL_PCD_DataInStageCallback)
    HAL_PCD_DataOutStageCallback             0x080009dd   Thumb Code    20  usbd_conf.o(i.HAL_PCD_DataOutStageCallback)
    HAL_PCD_EP_Close                         0x080009f1   Thumb Code    74  stm32f1xx_hal_pcd.o(i.HAL_PCD_EP_Close)
    HAL_PCD_EP_ClrStall                      0x08000a3b   Thumb Code    90  stm32f1xx_hal_pcd.o(i.HAL_PCD_EP_ClrStall)
    HAL_PCD_EP_GetRxCount                    0x08000eb3   Thumb Code    18  stm32f1xx_hal_pcd.o(i.HAL_PCD_EP_GetRxCount)
    HAL_PCD_EP_Open                          0x08000ec5   Thumb Code    88  stm32f1xx_hal_pcd.o(i.HAL_PCD_EP_Open)
    HAL_PCD_EP_Receive                       0x08000f1d   Thumb Code    46  stm32f1xx_hal_pcd.o(i.HAL_PCD_EP_Receive)
    HAL_PCD_EP_SetStall                      0x08000f4b   Thumb Code   112  stm32f1xx_hal_pcd.o(i.HAL_PCD_EP_SetStall)
    HAL_PCD_EP_Transmit                      0x08000fbb   Thumb Code    46  stm32f1xx_hal_pcd.o(i.HAL_PCD_EP_Transmit)
    HAL_PCD_IRQHandler                       0x08000fe9   Thumb Code   308  stm32f1xx_hal_pcd.o(i.HAL_PCD_IRQHandler)
    HAL_PCD_Init                             0x0800111d   Thumb Code   186  stm32f1xx_hal_pcd.o(i.HAL_PCD_Init)
    HAL_PCD_MspInit                          0x080011d9   Thumb Code    84  usbd_conf.o(i.HAL_PCD_MspInit)
    HAL_PCD_ResetCallback                    0x08001235   Thumb Code    26  usbd_conf.o(i.HAL_PCD_ResetCallback)
    HAL_PCD_ResumeCallback                   0x0800124f   Thumb Code     8  usbd_conf.o(i.HAL_PCD_ResumeCallback)
    HAL_PCD_SOFCallback                      0x08001257   Thumb Code     8  usbd_conf.o(i.HAL_PCD_SOFCallback)
    HAL_PCD_SetAddress                       0x0800125f   Thumb Code    38  stm32f1xx_hal_pcd.o(i.HAL_PCD_SetAddress)
    HAL_PCD_SetupStageCallback               0x08001285   Thumb Code    14  usbd_conf.o(i.HAL_PCD_SetupStageCallback)
    HAL_PCD_Start                            0x08001293   Thumb Code    50  stm32f1xx_hal_pcd.o(i.HAL_PCD_Start)
    HAL_PCD_SuspendCallback                  0x080012c5   Thumb Code     8  usbd_conf.o(i.HAL_PCD_SuspendCallback)
    HAL_RCCEx_PeriphCLKConfig                0x080012cd   Thumb Code   224  stm32f1xx_hal_rcc_ex.o(i.HAL_RCCEx_PeriphCLKConfig)
    HAL_RCC_ClockConfig                      0x080013b9   Thumb Code   280  stm32f1xx_hal_rcc.o(i.HAL_RCC_ClockConfig)
    HAL_RCC_GetPCLK2Freq                     0x080014e5   Thumb Code    20  stm32f1xx_hal_rcc.o(i.HAL_RCC_GetPCLK2Freq)
    HAL_RCC_GetSysClockFreq                  0x08001505   Thumb Code    58  stm32f1xx_hal_rcc.o(i.HAL_RCC_GetSysClockFreq)
    HAL_RCC_OscConfig                        0x08001551   Thumb Code   778  stm32f1xx_hal_rcc.o(i.HAL_RCC_OscConfig)
    HAL_SYSTICK_Config                       0x08001871   Thumb Code    40  stm32f1xx_hal_cortex.o(i.HAL_SYSTICK_Config)
    HAL_TIMEx_BreakCallback                  0x08001899   Thumb Code     2  stm32f1xx_hal_tim_ex.o(i.HAL_TIMEx_BreakCallback)
    HAL_TIMEx_CommutCallback                 0x0800189b   Thumb Code     2  stm32f1xx_hal_tim_ex.o(i.HAL_TIMEx_CommutCallback)
    HAL_TIMEx_MasterConfigSynchronization    0x0800189d   Thumb Code   104  stm32f1xx_hal_tim_ex.o(i.HAL_TIMEx_MasterConfigSynchronization)
    HAL_TIM_Base_Init                        0x08001919   Thumb Code    90  stm32f1xx_hal_tim.o(i.HAL_TIM_Base_Init)
    HAL_TIM_Base_MspInit                     0x08001975   Thumb Code    86  tim.o(i.HAL_TIM_Base_MspInit)
    HAL_TIM_Base_Start_IT                    0x080019d5   Thumb Code    88  stm32f1xx_hal_tim.o(i.HAL_TIM_Base_Start_IT)
    HAL_TIM_Base_Stop_IT                     0x08001a41   Thumb Code    48  stm32f1xx_hal_tim.o(i.HAL_TIM_Base_Stop_IT)
    HAL_TIM_ConfigClockSource                0x08001a71   Thumb Code   220  stm32f1xx_hal_tim.o(i.HAL_TIM_ConfigClockSource)
    HAL_TIM_IC_CaptureCallback               0x08001b4d   Thumb Code     2  stm32f1xx_hal_tim.o(i.HAL_TIM_IC_CaptureCallback)
    HAL_TIM_IRQHandler                       0x08001b4f   Thumb Code   304  stm32f1xx_hal_tim.o(i.HAL_TIM_IRQHandler)
    HAL_TIM_OC_DelayElapsedCallback          0x08001c7f   Thumb Code     2  stm32f1xx_hal_tim.o(i.HAL_TIM_OC_DelayElapsedCallback)
    HAL_TIM_PWM_PulseFinishedCallback        0x08001c81   Thumb Code     2  stm32f1xx_hal_tim.o(i.HAL_TIM_PWM_PulseFinishedCallback)
    HAL_TIM_PeriodElapsedCallback            0x08001c83   Thumb Code     6  tim.o(i.HAL_TIM_PeriodElapsedCallback)
    HAL_TIM_TriggerCallback                  0x08001c89   Thumb Code     2  stm32f1xx_hal_tim.o(i.HAL_TIM_TriggerCallback)
    HardFault_Handler                        0x08001c8b   Thumb Code     2  stm32f1xx_it.o(i.HardFault_Handler)
    MX_GPIO_Init                             0x08001cc5   Thumb Code   224  gpio.o(i.MX_GPIO_Init)
    MX_TIM2_Init                             0x08001dbd   Thumb Code    10  tim.o(i.MX_TIM2_Init)
    MX_TIM3_Init                             0x08001dcd   Thumb Code     8  tim.o(i.MX_TIM3_Init)
    MX_USB_DEVICE_Init                       0x08001ec9   Thumb Code    52  usb_device.o(i.MX_USB_DEVICE_Init)
    MemManage_Handler                        0x08001f0d   Thumb Code     2  stm32f1xx_it.o(i.MemManage_Handler)
    NMI_Handler                              0x08001f0f   Thumb Code     2  stm32f1xx_it.o(i.NMI_Handler)
    PendSV_Handler                           0x080022b7   Thumb Code     2  stm32f1xx_it.o(i.PendSV_Handler)
    Protocol_ReceiveByte                     0x080023ed   Thumb Code   138  main.o(i.Protocol_ReceiveByte)
    SVC_Handler                              0x080024b1   Thumb Code     2  stm32f1xx_it.o(i.SVC_Handler)
    Stepper_TimerElapsed                     0x08002521   Thumb Code   222  main.o(i.Stepper_TimerElapsed)
    SysTick_Handler                          0x08002615   Thumb Code     4  stm32f1xx_it.o(i.SysTick_Handler)
    SystemClock_Config                       0x08002619   Thumb Code   120  main.o(i.SystemClock_Config)
    SystemInit                               0x08002691   Thumb Code     2  system_stm32f1xx.o(i.SystemInit)
    TIM2_IRQHandler                          0x08002695   Thumb Code     6  stm32f1xx_it.o(i.TIM2_IRQHandler)
    TIM3_IRQHandler                          0x080026a1   Thumb Code     6  stm32f1xx_it.o(i.TIM3_IRQHandler)
    TIM_Base_SetConfig                       0x080026ad   Thumb Code   134  stm32f1xx_hal_tim.o(i.TIM_Base_SetConfig)
    TIM_ETR_SetConfig                        0x08002749   Thumb Code    20  stm32f1xx_hal_tim.o(i.TIM_ETR_SetConfig)
    USART1_CommandIRQ                        0x080027b5   Thumb Code    22  main.o(i.USART1_CommandIRQ)
    USART1_IRQHandler                        0x080027d1   Thumb Code     4  stm32f1xx_it.o(i.USART1_IRQHandler)
    USBD_CDC_GetDeviceQualifierDescriptor    0x08002929   Thumb Code     8  usbd_cdc.o(i.USBD_CDC_GetDeviceQualifierDescriptor)
    USBD_CDC_ReceivePacket                   0x080029ed   Thumb Code    40  usbd_cdc.o(i.USBD_CDC_ReceivePacket)
    USBD_CDC_RegisterInterface               0x08002a15   Thumb Code    16  usbd_cdc.o(i.USBD_CDC_RegisterInterface)
    USBD_CDC_SetRxBuffer                     0x08002a25   Thumb Code    12  usbd_cdc.o(i.USBD_CDC_SetRxBuffer)
    USBD_CDC_SetTxBuffer                     0x08002a31   Thumb Code    16  usbd_cdc.o(i.USBD_CDC_SetTxBuffer)
    USBD_CDC_TransmitPacket                  0x08002aed   Thumb Code    54  usbd_cdc.o(i.USBD_CDC_TransmitPacket)
    USBD_ClrClassConfig                      0x08002b23   Thumb Code    14  usbd_core.o(i.USBD_ClrClassConfig)
    USBD_CtlContinueRx                       0x08002b31   Thumb Code    16  usbd_ioreq.o(i.USBD_CtlContinueRx)
    USBD_CtlContinueSendData                 0x08002b41   Thumb Code    16  usbd_ioreq.o(i.USBD_CtlContinueSendData)
    USBD_CtlError                            0x08002b51   Thumb Code    22  usbd_ctlreq.o(i.USBD_CtlError)
    USBD_CtlPrepareRx                        0x08002b67   Thumb Code    30  usbd_ioreq.o(i.USBD_CtlPrepareRx)
    USBD_CtlReceiveStatus                    0x08002b85   Thumb Code    22  usbd_ioreq.o(i.USBD_CtlReceiveStatus)
    USBD_CtlSendData                         0x08002b9b   Thumb Code    26  usbd_ioreq.o(i.USBD_CtlSendData)
    USBD_CtlSendStatus                       0x08002bb5   Thumb Code    22  usbd_ioreq.o(i.USBD_CtlSendStatus)
    USBD_GetString                           0x08002cb3   Thumb Code    72  usbd_ctlreq.o(i.USBD_GetString)
    USBD_Init                                0x08002cfb   Thumb Code    42  usbd_core.o(i.USBD_Init)
    USBD_LL_ClearStallEP                     0x08002d25   Thumb Code    14  usbd_conf.o(i.USBD_LL_ClearStallEP)
    USBD_LL_CloseEP                          0x08002d33   Thumb Code    14  usbd_conf.o(i.USBD_LL_CloseEP)
    USBD_LL_DataInStage                      0x08002d41   Thumb Code   198  usbd_core.o(i.USBD_LL_DataInStage)
    USBD_LL_DataOutStage                     0x08002e07   Thumb Code   130  usbd_core.o(i.USBD_LL_DataOutStage)
    USBD_LL_GetRxDataSize                    0x08002e89   Thumb Code     8  usbd_conf.o(i.USBD_LL_GetRxDataSize)
    USBD_LL_Init                             0x08002e91   Thumb Code   108  usbd_conf.o(i.USBD_LL_Init)
    USBD_LL_IsStallEP                        0x08002f05   Thumb Code    30  usbd_conf.o(i.USBD_LL_IsStallEP)
    USBD_LL_OpenEP                           0x08002f23   Thumb Code    20  usbd_conf.o(i.USBD_LL_OpenEP)
    USBD_LL_PrepareReceive                   0x08002f37   Thumb Code    14  usbd_conf.o(i.USBD_LL_PrepareReceive)
    USBD_LL_Reset                            0x08002f45   Thumb Code    80  usbd_core.o(i.USBD_LL_Reset)
    USBD_LL_Resume                           0x08002f95   Thumb Code    20  usbd_core.o(i.USBD_LL_Resume)
    USBD_LL_SOF                              0x08002fa9   Thumb Code    24  usbd_core.o(i.USBD_LL_SOF)
    USBD_LL_SetSpeed                         0x08002fc1   Thumb Code     6  usbd_core.o(i.USBD_LL_SetSpeed)
    USBD_LL_SetUSBAddress                    0x08002fc7   Thumb Code    14  usbd_conf.o(i.USBD_LL_SetUSBAddress)
    USBD_LL_SetupStage                       0x08002fd5   Thumb Code    90  usbd_core.o(i.USBD_LL_SetupStage)
    USBD_LL_StallEP                          0x0800302f   Thumb Code    14  usbd_conf.o(i.USBD_LL_StallEP)
    USBD_LL_Start                            0x0800303d   Thumb Code    14  usbd_conf.o(i.USBD_LL_Start)
    USBD_LL_Suspend                          0x0800304b   Thumb Code    18  usbd_core.o(i.USBD_LL_Suspend)
    USBD_LL_Transmit                         0x0800305d   Thumb Code    14  usbd_conf.o(i.USBD_LL_Transmit)
    USBD_ParseSetupRequest                   0x0800306b   Thumb Code    40  usbd_ctlreq.o(i.USBD_ParseSetupRequest)
    USBD_RegisterClass                       0x08003093   Thumb Code    16  usbd_core.o(i.USBD_RegisterClass)
    USBD_SetClassConfig                      0x080030a3   Thumb Code    22  usbd_core.o(i.USBD_SetClassConfig)
    USBD_Start                               0x0800313d   Thumb Code    10  usbd_core.o(i.USBD_Start)
    USBD_StdDevReq                           0x08003147   Thumb Code   274  usbd_ctlreq.o(i.USBD_StdDevReq)
    USBD_StdEPReq                            0x08003259   Thumb Code   336  usbd_ctlreq.o(i.USBD_StdEPReq)
    USBD_StdItfReq                           0x080033a9   Thumb Code    78  usbd_ctlreq.o(i.USBD_StdItfReq)
    USBD_VCP_ConfigStrDescriptor             0x080033f9   Thumb Code    16  usbd_desc.o(i.USBD_VCP_ConfigStrDescriptor)
    USBD_VCP_DeviceDescriptor                0x08003419   Thumb Code     8  usbd_desc.o(i.USBD_VCP_DeviceDescriptor)
    USBD_VCP_InterfaceStrDescriptor          0x08003425   Thumb Code    16  usbd_desc.o(i.USBD_VCP_InterfaceStrDescriptor)
    USBD_VCP_LangIDStrDescriptor             0x08003449   Thumb Code     8  usbd_desc.o(i.USBD_VCP_LangIDStrDescriptor)
    USBD_VCP_ManufacturerStrDescriptor       0x08003455   Thumb Code    16  usbd_desc.o(i.USBD_VCP_ManufacturerStrDescriptor)
    USBD_VCP_ProductStrDescriptor            0x08003479   Thumb Code    16  usbd_desc.o(i.USBD_VCP_ProductStrDescriptor)
    USBD_VCP_SerialStrDescriptor             0x080034a9   Thumb Code    48  usbd_desc.o(i.USBD_VCP_SerialStrDescriptor)
    USBD_static_free                         0x080034e1   Thumb Code     2  usbd_conf.o(i.USBD_static_free)
    USBD_static_malloc                       0x080034e5   Thumb Code     4  usbd_conf.o(i.USBD_static_malloc)
    USB_ActivateEndpoint                     0x080034ed   Thumb Code   668  stm32f1xx_ll_usb.o(i.USB_ActivateEndpoint)
    USB_CoreInit                             0x08003789   Thumb Code     4  stm32f1xx_ll_usb.o(i.USB_CoreInit)
    USB_DeactivateEndpoint                   0x0800378d   Thumb Code   270  stm32f1xx_ll_usb.o(i.USB_DeactivateEndpoint)
    USB_DevConnect                           0x0800389b   Thumb Code     4  stm32f1xx_ll_usb.o(i.USB_DevConnect)
    USB_DevDisconnect                        0x0800389f   Thumb Code     4  stm32f1xx_ll_usb.o(i.USB_DevDisconnect)
    USB_DevInit                              0x080038a3   Thumb Code    18  stm32f1xx_ll_usb.o(i.USB_DevInit)
    USB_DisableGlobalInt                     0x080038b5   Thumb Code    14  stm32f1xx_ll_usb.o(i.USB_DisableGlobalInt)
    USB_EP0_OutStart                         0x080038c3   Thumb Code     4  stm32f1xx_ll_usb.o(i.USB_EP0_OutStart)
    USB_EPClearStall                         0x080038c7   Thumb Code   120  stm32f1xx_ll_usb.o(i.USB_EPClearStall)
    USB_EPSetStall                           0x0800393f   Thumb Code    50  stm32f1xx_ll_usb.o(i.USB_EPSetStall)
    USB_EPStartXfer                          0x08003971   Thumb Code  1250  stm32f1xx_ll_usb.o(i.USB_EPStartXfer)
    USB_EnableGlobalInt                      0x08003e53   Thumb Code    18  stm32f1xx_ll_usb.o(i.USB_EnableGlobalInt)
    USB_LP_CAN1_RX0_IRQHandler               0x08003e65   Thumb Code     6  stm32f1xx_it.o(i.USB_LP_CAN1_RX0_IRQHandler)
    USB_ReadInterrupts                       0x08003e71   Thumb Code     6  stm32f1xx_ll_usb.o(i.USB_ReadInterrupts)
    USB_ReadPMA                              0x08003e79   Thumb Code    44  stm32f1xx_ll_usb.o(i.USB_ReadPMA)
    USB_SetCurrentMode                       0x08003ea5   Thumb Code     4  stm32f1xx_ll_usb.o(i.USB_SetCurrentMode)
    USB_SetDevAddress                        0x08003ea9   Thumb Code    12  stm32f1xx_ll_usb.o(i.USB_SetDevAddress)
    USB_WritePMA                             0x08003eb5   Thumb Code    38  stm32f1xx_ll_usb.o(i.USB_WritePMA)
    UsageFault_Handler                       0x08003edb   Thumb Code     2  stm32f1xx_it.o(i.UsageFault_Handler)
    main                                     0x08003efd   Thumb Code   180  main.o(i.main)
    AHBPrescTable                            0x08003fce   Data          16  system_stm32f1xx.o(.constdata)
    APBPrescTable                            0x08003fde   Data           8  system_stm32f1xx.o(.constdata)
    Region$$Table$$Base                      0x08003fe8   Number         0  anon$$obj.o(Region$$Table)
    Region$$Table$$Limit                     0x08004008   Number         0  anon$$obj.o(Region$$Table)
    uwTickFreq                               0x2000000c   Data           1  stm32f1xx_hal.o(.data)
    uwTickPrio                               0x20000010   Data           4  stm32f1xx_hal.o(.data)
    uwTick                                   0x20000014   Data           4  stm32f1xx_hal.o(.data)
    SystemCoreClock                          0x20000018   Data           4  system_stm32f1xx.o(.data)
    USBD_CDC_fops                            0x20000024   Data          16  usbd_cdc_if.o(.data)
    VCP_Desc                                 0x20000034   Data          28  usbd_desc.o(.data)
    USBD_LangIDDesc                          0x20000050   Data           4  usbd_desc.o(.data)
    USBD_DeviceDesc                          0x20000054   Data          18  usbd_desc.o(.data)
    USBD_StringSerial                        0x20000068   Data          26  usbd_desc.o(.data)
    USBD_CDC_CfgHSDesc                       0x20000090   Data          67  usbd_cdc.o(.data)
    USBD_CDC_CfgFSDesc                       0x200000d4   Data          67  usbd_cdc.o(.data)
    USBD_CDC_OtherSpeedCfgDesc               0x20000118   Data          67  usbd_cdc.o(.data)
    USBD_CDC                                 0x2000015c   Data          56  usbd_cdc.o(.data)
    stepper_axes                             0x200001ac   Data          28  main.o(.bss)
    htim2                                    0x200001c8   Data          72  tim.o(.bss)
    htim3                                    0x20000210   Data          72  tim.o(.bss)
    hUsbDeviceFS                             0x20000258   Data         708  usb_device.o(.bss)
    hpcd                                     0x200007cc   Data         728  usbd_conf.o(.bss)
    USBD_StrDesc                             0x20000aa4   Data         256  usbd_desc.o(.bss)
    __libspace_start                         0x20000ba4   Data          96  libspace.o(.bss)
    __temporary_stack_top$libspace           0x20000c04   Data           0  libspace.o(.bss)



==============================================================================

Memory Map of the image

  Image Entry point : 0x08000131

  Load Region LR_IROM1 (Base: 0x08000000, Size: 0x0000419c, Max: 0x00080000, ABSOLUTE, COMPRESSED[0x000040d0])

    Execution Region ER_IROM1 (Exec base: 0x08000000, Load base: 0x08000000, Size: 0x00004008, Max: 0x00080000, ABSOLUTE)

    Exec Addr    Load Addr    Size         Type   Attr      Idx    E Section Name        Object

    0x08000000   0x08000000   0x00000130   Data   RO            3    RESET               startup_stm32f103xe.o
    0x08000130   0x08000130   0x00000008   Code   RO         3708  * !!!main             c_w.l(__main.o)
    0x08000138   0x08000138   0x00000034   Code   RO         3871    !!!scatter          c_w.l(__scatter.o)
    0x0800016c   0x0800016c   0x0000005a   Code   RO         3869    !!dczerorl2         c_w.l(__dczerorl2.o)
    0x080001c6   0x080001c6   0x00000002   PAD
    0x080001c8   0x080001c8   0x0000001c   Code   RO         3873    !!handler_zi        c_w.l(__scatter_zi.o)
    0x080001e4   0x080001e4   0x00000002   Code   RO         3737    .ARM.Collect$$libinit$$00000000  c_w.l(libinit.o)
    0x080001e6   0x080001e6   0x00000000   Code   RO         3744    .ARM.Collect$$libinit$$00000002  c_w.l(libinit2.o)
    0x080001e6   0x080001e6   0x00000000   Code   RO         3746    .ARM.Collect$$libinit$$00000004  c_w.l(libinit2.o)
    0x080001e6   0x080001e6   0x00000000   Code   RO         3749    .ARM.Collect$$libinit$$0000000A  c_w.l(libinit2.o)
    0x080001e6   0x080001e6   0x00000000   Code   RO         3751    .ARM.Collect$$libinit$$0000000C  c_w.l(libinit2.o)
    0x080001e6   0x080001e6   0x00000000   Code   RO         3753    .ARM.Collect$$libinit$$0000000E  c_w.l(libinit2.o)
    0x080001e6   0x080001e6   0x00000000   Code   RO         3756    .ARM.Collect$$libinit$$00000011  c_w.l(libinit2.o)
    0x080001e6   0x080001e6   0x00000000   Code   RO         3758    .ARM.Collect$$libinit$$00000013  c_w.l(libinit2.o)
    0x080001e6   0x080001e6   0x00000000   Code   RO         3760    .ARM.Collect$$libinit$$00000015  c_w.l(libinit2.o)
    0x080001e6   0x080001e6   0x00000000   Code   RO         3762    .ARM.Collect$$libinit$$00000017  c_w.l(libinit2.o)
    0x080001e6   0x080001e6   0x00000000   Code   RO         3764    .ARM.Collect$$libinit$$00000019  c_w.l(libinit2.o)
    0x080001e6   0x080001e6   0x00000000   Code   RO         3766    .ARM.Collect$$libinit$$0000001B  c_w.l(libinit2.o)
    0x080001e6   0x080001e6   0x00000000   Code   RO         3768    .ARM.Collect$$libinit$$0000001D  c_w.l(libinit2.o)
    0x080001e6   0x080001e6   0x00000000   Code   RO         3770    .ARM.Collect$$libinit$$0000001F  c_w.l(libinit2.o)
    0x080001e6   0x080001e6   0x00000000   Code   RO         3772    .ARM.Collect$$libinit$$00000021  c_w.l(libinit2.o)
    0x080001e6   0x080001e6   0x00000000   Code   RO         3774    .ARM.Collect$$libinit$$00000023  c_w.l(libinit2.o)
    0x080001e6   0x080001e6   0x00000000   Code   RO         3776    .ARM.Collect$$libinit$$00000025  c_w.l(libinit2.o)
    0x080001e6   0x080001e6   0x00000000   Code   RO         3780    .ARM.Collect$$libinit$$0000002C  c_w.l(libinit2.o)
    0x080001e6   0x080001e6   0x00000000   Code   RO         3782    .ARM.Collect$$libinit$$0000002E  c_w.l(libinit2.o)
    0x080001e6   0x080001e6   0x00000000   Code   RO         3784    .ARM.Collect$$libinit$$00000030  c_w.l(libinit2.o)
    0x080001e6   0x080001e6   0x00000000   Code   RO         3786    .ARM.Collect$$libinit$$00000032  c_w.l(libinit2.o)
    0x080001e6   0x080001e6   0x00000002   Code   RO         3787    .ARM.Collect$$libinit$$00000033  c_w.l(libinit2.o)
    0x080001e8   0x080001e8   0x00000002   Code   RO         3807    .ARM.Collect$$libshutdown$$00000000  c_w.l(libshutdown.o)
    0x080001ea   0x080001ea   0x00000000   Code   RO         3820    .ARM.Collect$$libshutdown$$00000002  c_w.l(libshutdown2.o)
    0x080001ea   0x080001ea   0x00000000   Code   RO         3822    .ARM.Collect$$libshutdown$$00000004  c_w.l(libshutdown2.o)
    0x080001ea   0x080001ea   0x00000000   Code   RO         3824    .ARM.Collect$$libshutdown$$00000006  c_w.l(libshutdown2.o)
    0x080001ea   0x080001ea   0x00000000   Code   RO         3827    .ARM.Collect$$libshutdown$$00000009  c_w.l(libshutdown2.o)
    0x080001ea   0x080001ea   0x00000000   Code   RO         3830    .ARM.Collect$$libshutdown$$0000000C  c_w.l(libshutdown2.o)
    0x080001ea   0x080001ea   0x00000000   Code   RO         3832    .ARM.Collect$$libshutdown$$0000000E  c_w.l(libshutdown2.o)
    0x080001ea   0x080001ea   0x00000000   Code   RO         3835    .ARM.Collect$$libshutdown$$00000011  c_w.l(libshutdown2.o)
    0x080001ea   0x080001ea   0x00000002   Code   RO         3836    .ARM.Collect$$libshutdown$$00000012  c_w.l(libshutdown2.o)
    0x080001ec   0x080001ec   0x00000000   Code   RO         3710    .ARM.Collect$$rtentry$$00000000  c_w.l(__rtentry.o)
    0x080001ec   0x080001ec   0x00000000   Code   RO         3714    .ARM.Collect$$rtentry$$00000002  c_w.l(__rtentry2.o)
    0x080001ec   0x080001ec   0x00000006   Code   RO         3726    .ARM.Collect$$rtentry$$00000004  c_w.l(__rtentry4.o)
    0x080001f2   0x080001f2   0x00000000   Code   RO         3716    .ARM.Collect$$rtentry$$00000009  c_w.l(__rtentry2.o)
    0x080001f2   0x080001f2   0x00000004   Code   RO         3717    .ARM.Collect$$rtentry$$0000000A  c_w.l(__rtentry2.o)
    0x080001f6   0x080001f6   0x00000000   Code   RO         3719    .ARM.Collect$$rtentry$$0000000C  c_w.l(__rtentry2.o)
    0x080001f6   0x080001f6   0x00000008   Code   RO         3720    .ARM.Collect$$rtentry$$0000000D  c_w.l(__rtentry2.o)
    0x080001fe   0x080001fe   0x00000002   Code   RO         3741    .ARM.Collect$$rtexit$$00000000  c_w.l(rtexit.o)
    0x08000200   0x08000200   0x00000000   Code   RO         3789    .ARM.Collect$$rtexit$$00000002  c_w.l(rtexit2.o)
    0x08000200   0x08000200   0x00000004   Code   RO         3790    .ARM.Collect$$rtexit$$00000003  c_w.l(rtexit2.o)
    0x08000204   0x08000204   0x00000006   Code   RO         3791    .ARM.Collect$$rtexit$$00000004  c_w.l(rtexit2.o)
    0x0800020a   0x0800020a   0x00000002   PAD
    0x0800020c   0x0800020c   0x00000040   Code   RO            4    .text               startup_stm32f103xe.o
    0x0800024c   0x0800024c   0x0000008a   Code   RO         3702    .text               c_w.l(rt_memcpy_v6.o)
    0x080002d6   0x080002d6   0x0000004e   Code   RO         3704    .text               c_w.l(rt_memclr_w.o)
    0x08000324   0x08000324   0x00000006   Code   RO         3706    .text               c_w.l(heapauxi.o)
    0x0800032a   0x0800032a   0x00000064   Code   RO         3711    .text               c_w.l(rt_memcpy_w.o)
    0x0800038e   0x0800038e   0x0000004a   Code   RO         3728    .text               c_w.l(sys_stackheap_outer.o)
    0x080003d8   0x080003d8   0x00000012   Code   RO         3730    .text               c_w.l(exit.o)
    0x080003ea   0x080003ea   0x00000002   PAD
    0x080003ec   0x080003ec   0x00000008   Code   RO         3738    .text               c_w.l(libspace.o)
    0x080003f4   0x080003f4   0x0000000c   Code   RO         3799    .text               c_w.l(sys_exit.o)
    0x08000400   0x08000400   0x00000002   Code   RO         3810    .text               c_w.l(use_no_semi.o)
    0x08000402   0x08000402   0x00000000   Code   RO         3812    .text               c_w.l(indicate_semi.o)
    0x08000402   0x08000402   0x00000002   PAD
    0x08000404   0x08000404   0x00000028   Code   RO           13    i.Axis_SetPeriod    main.o
    0x0800042c   0x0800042c   0x000000bc   Code   RO           14    i.Axis_Start        main.o
    0x080004e8   0x080004e8   0x00000048   Code   RO           15    i.Axis_Stop         main.o
    0x08000530   0x08000530   0x00000002   Code   RO          355    i.BusFault_Handler  stm32f1xx_it.o
    0x08000532   0x08000532   0x00000002   PAD
    0x08000534   0x08000534   0x00000050   Code   RO         2999    i.CDC_Control_FS    usbd_cdc_if.o
    0x08000584   0x08000584   0x00000004   Code   RO         3000    i.CDC_DeInit_FS     usbd_cdc_if.o
    0x08000588   0x08000588   0x00000024   Code   RO         3001    i.CDC_Init_FS       usbd_cdc_if.o
    0x080005ac   0x080005ac   0x00000034   Code   RO         3002    i.CDC_Receive_FS    usbd_cdc_if.o
    0x080005e0   0x080005e0   0x00000040   Code   RO         3003    i.CDC_Transmit_FS   usbd_cdc_if.o
    0x08000620   0x08000620   0x0000001e   Code   RO           16    i.CRC8_Update       main.o
    0x0800063e   0x0800063e   0x00000002   Code   RO          356    i.DebugMon_Handler  stm32f1xx_it.o
    0x08000640   0x08000640   0x00000004   Code   RO           17    i.Error_Handler     main.o
    0x08000644   0x08000644   0x000001f8   Code   RO         2270    i.HAL_GPIO_Init     stm32f1xx_hal_gpio.o
    0x0800083c   0x0800083c   0x0000000a   Code   RO         2272    i.HAL_GPIO_ReadPin  stm32f1xx_hal_gpio.o
    0x08000846   0x08000846   0x0000000a   Code   RO         2274    i.HAL_GPIO_WritePin  stm32f1xx_hal_gpio.o
    0x08000850   0x08000850   0x0000000c   Code   RO         1964    i.HAL_GetTick       stm32f1xx_hal.o
    0x0800085c   0x0800085c   0x00000010   Code   RO         1970    i.HAL_IncTick       stm32f1xx_hal.o
    0x0800086c   0x0800086c   0x00000024   Code   RO         1971    i.HAL_Init          stm32f1xx_hal.o
    0x08000890   0x08000890   0x00000040   Code   RO         1972    i.HAL_InitTick      stm32f1xx_hal.o
    0x080008d0   0x080008d0   0x0000003c   Code   RO          455    i.HAL_MspInit       stm32f1xx_hal_msp.o
    0x0800090c   0x0800090c   0x0000001a   Code   RO         2430    i.HAL_NVIC_EnableIRQ  stm32f1xx_hal_cortex.o
    0x08000926   0x08000926   0x00000002   PAD
    0x08000928   0x08000928   0x00000040   Code   RO         2436    i.HAL_NVIC_SetPriority  stm32f1xx_hal_cortex.o
    0x08000968   0x08000968   0x00000024   Code   RO         2437    i.HAL_NVIC_SetPriorityGrouping  stm32f1xx_hal_cortex.o
    0x0800098c   0x0800098c   0x0000003c   Code   RO          904    i.HAL_PCDEx_PMAConfig  stm32f1xx_hal_pcd_ex.o
    0x080009c8   0x080009c8   0x00000002   Code   RO         3052    i.HAL_PCDEx_SetConnectionState  usbd_conf.o
    0x080009ca   0x080009ca   0x00000012   Code   RO         3054    i.HAL_PCD_DataInStageCallback  usbd_conf.o
    0x080009dc   0x080009dc   0x00000014   Code   RO         3055    i.HAL_PCD_DataOutStageCallback  usbd_conf.o
    0x080009f0   0x080009f0   0x0000004a   Code   RO          675    i.HAL_PCD_EP_Close  stm32f1xx_hal_pcd.o
    0x08000a3a   0x08000a3a   0x0000005a   Code   RO          676    i.HAL_PCD_EP_ClrStall  stm32f1xx_hal_pcd.o
    0x08000a94   0x08000a94   0x000000e6   Code   RO          677    i.HAL_PCD_EP_DB_Receive  stm32f1xx_hal_pcd.o
    0x08000b7a   0x08000b7a   0x00000338   Code   RO          678    i.HAL_PCD_EP_DB_Transmit  stm32f1xx_hal_pcd.o
    0x08000eb2   0x08000eb2   0x00000012   Code   RO          680    i.HAL_PCD_EP_GetRxCount  stm32f1xx_hal_pcd.o
    0x08000ec4   0x08000ec4   0x00000058   Code   RO          681    i.HAL_PCD_EP_Open   stm32f1xx_hal_pcd.o
    0x08000f1c   0x08000f1c   0x0000002e   Code   RO          682    i.HAL_PCD_EP_Receive  stm32f1xx_hal_pcd.o
    0x08000f4a   0x08000f4a   0x00000070   Code   RO          683    i.HAL_PCD_EP_SetStall  stm32f1xx_hal_pcd.o
    0x08000fba   0x08000fba   0x0000002e   Code   RO          684    i.HAL_PCD_EP_Transmit  stm32f1xx_hal_pcd.o
    0x08000fe8   0x08000fe8   0x00000134   Code   RO          686    i.HAL_PCD_IRQHandler  stm32f1xx_hal_pcd.o
    0x0800111c   0x0800111c   0x000000ba   Code   RO          689    i.HAL_PCD_Init      stm32f1xx_hal_pcd.o
    0x080011d6   0x080011d6   0x00000002   PAD
    0x080011d8   0x080011d8   0x0000005c   Code   RO         3060    i.HAL_PCD_MspInit   usbd_conf.o
    0x08001234   0x08001234   0x0000001a   Code   RO         3061    i.HAL_PCD_ResetCallback  usbd_conf.o
    0x0800124e   0x0800124e   0x00000008   Code   RO         3062    i.HAL_PCD_ResumeCallback  usbd_conf.o
    0x08001256   0x08001256   0x00000008   Code   RO         3063    i.HAL_PCD_SOFCallback  usbd_conf.o
    0x0800125e   0x0800125e   0x00000026   Code   RO          695    i.HAL_PCD_SetAddress  stm32f1xx_hal_pcd.o
    0x08001284   0x08001284   0x0000000e   Code   RO         3064    i.HAL_PCD_SetupStageCallback  usbd_conf.o
    0x08001292   0x08001292   0x00000032   Code   RO          697    i.HAL_PCD_Start     stm32f1xx_hal_pcd.o
    0x080012c4   0x080012c4   0x00000008   Code   RO         3065    i.HAL_PCD_SuspendCallback  usbd_conf.o
    0x080012cc   0x080012cc   0x000000ec   Code   RO         2232    i.HAL_RCCEx_PeriphCLKConfig  stm32f1xx_hal_rcc_ex.o
    0x080013b8   0x080013b8   0x0000012c   Code   RO         2128    i.HAL_RCC_ClockConfig  stm32f1xx_hal_rcc.o
    0x080014e4   0x080014e4   0x00000020   Code   RO         2136    i.HAL_RCC_GetPCLK2Freq  stm32f1xx_hal_rcc.o
    0x08001504   0x08001504   0x0000004c   Code   RO         2137    i.HAL_RCC_GetSysClockFreq  stm32f1xx_hal_rcc.o
    0x08001550   0x08001550   0x00000320   Code   RO         2140    i.HAL_RCC_OscConfig  stm32f1xx_hal_rcc.o
    0x08001870   0x08001870   0x00000028   Code   RO         2441    i.HAL_SYSTICK_Config  stm32f1xx_hal_cortex.o
    0x08001898   0x08001898   0x00000002   Code   RO         1686    i.HAL_TIMEx_BreakCallback  stm32f1xx_hal_tim_ex.o
    0x0800189a   0x0800189a   0x00000002   Code   RO         1687    i.HAL_TIMEx_CommutCallback  stm32f1xx_hal_tim_ex.o
    0x0800189c   0x0800189c   0x0000007c   Code   RO         1705    i.HAL_TIMEx_MasterConfigSynchronization  stm32f1xx_hal_tim_ex.o
    0x08001918   0x08001918   0x0000005a   Code   RO          982    i.HAL_TIM_Base_Init  stm32f1xx_hal_tim.o
    0x08001972   0x08001972   0x00000002   PAD
    0x08001974   0x08001974   0x00000060   Code   RO          297    i.HAL_TIM_Base_MspInit  tim.o
    0x080019d4   0x080019d4   0x0000006c   Code   RO          987    i.HAL_TIM_Base_Start_IT  stm32f1xx_hal_tim.o
    0x08001a40   0x08001a40   0x00000030   Code   RO          990    i.HAL_TIM_Base_Stop_IT  stm32f1xx_hal_tim.o
    0x08001a70   0x08001a70   0x000000dc   Code   RO          991    i.HAL_TIM_ConfigClockSource  stm32f1xx_hal_tim.o
    0x08001b4c   0x08001b4c   0x00000002   Code   RO         1016    i.HAL_TIM_IC_CaptureCallback  stm32f1xx_hal_tim.o
    0x08001b4e   0x08001b4e   0x00000130   Code   RO         1030    i.HAL_TIM_IRQHandler  stm32f1xx_hal_tim.o
    0x08001c7e   0x08001c7e   0x00000002   Code   RO         1033    i.HAL_TIM_OC_DelayElapsedCallback  stm32f1xx_hal_tim.o
    0x08001c80   0x08001c80   0x00000002   Code   RO         1060    i.HAL_TIM_PWM_PulseFinishedCallback  stm32f1xx_hal_tim.o
    0x08001c82   0x08001c82   0x00000006   Code   RO          298    i.HAL_TIM_PeriodElapsedCallback  tim.o
    0x08001c88   0x08001c88   0x00000002   Code   RO         1073    i.HAL_TIM_TriggerCallback  stm32f1xx_hal_tim.o
    0x08001c8a   0x08001c8a   0x00000002   Code   RO          357    i.HardFault_Handler  stm32f1xx_it.o
    0x08001c8c   0x08001c8c   0x00000038   Code   RO         3259    i.IntToUnicode      usbd_desc.o
    0x08001cc4   0x08001cc4   0x000000f8   Code   RO          268    i.MX_GPIO_Init      gpio.o
    0x08001dbc   0x08001dbc   0x00000010   Code   RO          299    i.MX_TIM2_Init      tim.o
    0x08001dcc   0x08001dcc   0x00000010   Code   RO          300    i.MX_TIM3_Init      tim.o
    0x08001ddc   0x08001ddc   0x0000005e   Code   RO          301    i.MX_TIM_CommonInit  tim.o
    0x08001e3a   0x08001e3a   0x00000002   PAD
    0x08001e3c   0x08001e3c   0x0000008c   Code   RO           18    i.MX_USART1_Init    main.o
    0x08001ec8   0x08001ec8   0x00000044   Code   RO         2968    i.MX_USB_DEVICE_Init  usb_device.o
    0x08001f0c   0x08001f0c   0x00000002   Code   RO          358    i.MemManage_Handler  stm32f1xx_it.o
    0x08001f0e   0x08001f0e   0x00000002   Code   RO          359    i.NMI_Handler       stm32f1xx_it.o
    0x08001f10   0x08001f10   0x000003a6   Code   RO          701    i.PCD_EP_ISR_Handler  stm32f1xx_hal_pcd.o
    0x080022b6   0x080022b6   0x00000002   Code   RO          360    i.PendSV_Handler    stm32f1xx_it.o
    0x080022b8   0x080022b8   0x00000134   Code   RO           19    i.Process_Frame     main.o
    0x080023ec   0x080023ec   0x00000094   Code   RO           20    i.Protocol_ReceiveByte  main.o
    0x08002480   0x08002480   0x00000010   Code   RO           21    i.ReadU32           main.o
    0x08002490   0x08002490   0x00000020   Code   RO           22    i.Read_SensorState  main.o
    0x080024b0   0x080024b0   0x00000002   Code   RO          361    i.SVC_Handler       stm32f1xx_it.o
    0x080024b2   0x080024b2   0x00000002   PAD
    0x080024b4   0x080024b4   0x00000020   Code   RO           23    i.Send_AxisState    main.o
    0x080024d4   0x080024d4   0x00000016   Code   RO           24    i.Send_OneSensorState  main.o
    0x080024ea   0x080024ea   0x00000036   Code   RO           25    i.Send_Status       main.o
    0x08002520   0x08002520   0x000000f4   Code   RO           26    i.Stepper_TimerElapsed  main.o
    0x08002614   0x08002614   0x00000004   Code   RO          362    i.SysTick_Handler   stm32f1xx_it.o
    0x08002618   0x08002618   0x00000078   Code   RO           27    i.SystemClock_Config  main.o
    0x08002690   0x08002690   0x00000002   Code   RO         2931    i.SystemInit        system_stm32f1xx.o
    0x08002692   0x08002692   0x00000002   PAD
    0x08002694   0x08002694   0x0000000c   Code   RO          363    i.TIM2_IRQHandler   stm32f1xx_it.o
    0x080026a0   0x080026a0   0x0000000c   Code   RO          364    i.TIM3_IRQHandler   stm32f1xx_it.o
    0x080026ac   0x080026ac   0x0000009c   Code   RO         1075    i.TIM_Base_SetConfig  stm32f1xx_hal_tim.o
    0x08002748   0x08002748   0x00000014   Code   RO         1086    i.TIM_ETR_SetConfig  stm32f1xx_hal_tim.o
    0x0800275c   0x0800275c   0x00000010   Code   RO         1087    i.TIM_ITRx_SetConfig  stm32f1xx_hal_tim.o
    0x0800276c   0x0800276c   0x00000022   Code   RO         1093    i.TIM_TI1_ConfigInputStage  stm32f1xx_hal_tim.o
    0x0800278e   0x0800278e   0x00000024   Code   RO         1095    i.TIM_TI2_ConfigInputStage  stm32f1xx_hal_tim.o
    0x080027b2   0x080027b2   0x00000002   PAD
    0x080027b4   0x080027b4   0x0000001c   Code   RO           28    i.USART1_CommandIRQ  main.o
    0x080027d0   0x080027d0   0x00000004   Code   RO          365    i.USART1_IRQHandler  stm32f1xx_it.o
    0x080027d4   0x080027d4   0x00000078   Code   RO           29    i.USART1_SendFrame  main.o
    0x0800284c   0x0800284c   0x00000046   Code   RO         3595    i.USBD_CDC_DataIn   usbd_cdc.o
    0x08002892   0x08002892   0x0000002e   Code   RO         3596    i.USBD_CDC_DataOut  usbd_cdc.o
    0x080028c0   0x080028c0   0x00000044   Code   RO         3597    i.USBD_CDC_DeInit   usbd_cdc.o
    0x08002904   0x08002904   0x00000024   Code   RO         3598    i.USBD_CDC_EP0_RxReady  usbd_cdc.o
    0x08002928   0x08002928   0x0000000c   Code   RO         3599    i.USBD_CDC_GetDeviceQualifierDescriptor  usbd_cdc.o
    0x08002934   0x08002934   0x0000000c   Code   RO         3600    i.USBD_CDC_GetFSCfgDesc  usbd_cdc.o
    0x08002940   0x08002940   0x0000000c   Code   RO         3601    i.USBD_CDC_GetHSCfgDesc  usbd_cdc.o
    0x0800294c   0x0800294c   0x0000000c   Code   RO         3602    i.USBD_CDC_GetOtherSpeedCfgDesc  usbd_cdc.o
    0x08002958   0x08002958   0x00000094   Code   RO         3603    i.USBD_CDC_Init     usbd_cdc.o
    0x080029ec   0x080029ec   0x00000028   Code   RO         3604    i.USBD_CDC_ReceivePacket  usbd_cdc.o
    0x08002a14   0x08002a14   0x00000010   Code   RO         3605    i.USBD_CDC_RegisterInterface  usbd_cdc.o
    0x08002a24   0x08002a24   0x0000000c   Code   RO         3606    i.USBD_CDC_SetRxBuffer  usbd_cdc.o
    0x08002a30   0x08002a30   0x00000010   Code   RO         3607    i.USBD_CDC_SetTxBuffer  usbd_cdc.o
    0x08002a40   0x08002a40   0x000000ac   Code   RO         3608    i.USBD_CDC_Setup    usbd_cdc.o
    0x08002aec   0x08002aec   0x00000036   Code   RO         3609    i.USBD_CDC_TransmitPacket  usbd_cdc.o
    0x08002b22   0x08002b22   0x0000000e   Code   RO         3332    i.USBD_ClrClassConfig  usbd_core.o
    0x08002b30   0x08002b30   0x00000010   Code   RO         3535    i.USBD_CtlContinueRx  usbd_ioreq.o
    0x08002b40   0x08002b40   0x00000010   Code   RO         3536    i.USBD_CtlContinueSendData  usbd_ioreq.o
    0x08002b50   0x08002b50   0x00000016   Code   RO         3470    i.USBD_CtlError     usbd_ctlreq.o
    0x08002b66   0x08002b66   0x0000001e   Code   RO         3537    i.USBD_CtlPrepareRx  usbd_ioreq.o
    0x08002b84   0x08002b84   0x00000016   Code   RO         3538    i.USBD_CtlReceiveStatus  usbd_ioreq.o
    0x08002b9a   0x08002b9a   0x0000001a   Code   RO         3539    i.USBD_CtlSendData  usbd_ioreq.o
    0x08002bb4   0x08002bb4   0x00000016   Code   RO         3540    i.USBD_CtlSendStatus  usbd_ioreq.o
    0x08002bca   0x08002bca   0x000000e8   Code   RO         3471    i.USBD_GetDescriptor  usbd_ctlreq.o
    0x08002cb2   0x08002cb2   0x00000048   Code   RO         3472    i.USBD_GetString    usbd_ctlreq.o
    0x08002cfa   0x08002cfa   0x0000002a   Code   RO         3334    i.USBD_Init         usbd_core.o
    0x08002d24   0x08002d24   0x0000000e   Code   RO         3066    i.USBD_LL_ClearStallEP  usbd_conf.o
    0x08002d32   0x08002d32   0x0000000e   Code   RO         3067    i.USBD_LL_CloseEP   usbd_conf.o
    0x08002d40   0x08002d40   0x000000c6   Code   RO         3335    i.USBD_LL_DataInStage  usbd_core.o
    0x08002e06   0x08002e06   0x00000082   Code   RO         3336    i.USBD_LL_DataOutStage  usbd_core.o
    0x08002e88   0x08002e88   0x00000008   Code   RO         3071    i.USBD_LL_GetRxDataSize  usbd_conf.o
    0x08002e90   0x08002e90   0x00000074   Code   RO         3072    i.USBD_LL_Init      usbd_conf.o
    0x08002f04   0x08002f04   0x0000001e   Code   RO         3073    i.USBD_LL_IsStallEP  usbd_conf.o
    0x08002f22   0x08002f22   0x00000014   Code   RO         3074    i.USBD_LL_OpenEP    usbd_conf.o
    0x08002f36   0x08002f36   0x0000000e   Code   RO         3075    i.USBD_LL_PrepareReceive  usbd_conf.o
    0x08002f44   0x08002f44   0x00000050   Code   RO         3341    i.USBD_LL_Reset     usbd_core.o
    0x08002f94   0x08002f94   0x00000014   Code   RO         3342    i.USBD_LL_Resume    usbd_core.o
    0x08002fa8   0x08002fa8   0x00000018   Code   RO         3343    i.USBD_LL_SOF       usbd_core.o
    0x08002fc0   0x08002fc0   0x00000006   Code   RO         3344    i.USBD_LL_SetSpeed  usbd_core.o
    0x08002fc6   0x08002fc6   0x0000000e   Code   RO         3076    i.USBD_LL_SetUSBAddress  usbd_conf.o
    0x08002fd4   0x08002fd4   0x0000005a   Code   RO         3345    i.USBD_LL_SetupStage  usbd_core.o
    0x0800302e   0x0800302e   0x0000000e   Code   RO         3077    i.USBD_LL_StallEP   usbd_conf.o
    0x0800303c   0x0800303c   0x0000000e   Code   RO         3078    i.USBD_LL_Start     usbd_conf.o
    0x0800304a   0x0800304a   0x00000012   Code   RO         3346    i.USBD_LL_Suspend   usbd_core.o
    0x0800305c   0x0800305c   0x0000000e   Code   RO         3080    i.USBD_LL_Transmit  usbd_conf.o
    0x0800306a   0x0800306a   0x00000028   Code   RO         3473    i.USBD_ParseSetupRequest  usbd_ctlreq.o
    0x08003092   0x08003092   0x00000010   Code   RO         3347    i.USBD_RegisterClass  usbd_core.o
    0x080030a2   0x080030a2   0x00000016   Code   RO         3349    i.USBD_SetClassConfig  usbd_core.o
    0x080030b8   0x080030b8   0x00000084   Code   RO         3474    i.USBD_SetConfig    usbd_ctlreq.o
    0x0800313c   0x0800313c   0x0000000a   Code   RO         3350    i.USBD_Start        usbd_core.o
    0x08003146   0x08003146   0x00000112   Code   RO         3475    i.USBD_StdDevReq    usbd_ctlreq.o
    0x08003258   0x08003258   0x00000150   Code   RO         3476    i.USBD_StdEPReq     usbd_ctlreq.o
    0x080033a8   0x080033a8   0x0000004e   Code   RO         3477    i.USBD_StdItfReq    usbd_ctlreq.o
    0x080033f6   0x080033f6   0x00000002   PAD
    0x080033f8   0x080033f8   0x00000020   Code   RO         3260    i.USBD_VCP_ConfigStrDescriptor  usbd_desc.o
    0x08003418   0x08003418   0x0000000c   Code   RO         3261    i.USBD_VCP_DeviceDescriptor  usbd_desc.o
    0x08003424   0x08003424   0x00000024   Code   RO         3262    i.USBD_VCP_InterfaceStrDescriptor  usbd_desc.o
    0x08003448   0x08003448   0x0000000c   Code   RO         3263    i.USBD_VCP_LangIDStrDescriptor  usbd_desc.o
    0x08003454   0x08003454   0x00000024   Code   RO         3264    i.USBD_VCP_ManufacturerStrDescriptor  usbd_desc.o
    0x08003478   0x08003478   0x00000030   Code   RO         3265    i.USBD_VCP_ProductStrDescriptor  usbd_desc.o
    0x080034a8   0x080034a8   0x00000038   Code   RO         3266    i.USBD_VCP_SerialStrDescriptor  usbd_desc.o
    0x080034e0   0x080034e0   0x00000002   Code   RO         3081    i.USBD_static_free  usbd_conf.o
    0x080034e2   0x080034e2   0x00000002   PAD
    0x080034e4   0x080034e4   0x00000008   Code   RO         3082    i.USBD_static_malloc  usbd_conf.o
    0x080034ec   0x080034ec   0x0000029c   Code   RO          479    i.USB_ActivateEndpoint  stm32f1xx_ll_usb.o
    0x08003788   0x08003788   0x00000004   Code   RO          482    i.USB_CoreInit      stm32f1xx_ll_usb.o
    0x0800378c   0x0800378c   0x0000010e   Code   RO          484    i.USB_DeactivateEndpoint  stm32f1xx_ll_usb.o
    0x0800389a   0x0800389a   0x00000004   Code   RO          485    i.USB_DevConnect    stm32f1xx_ll_usb.o
    0x0800389e   0x0800389e   0x00000004   Code   RO          486    i.USB_DevDisconnect  stm32f1xx_ll_usb.o
    0x080038a2   0x080038a2   0x00000012   Code   RO          487    i.USB_DevInit       stm32f1xx_ll_usb.o
    0x080038b4   0x080038b4   0x0000000e   Code   RO          488    i.USB_DisableGlobalInt  stm32f1xx_ll_usb.o
    0x080038c2   0x080038c2   0x00000004   Code   RO          489    i.USB_EP0_OutStart  stm32f1xx_ll_usb.o
    0x080038c6   0x080038c6   0x00000078   Code   RO          490    i.USB_EPClearStall  stm32f1xx_ll_usb.o
    0x0800393e   0x0800393e   0x00000032   Code   RO          491    i.USB_EPSetStall    stm32f1xx_ll_usb.o
    0x08003970   0x08003970   0x000004e2   Code   RO          492    i.USB_EPStartXfer   stm32f1xx_ll_usb.o
    0x08003e52   0x08003e52   0x00000012   Code   RO          494    i.USB_EnableGlobalInt  stm32f1xx_ll_usb.o
    0x08003e64   0x08003e64   0x0000000c   Code   RO          366    i.USB_LP_CAN1_RX0_IRQHandler  stm32f1xx_it.o
    0x08003e70   0x08003e70   0x00000006   Code   RO          501    i.USB_ReadInterrupts  stm32f1xx_ll_usb.o
    0x08003e76   0x08003e76   0x00000002   PAD
    0x08003e78   0x08003e78   0x0000002c   Code   RO          502    i.USB_ReadPMA       stm32f1xx_ll_usb.o
    0x08003ea4   0x08003ea4   0x00000004   Code   RO          503    i.USB_SetCurrentMode  stm32f1xx_ll_usb.o
    0x08003ea8   0x08003ea8   0x0000000c   Code   RO          504    i.USB_SetDevAddress  stm32f1xx_ll_usb.o
    0x08003eb4   0x08003eb4   0x00000026   Code   RO          506    i.USB_WritePMA      stm32f1xx_ll_usb.o
    0x08003eda   0x08003eda   0x00000002   Code   RO          367    i.UsageFault_Handler  stm32f1xx_it.o
    0x08003edc   0x08003edc   0x00000020   Code   RO         2443    i.__NVIC_SetPriority  stm32f1xx_hal_cortex.o
    0x08003efc   0x08003efc   0x000000c0   Code   RO           30    i.main              main.o
    0x08003fbc   0x08003fbc   0x00000012   Data   RO         2141    .constdata          stm32f1xx_hal_rcc.o
    0x08003fce   0x08003fce   0x00000010   Data   RO         2932    .constdata          system_stm32f1xx.o
    0x08003fde   0x08003fde   0x00000008   Data   RO         2933    .constdata          system_stm32f1xx.o
    0x08003fe6   0x08003fe6   0x00000002   PAD
    0x08003fe8   0x08003fe8   0x00000020   Data   RO         3867    Region$$Table       anon$$obj.o


    Execution Region RW_IRAM1 (Exec base: 0x20000000, Load base: 0x08004008, Size: 0x00001208, Max: 0x00010000, ABSOLUTE, COMPRESSED[0x000000c8])

    Exec Addr    Load Addr    Size         Type   Attr      Idx    E Section Name        Object

    0x20000000   COMPRESSED   0x0000000c   Data   RW           32    .data               main.o
    0x2000000c   COMPRESSED   0x0000000c   Data   RW         1978    .data               stm32f1xx_hal.o
    0x20000018   COMPRESSED   0x00000004   Data   RW         2934    .data               system_stm32f1xx.o
    0x2000001c   COMPRESSED   0x00000008   Data   RW         3005    .data               usbd_cdc_if.o
    0x20000024   COMPRESSED   0x00000010   Data   RW         3006    .data               usbd_cdc_if.o
    0x20000034   COMPRESSED   0x0000001c   Data   RW         3268    .data               usbd_desc.o
    0x20000050   COMPRESSED   0x00000032   Data   RW         3269    .data               usbd_desc.o
    0x20000082   COMPRESSED   0x00000001   Data   RW         3478    .data               usbd_ctlreq.o
    0x20000083   COMPRESSED   0x00000001   PAD
    0x20000084   COMPRESSED   0x000000d7   Data   RW         3610    .data               usbd_cdc.o
    0x2000015b   COMPRESSED   0x00000001   PAD
    0x2000015c   COMPRESSED   0x00000038   Data   RW         3611    .data               usbd_cdc.o
    0x20000194        -       0x00000034   Zero   RW           31    .bss                main.o
    0x200001c8        -       0x00000090   Zero   RW          302    .bss                tim.o
    0x20000258        -       0x000002c4   Zero   RW         2969    .bss                usb_device.o
    0x2000051c        -       0x00000080   Zero   RW         3004    .bss                usbd_cdc_if.o
    0x2000059c        -       0x00000508   Zero   RW         3083    .bss                usbd_conf.o
    0x20000aa4        -       0x00000100   Zero   RW         3267    .bss                usbd_desc.o
    0x20000ba4        -       0x00000060   Zero   RW         3739    .bss                c_w.l(libspace.o)
    0x20000c04   COMPRESSED   0x00000004   PAD
    0x20000c08        -       0x00000200   Zero   RW            2    HEAP                startup_stm32f103xe.o
    0x20000e08        -       0x00000400   Zero   RW            1    STACK               startup_stm32f103xe.o


==============================================================================

Image component sizes


      Code (inc. data)   RO Data    RW Data    ZI Data      Debug   Object Name

       248         24          0          0          0       1007   gpio.o
      1790        134          0         12         52     511044   main.o
        64         26        304          0       1536        792   startup_stm32f103xe.o
       128         24          0         12          0       5781   stm32f1xx_hal.o
       198         14          0          0          0      28839   stm32f1xx_hal_cortex.o
       524         42          0          0          0       3463   stm32f1xx_hal_gpio.o
        60          8          0          0          0        838   stm32f1xx_hal_msp.o
      3044          0          0          0          0      13993   stm32f1xx_hal_pcd.o
        60          0          0          0          0       1142   stm32f1xx_hal_pcd_ex.o
      1208         72         18          0          0       4469   stm32f1xx_hal_rcc.o
       236         12          0          0          0       1348   stm32f1xx_hal_rcc_ex.o
      1040         42          0          0          0      10220   stm32f1xx_hal_tim.o
       128         20          0          0          0       2337   stm32f1xx_hal_tim_ex.o
        60         18          0          0          0       5403   stm32f1xx_it.o
      2528          0          0          0          0      15799   stm32f1xx_ll_usb.o
         2          0         24          4          0       1067   system_stm32f1xx.o
       228         24          0          0        144       2967   tim.o
        68         16          0          0        708        720   usb_device.o
       726         16          0        271          0      12738   usbd_cdc.o
       236         34          0         24        128       3413   usbd_cdc_if.o
       478         20          0          0       1288      12530   usbd_conf.o
       670          0          0          0          0       9227   usbd_core.o
      1186         28          0          1          0       7760   usbd_ctlreq.o
       288        104          0         78        256       5714   usbd_desc.o
       132          0          0          0          0       4204   usbd_ioreq.o

    ----------------------------------------------------------------------
     15352        678        380        404       4112     666815   Object Totals
         0          0         32          0          0          0   (incl. Generated)
        22          0          2          2          0          0   (incl. Padding)

    ----------------------------------------------------------------------

      Code (inc. data)   RO Data    RW Data    ZI Data      Debug   Library Member Name

        90          0          0          0          0          0   __dczerorl2.o
         8          0          0          0          0         68   __main.o
         0          0          0          0          0          0   __rtentry.o
        12          0          0          0          0          0   __rtentry2.o
         6          0          0          0          0          0   __rtentry4.o
        52          8          0          0          0          0   __scatter.o
        28          0          0          0          0          0   __scatter_zi.o
        18          0          0          0          0         80   exit.o
         6          0          0          0          0        152   heapauxi.o
         0          0          0          0          0          0   indicate_semi.o
         2          0          0          0          0          0   libinit.o
         2          0          0          0          0          0   libinit2.o
         2          0          0          0          0          0   libshutdown.o
         2          0          0          0          0          0   libshutdown2.o
         8          4          0          0         96         68   libspace.o
        78          0          0          0          0         80   rt_memclr_w.o
       138          0          0          0          0         68   rt_memcpy_v6.o
       100          0          0          0          0         80   rt_memcpy_w.o
         2          0          0          0          0          0   rtexit.o
        10          0          0          0          0          0   rtexit2.o
        12          4          0          0          0         68   sys_exit.o
        74          0          0          0          0         80   sys_stackheap_outer.o
         2          0          0          0          0         68   use_no_semi.o

    ----------------------------------------------------------------------
       660         16          0          0        100        812   Library Totals
         8          0          0          0          4          0   (incl. Padding)

    ----------------------------------------------------------------------

      Code (inc. data)   RO Data    RW Data    ZI Data      Debug   Library Name

       652         16          0          0         96        812   c_w.l

    ----------------------------------------------------------------------
       660         16          0          0        100        812   Library Totals

    ----------------------------------------------------------------------

==============================================================================


      Code (inc. data)   RO Data    RW Data    ZI Data      Debug   

     16012        694        380        404       4212     658107   Grand Totals
     16012        694        380        200       4212     658107   ELF Image Totals (compressed)
     16012        694        380        200          0          0   ROM Totals

==============================================================================

    Total RO  Size (Code + RO Data)                16392 (  16.01kB)
    Total RW  Size (RW Data + ZI Data)              4616 (   4.51kB)
    Total ROM Size (Code + RO Data + RW Data)      16592 (  16.20kB)

==============================================================================

