Component: ARM Compiler 5.06 update 7 (build 960) Tool: armlink [4d3601]

==============================================================================

Section Cross References

    startup_stm32f103xe.o(STACK) refers (Special) to heapauxi.o(.text) for __use_two_region_memory
    startup_stm32f103xe.o(HEAP) refers (Special) to heapauxi.o(.text) for __use_two_region_memory
    startup_stm32f103xe.o(RESET) refers (Special) to heapauxi.o(.text) for __use_two_region_memory
    startup_stm32f103xe.o(RESET) refers to startup_stm32f103xe.o(STACK) for __initial_sp
    startup_stm32f103xe.o(RESET) refers to startup_stm32f103xe.o(.text) for Reset_Handler
    startup_stm32f103xe.o(RESET) refers to stm32f1xx_it.o(i.NMI_Handler) for NMI_Handler
    startup_stm32f103xe.o(RESET) refers to stm32f1xx_it.o(i.HardFault_Handler) for HardFault_Handler
    startup_stm32f103xe.o(RESET) refers to stm32f1xx_it.o(i.MemManage_Handler) for MemManage_Handler
    startup_stm32f103xe.o(RESET) refers to stm32f1xx_it.o(i.BusFault_Handler) for BusFault_Handler
    startup_stm32f103xe.o(RESET) refers to stm32f1xx_it.o(i.UsageFault_Handler) for UsageFault_Handler
    startup_stm32f103xe.o(RESET) refers to stm32f1xx_it.o(i.SVC_Handler) for SVC_Handler
    startup_stm32f103xe.o(RESET) refers to stm32f1xx_it.o(i.DebugMon_Handler) for DebugMon_Handler
    startup_stm32f103xe.o(RESET) refers to stm32f1xx_it.o(i.PendSV_Handler) for PendSV_Handler
    startup_stm32f103xe.o(RESET) refers to stm32f1xx_it.o(i.SysTick_Handler) for SysTick_Handler
    startup_stm32f103xe.o(RESET) refers to stm32f1xx_it.o(i.USB_LP_CAN1_RX0_IRQHandler) for USB_LP_CAN1_RX0_IRQHandler
    startup_stm32f103xe.o(RESET) refers to stm32f1xx_it.o(i.TIM2_IRQHandler) for TIM2_IRQHandler
    startup_stm32f103xe.o(RESET) refers to stm32f1xx_it.o(i.TIM3_IRQHandler) for TIM3_IRQHandler
    startup_stm32f103xe.o(RESET) refers to stm32f1xx_it.o(i.USART1_IRQHandler) for USART1_IRQHandler
    startup_stm32f103xe.o(.text) refers (Special) to heapauxi.o(.text) for __use_two_region_memory
    startup_stm32f103xe.o(.text) refers to system_stm32f1xx.o(i.SystemInit) for SystemInit
    startup_stm32f103xe.o(.text) refers to __main.o(!!!main) for __main
    startup_stm32f103xe.o(.text) refers to startup_stm32f103xe.o(HEAP) for Heap_Mem
    startup_stm32f103xe.o(.text) refers to startup_stm32f103xe.o(STACK) for Stack_Mem
    main.o(i.Axes_StartSync) refers to main.o(i.Send_Status) for Send_Status
    main.o(i.Axes_StartSync) refers to main.o(i.Axis_Start) for Axis_Start
    main.o(i.Axes_StartSync) refers to main.o(.bss) for .bss
    main.o(i.Axis_SetPeriod) refers to tim.o(.bss) for htim3
    main.o(i.Axis_Start) refers to stm32f1xx_hal_gpio.o(i.HAL_GPIO_WritePin) for HAL_GPIO_WritePin
    main.o(i.Axis_Start) refers to main.o(i.Axis_SetPeriod) for Axis_SetPeriod
    main.o(i.Axis_Start) refers to stm32f1xx_hal_tim.o(i.HAL_TIM_Base_Start_IT) for HAL_TIM_Base_Start_IT
    main.o(i.Axis_Start) refers to main.o(i.Send_Status) for Send_Status
    main.o(i.Axis_Start) refers to main.o(.bss) for .bss
    main.o(i.Axis_Start) refers to tim.o(.bss) for htim3
    main.o(i.Axis_Stop) refers to stm32f1xx_hal_tim.o(i.HAL_TIM_Base_Stop_IT) for HAL_TIM_Base_Stop_IT
    main.o(i.Axis_Stop) refers to stm32f1xx_hal_gpio.o(i.HAL_GPIO_WritePin) for HAL_GPIO_WritePin
    main.o(i.Axis_Stop) refers to main.o(i.Send_Status) for Send_Status
    main.o(i.Axis_Stop) refers to main.o(.bss) for .bss
    main.o(i.Axis_Stop) refers to tim.o(.bss) for htim3
    main.o(i.MX_USART1_Init) refers to stm32f1xx_hal_gpio.o(i.HAL_GPIO_Init) for HAL_GPIO_Init
    main.o(i.MX_USART1_Init) refers to stm32f1xx_hal_rcc.o(i.HAL_RCC_GetPCLK2Freq) for HAL_RCC_GetPCLK2Freq
    main.o(i.MX_USART1_Init) refers to stm32f1xx_hal_cortex.o(i.HAL_NVIC_SetPriority) for HAL_NVIC_SetPriority
    main.o(i.MX_USART1_Init) refers to stm32f1xx_hal_cortex.o(i.HAL_NVIC_EnableIRQ) for HAL_NVIC_EnableIRQ
    main.o(i.Process_Frame) refers to main.o(i.ReadU32) for ReadU32
    main.o(i.Process_Frame) refers to main.o(i.Axis_Stop) for Axis_Stop
    main.o(i.Process_Frame) refers to main.o(i.Send_AxisState) for Send_AxisState
    main.o(i.Process_Frame) refers to stm32f1xx_hal_gpio.o(i.HAL_GPIO_ReadPin) for HAL_GPIO_ReadPin
    main.o(i.Process_Frame) refers to main.o(i.USART1_SendFrame) for USART1_SendFrame
    main.o(i.Process_Frame) refers to main.o(i.Axes_StartSync) for Axes_StartSync
    main.o(i.Process_Frame) refers to main.o(i.Axis_Start) for Axis_Start
    main.o(i.Process_Frame) refers to main.o(i.Send_Status) for Send_Status
    main.o(i.Process_Frame) refers to main.o(.data) for .data
    main.o(i.Process_Frame) refers to main.o(.bss) for .bss
    main.o(i.Protocol_ReceiveByte) refers to main.o(i.CRC8_Update) for CRC8_Update
    main.o(i.Protocol_ReceiveByte) refers to main.o(.data) for .data
    main.o(i.Protocol_ReceiveByte) refers to main.o(.bss) for .bss
    main.o(i.Send_AxisState) refers to main.o(i.Send_Status) for Send_Status
[...]
    i.HAL_PCD_SOFCallback                    0x0800136e   Section        0  usbd_conf.o(i.HAL_PCD_SOFCallback)
    i.HAL_PCD_SetAddress                     0x08001376   Section        0  stm32f1xx_hal_pcd.o(i.HAL_PCD_SetAddress)
    i.HAL_PCD_SetupStageCallback             0x0800139c   Section        0  usbd_conf.o(i.HAL_PCD_SetupStageCallback)
    i.HAL_PCD_Start                          0x080013aa   Section        0  stm32f1xx_hal_pcd.o(i.HAL_PCD_Start)
    i.HAL_PCD_SuspendCallback                0x080013dc   Section        0  usbd_conf.o(i.HAL_PCD_SuspendCallback)
    i.HAL_RCCEx_PeriphCLKConfig              0x080013e4   Section        0  stm32f1xx_hal_rcc_ex.o(i.HAL_RCCEx_PeriphCLKConfig)
    i.HAL_RCC_ClockConfig                    0x080014d0   Section        0  stm32f1xx_hal_rcc.o(i.HAL_RCC_ClockConfig)
    i.HAL_RCC_GetPCLK2Freq                   0x080015fc   Section        0  stm32f1xx_hal_rcc.o(i.HAL_RCC_GetPCLK2Freq)
    i.HAL_RCC_GetSysClockFreq                0x0800161c   Section        0  stm32f1xx_hal_rcc.o(i.HAL_RCC_GetSysClockFreq)
    i.HAL_RCC_OscConfig                      0x08001668   Section        0  stm32f1xx_hal_rcc.o(i.HAL_RCC_OscConfig)
    i.HAL_SYSTICK_Config                     0x08001988   Section        0  stm32f1xx_hal_cortex.o(i.HAL_SYSTICK_Config)
    i.HAL_TIMEx_BreakCallback                0x080019b0   Section        0  stm32f1xx_hal_tim_ex.o(i.HAL_TIMEx_BreakCallback)
    i.HAL_TIMEx_CommutCallback               0x080019b2   Section        0  stm32f1xx_hal_tim_ex.o(i.HAL_TIMEx_CommutCallback)
    i.HAL_TIMEx_MasterConfigSynchronization  0x080019b4   Section        0  stm32f1xx_hal_tim_ex.o(i.HAL_TIMEx_MasterConfigSynchronization)
    i.HAL_TIM_Base_Init                      0x08001a30   Section        0  stm32f1xx_hal_tim.o(i.HAL_TIM_Base_Init)
    i.HAL_TIM_Base_MspInit                   0x08001a8c   Section        0  tim.o(i.HAL_TIM_Base_MspInit)
    i.HAL_TIM_Base_Start_IT                  0x08001aec   Section        0  stm32f1xx_hal_tim.o(i.HAL_TIM_Base_Start_IT)
    i.HAL_TIM_Base_Stop_IT                   0x08001b58   Section        0  stm32f1xx_hal_tim.o(i.HAL_TIM_Base_Stop_IT)
    i.HAL_TIM_ConfigClockSource              0x08001b88   Section        0  stm32f1xx_hal_tim.o(i.HAL_TIM_ConfigClockSource)
    i.HAL_TIM_IC_CaptureCallback             0x08001c64   Section        0  stm32f1xx_hal_tim.o(i.HAL_TIM_IC_CaptureCallback)
    i.HAL_TIM_IRQHandler                     0x08001c66   Section        0  stm32f1xx_hal_tim.o(i.HAL_TIM_IRQHandler)
    i.HAL_TIM_OC_DelayElapsedCallback        0x08001d96   Section        0  stm32f1xx_hal_tim.o(i.HAL_TIM_OC_DelayElapsedCallback)
    i.HAL_TIM_PWM_PulseFinishedCallback      0x08001d98   Section        0  stm32f1xx_hal_tim.o(i.HAL_TIM_PWM_PulseFinishedCallback)
    i.HAL_TIM_PeriodElapsedCallback          0x08001d9a   Section        0  tim.o(i.HAL_TIM_PeriodElapsedCallback)
    i.HAL_TIM_TriggerCallback                0x08001da0   Section        0  stm32f1xx_hal_tim.o(i.HAL_TIM_TriggerCallback)
    i.HardFault_Handler                      0x08001da2   Section        0  stm32f1xx_it.o(i.HardFault_Handler)
    i.IntToUnicode                           0x08001da4   Section        0  usbd_desc.o(i.IntToUnicode)
    IntToUnicode                             0x08001da5   Thumb Code    56  usbd_desc.o(i.IntToUnicode)
    i.MX_GPIO_Init                           0x08001ddc   Section        0  gpio.o(i.MX_GPIO_Init)
    i.MX_TIM2_Init                           0x08001ed4   Section        0  tim.o(i.MX_TIM2_Init)
    i.MX_TIM3_Init                           0x08001ee4   Section        0  tim.o(i.MX_TIM3_Init)
    i.MX_TIM_CommonInit                      0x08001ef4   Section        0  tim.o(i.MX_TIM_CommonInit)
    MX_TIM_CommonInit                        0x08001ef5   Thumb Code    94  tim.o(i.MX_TIM_CommonInit)
    i.MX_USART1_Init                         0x08001f54   Section        0  main.o(i.MX_USART1_Init)
    MX_USART1_Init                           0x08001f55   Thumb Code   126  main.o(i.MX_USART1_Init)
    i.MX_USB_DEVICE_Init                     0x08001fe0   Section        0  usb_device.o(i.MX_USB_DEVICE_Init)
    i.MemManage_Handler                      0x08002024   Section        0  stm32f1xx_it.o(i.MemManage_Handler)
    i.NMI_Handler                            0x08002026   Section        0  stm32f1xx_it.o(i.NMI_Handler)
    i.PCD_EP_ISR_Handler                     0x08002028   Section        0  stm32f1xx_hal_pcd.o(i.PCD_EP_ISR_Handler)
    PCD_EP_ISR_Handler                       0x08002029   Thumb Code   934  stm32f1xx_hal_pcd.o(i.PCD_EP_ISR_Handler)
    i.PendSV_Handler                         0x080023ce   Section        0  stm32f1xx_it.o(i.PendSV_Handler)
    i.Process_Frame                          0x080023d0   Section        0  main.o(i.Process_Frame)
    Process_Frame                            0x080023d1   Thumb Code   378  main.o(i.Process_Frame)
    i.Protocol_ReceiveByte                   0x0800255c   Section        0  main.o(i.Protocol_ReceiveByte)
    i.ReadU32                                0x080025f0   Section        0  main.o(i.ReadU32)
    ReadU32                                  0x080025f1   Thumb Code    16  main.o(i.ReadU32)
    i.SVC_Handler                            0x08002600   Section        0  stm32f1xx_it.o(i.SVC_Handler)
    i.Send_AxisState                         0x08002604   Section        0  main.o(i.Send_AxisState)
    Send_AxisState                           0x08002605   Thumb Code    28  main.o(i.Send_AxisState)
    i.Send_Status                            0x08002624   Section        0  main.o(i.Send_Status)
    Send_Status                              0x08002625   Thumb Code    54  main.o(i.Send_Status)
    i.Stepper_TimerElapsed                   0x0800265c   Section        0  main.o(i.Stepper_TimerElapsed)
    i.SysTick_Handler                        0x08002750   Section        0  stm32f1xx_it.o(i.SysTick_Handler)
    i.SystemClock_Config                     0x08002754   Section        0  main.o(i.SystemClock_Config)
    i.SystemInit                             0x080027cc   Section        0  system_stm32f1xx.o(i.SystemInit)
    i.TIM2_IRQHandler                        0x080027d0   Section        0  stm32f1xx_it.o(i.TIM2_IRQHandler)
    i.TIM3_IRQHandler                        0x080027dc   Section        0  stm32f1xx_it.o(i.TIM3_IRQHandler)
    i.TIM_Base_SetConfig                     0x080027e8   Section        0  stm32f1xx_hal_tim.o(i.TIM_Base_SetConfig)
    i.TIM_ETR_SetConfig                      0x08002884   Section        0  stm32f1xx_hal_tim.o(i.TIM_ETR_SetConfig)
    i.TIM_ITRx_SetConfig                     0x08002898   Section        0  stm32f1xx_hal_tim.o(i.TIM_ITRx_SetConfig)
    TIM_ITRx_SetConfig                       0x08002899   Thumb Code    16  stm32f1xx_hal_tim.o(i.TIM_ITRx_SetConfig)
    i.TIM_TI1_ConfigInputStage               0x080028a8   Section        0  stm32f1xx_hal_tim.o(i.TIM_TI1_ConfigInputStage)
    TIM_TI1_ConfigInputStage                 0x080028a9   Thumb Code    34  stm32f1xx_hal_tim.o(i.TIM_TI1_ConfigInputStage)
    i.TIM_TI2_ConfigInputStage               0x080028ca   Section        0  stm32f1xx_hal_tim.o(i.TIM_TI2_ConfigInputStage)
    TIM_TI2_ConfigInputStage                 0x080028cb   Thumb Code    36  stm32f1xx_hal_tim.o(i.TIM_TI2_ConfigInputStage)
    i.USART1_CommandIRQ                      0x080028f0   Section        0  main.o(i.USART1_CommandIRQ)
    i.USART1_IRQHandler                      0x0800290c   Section        0  stm32f1xx_it.o(i.USART1_IRQHandler)
    i.USART1_SendFrame                       0x08002910   Section        0  main.o(i.USART1_SendFrame)
    USART1_SendFrame                         0x08002911   Thumb Code   116  main.o(i.USART1_SendFrame)
    i.USBD_CDC_DataIn                        0x08002988   Section        0  usbd_cdc.o(i.USBD_CDC_DataIn)
    USBD_CDC_DataIn                          0x08002989   Thumb Code    70  usbd_cdc.o(i.USBD_CDC_DataIn)
    i.USBD_CDC_DataOut                       0x080029ce   Section        0  usbd_cdc.o(i.USBD_CDC_DataOut)
    USBD_CDC_DataOut                         0x080029cf   Thumb Code    46  usbd_cdc.o(i.USBD_CDC_DataOut)
    i.USBD_CDC_DeInit                        0x080029fc   Section        0  usbd_cdc.o(i.USBD_CDC_DeInit)
    USBD_CDC_DeInit                          0x080029fd   Thumb Code    68  usbd_cdc.o(i.USBD_CDC_DeInit)
    i.USBD_CDC_EP0_RxReady                   0x08002a40   Section        0  usbd_cdc.o(i.USBD_CDC_EP0_RxReady)
    USBD_CDC_EP0_RxReady                     0x08002a41   Thumb Code    36  usbd_cdc.o(i.USBD_CDC_EP0_RxReady)
    i.USBD_CDC_GetDeviceQualifierDescriptor  0x08002a64   Section        0  usbd_cdc.o(i.USBD_CDC_GetDeviceQualifierDescriptor)
    i.USBD_CDC_GetFSCfgDesc                  0x08002a70   Section        0  usbd_cdc.o(i.USBD_CDC_GetFSCfgDesc)
    USBD_CDC_GetFSCfgDesc                    0x08002a71   Thumb Code     8  usbd_cdc.o(i.USBD_CDC_GetFSCfgDesc)
    i.USBD_CDC_GetHSCfgDesc                  0x08002a7c   Section        0  usbd_cdc.o(i.USBD_CDC_GetHSCfgDesc)
    USBD_CDC_GetHSCfgDesc                    0x08002a7d   Thumb Code     8  usbd_cdc.o(i.USBD_CDC_GetHSCfgDesc)
    i.USBD_CDC_GetOtherSpeedCfgDesc          0x08002a88   Section        0  usbd_cdc.o(i.USBD_CDC_GetOtherSpeedCfgDesc)
    USBD_CDC_GetOtherSpeedCfgDesc            0x08002a89   Thumb Code     8  usbd_cdc.o(i.USBD_CDC_GetOtherSpeedCfgDesc)
    i.USBD_CDC_Init                          0x08002a94   Section        0  usbd_cdc.o(i.USBD_CDC_Init)
    USBD_CDC_Init                            0x08002a95   Thumb Code   148  usbd_cdc.o(i.USBD_CDC_Init)
    i.USBD_CDC_ReceivePacket                 0x08002b28   Section        0  usbd_cdc.o(i.USBD_CDC_ReceivePacket)
    i.USBD_CDC_RegisterInterface             0x08002b50   Section        0  usbd_cdc.o(i.USBD_CDC_RegisterInterface)
    i.USBD_CDC_SetRxBuffer                   0x08002b60   Section        0  usbd_cdc.o(i.USBD_CDC_SetRxBuffer)
    i.USBD_CDC_SetTxBuffer                   0x08002b6c   Section        0  usbd_cdc.o(i.USBD_CDC_SetTxBuffer)
    i.USBD_CDC_Setup                         0x08002b7c   Section        0  usbd_cdc.o(i.USBD_CDC_Setup)
    USBD_CDC_Setup                           0x08002b7d   Thumb Code   172  usbd_cdc.o(i.USBD_CDC_Setup)
    i.USBD_CDC_TransmitPacket                0x08002c28   Section        0  usbd_cdc.o(i.USBD_CDC_TransmitPacket)
    i.USBD_ClrClassConfig                    0x08002c5e   Section        0  usbd_core.o(i.USBD_ClrClassConfig)
    i.USBD_CtlContinueRx                     0x08002c6c   Section        0  usbd_ioreq.o(i.USBD_CtlContinueRx)
    i.USBD_CtlContinueSendData               0x08002c7c   Section        0  usbd_ioreq.o(i.USBD_CtlContinueSendData)
    i.USBD_CtlError                          0x08002c8c   Section        0  usbd_ctlreq.o(i.USBD_CtlError)
    i.USBD_CtlPrepareRx                      0x08002ca2   Section        0  usbd_ioreq.o(i.USBD_CtlPrepareRx)
    i.USBD_CtlReceiveStatus                  0x08002cc0   Section        0  usbd_ioreq.o(i.USBD_CtlReceiveStatus)
    i.USBD_CtlSendData                       0x08002cd6   Section        0  usbd_ioreq.o(i.USBD_CtlSendData)
    i.USBD_CtlSendStatus                     0x08002cf0   Section        0  usbd_ioreq.o(i.USBD_CtlSendStatus)
    i.USBD_GetDescriptor                     0x08002d06   Section        0  usbd_ctlreq.o(i.USBD_GetDescriptor)
    USBD_GetDescriptor                       0x08002d07   Thumb Code   232  usbd_ctlreq.o(i.USBD_GetDescriptor)
    i.USBD_GetString                         0x08002dee   Section        0  usbd_ctlreq.o(i.USBD_GetString)
    i.USBD_Init                              0x08002e36   Section        0  usbd_core.o(i.USBD_Init)
    i.USBD_LL_ClearStallEP                   0x08002e60   Section        0  usbd_conf.o(i.USBD_LL_ClearStallEP)
    i.USBD_LL_CloseEP                        0x08002e6e   Section        0  usbd_conf.o(i.USBD_LL_CloseEP)
    i.USBD_LL_DataInStage                    0x08002e7c   Section        0  usbd_core.o(i.USBD_LL_DataInStage)
    i.USBD_LL_DataOutStage                   0x08002f42   Section        0  usbd_core.o(i.USBD_LL_DataOutStage)
    i.USBD_LL_GetRxDataSize                  0x08002fc4   Section        0  usbd_conf.o(i.USBD_LL_GetRxDataSize)
    i.USBD_LL_Init                           0x08002fcc   Section        0  usbd_conf.o(i.USBD_LL_Init)
    i.USBD_LL_IsStallEP                      0x08003040   Section        0  usbd_conf.o(i.USBD_LL_IsStallEP)
    i.USBD_LL_OpenEP                         0x0800305e   Section        0  usbd_conf.o(i.USBD_LL_OpenEP)
    i.USBD_LL_PrepareReceive                 0x08003072   Section        0  usbd_conf.o(i.USBD_LL_PrepareReceive)
    i.USBD_LL_Reset                          0x08003080   Section        0  usbd_core.o(i.USBD_LL_Reset)
    i.USBD_LL_Resume                         0x080030d0   Section        0  usbd_core.o(i.USBD_LL_Resume)
    i.USBD_LL_SOF                            0x080030e4   Section        0  usbd_core.o(i.USBD_LL_SOF)
    i.USBD_LL_SetSpeed                       0x080030fc   Section        0  usbd_core.o(i.USBD_LL_SetSpeed)
    i.USBD_LL_SetUSBAddress                  0x08003102   Section        0  usbd_conf.o(i.USBD_LL_SetUSBAddress)
    i.USBD_LL_SetupStage                     0x08003110   Section        0  usbd_core.o(i.USBD_LL_SetupStage)
    i.USBD_LL_StallEP                        0x0800316a   Section        0  usbd_conf.o(i.USBD_LL_StallEP)
    i.USBD_LL_Start                          0x08003178   Section        0  usbd_conf.o(i.USBD_LL_Start)
    i.USBD_LL_Suspend                        0x08003186   Section        0  usbd_core.o(i.USBD_LL_Suspend)
    i.USBD_LL_Transmit                       0x08003198   Section        0  usbd_conf.o(i.USBD_LL_Transmit)
    i.USBD_ParseSetupRequest                 0x080031a6   Section        0  usbd_ctlreq.o(i.USBD_ParseSetupRequest)
    i.USBD_RegisterClass                     0x080031ce   Section        0  usbd_core.o(i.USBD_RegisterClass)
    i.USBD_SetClassConfig                    0x080031de   Section        0  usbd_core.o(i.USBD_SetClassConfig)
    i.USBD_SetConfig                         0x080031f4   Section        0  usbd_ctlreq.o(i.USBD_SetConfig)
    USBD_SetConfig                           0x080031f5   Thumb Code   128  usbd_ctlreq.o(i.USBD_SetConfig)
    i.USBD_Start                             0x08003278   Section        0  usbd_core.o(i.USBD_Start)
    i.USBD_StdDevReq                         0x08003282   Section        0  usbd_ctlreq.o(i.USBD_StdDevReq)
    i.USBD_StdEPReq                          0x08003394   Section        0  usbd_ctlreq.o(i.USBD_StdEPReq)
    i.USBD_StdItfReq                         0x080034e4   Section        0  usbd_ctlreq.o(i.USBD_StdItfReq)
    i.USBD_VCP_ConfigStrDescriptor           0x08003534   Section        0  usbd_desc.o(i.USBD_VCP_ConfigStrDescriptor)
    i.USBD_VCP_DeviceDescriptor              0x08003554   Section        0  usbd_desc.o(i.USBD_VCP_DeviceDescriptor)
    i.USBD_VCP_InterfaceStrDescriptor        0x08003560   Section        0  usbd_desc.o(i.USBD_VCP_InterfaceStrDescriptor)
    i.USBD_VCP_LangIDStrDescriptor           0x08003584   Section        0  usbd_desc.o(i.USBD_VCP_LangIDStrDescriptor)
    i.USBD_VCP_ManufacturerStrDescriptor     0x08003590   Section        0  usbd_desc.o(i.USBD_VCP_ManufacturerStrDescriptor)
    i.USBD_VCP_ProductStrDescriptor          0x080035b4   Section        0  usbd_desc.o(i.USBD_VCP_ProductStrDescriptor)
    i.USBD_VCP_SerialStrDescriptor           0x080035e4   Section        0  usbd_desc.o(i.USBD_VCP_SerialStrDescriptor)
    i.USBD_static_free                       0x0800361c   Section        0  usbd_conf.o(i.USBD_static_free)
    i.USBD_static_malloc                     0x08003620   Section        0  usbd_conf.o(i.USBD_static_malloc)
    i.USB_ActivateEndpoint                   0x08003628   Section        0  stm32f1xx_ll_usb.o(i.USB_ActivateEndpoint)
    i.USB_CoreInit                           0x080038c4   Section        0  stm32f1xx_ll_usb.o(i.USB_CoreInit)
    i.USB_DeactivateEndpoint                 0x080038c8   Section        0  stm32f1xx_ll_usb.o(i.USB_DeactivateEndpoint)
    i.USB_DevConnect                         0x080039d6   Section        0  stm32f1xx_ll_usb.o(i.USB_DevConnect)
    i.USB_DevDisconnect                      0x080039da   Section        0  stm32f1xx_ll_usb.o(i.USB_DevDisconnect)
    i.USB_DevInit                            0x080039de   Section        0  stm32f1xx_ll_usb.o(i.USB_DevInit)
    i.USB_DisableGlobalInt                   0x080039f0   Section        0  stm32f1xx_ll_usb.o(i.USB_DisableGlobalInt)
    i.USB_EP0_OutStart                       0x080039fe   Section        0  stm32f1xx_ll_usb.o(i.USB_EP0_OutStart)
    i.USB_EPClearStall                       0x08003a02   Section        0  stm32f1xx_ll_usb.o(i.USB_EPClearStall)
    i.USB_EPSetStall                         0x08003a7a   Section        0  stm32f1xx_ll_usb.o(i.USB_EPSetStall)
    i.USB_EPStartXfer                        0x08003aac   Section        0  stm32f1xx_ll_usb.o(i.USB_EPStartXfer)
    i.USB_EnableGlobalInt                    0x08003f8e   Section        0  stm32f1xx_ll_usb.o(i.USB_EnableGlobalInt)
    i.USB_LP_CAN1_RX0_IRQHandler             0x08003fa0   Section        0  stm32f1xx_it.o(i.USB_LP_CAN1_RX0_IRQHandler)
    i.USB_ReadInterrupts                     0x08003fac   Section        0  stm32f1xx_ll_usb.o(i.USB_ReadInterrupts)
    i.USB_ReadPMA                            0x08003fb4   Section        0  stm32f1xx_ll_usb.o(i.USB_ReadPMA)
    i.USB_SetCurrentMode                     0x08003fe0   Section        0  stm32f1xx_ll_usb.o(i.USB_SetCurrentMode)
    i.USB_SetDevAddress                      0x08003fe4   Section        0  stm32f1xx_ll_usb.o(i.USB_SetDevAddress)
    i.USB_WritePMA                           0x08003ff0   Section        0  stm32f1xx_ll_usb.o(i.USB_WritePMA)
    i.UsageFault_Handler                     0x08004016   Section        0  stm32f1xx_it.o(i.UsageFault_Handler)
    i.__NVIC_SetPriority                     0x08004018   Section        0  stm32f1xx_hal_cortex.o(i.__NVIC_SetPriority)
    __NVIC_SetPriority                       0x08004019   Thumb Code    32  stm32f1xx_hal_cortex.o(i.__NVIC_SetPriority)
    i.main                                   0x08004038   Section        0  main.o(i.main)
    .constdata                               0x080040cc   Section       18  stm32f1xx_hal_rcc.o(.constdata)
    aPredivFactorTable                       0x080040cc   Data           2  stm32f1xx_hal_rcc.o(.constdata)
    aPLLMULFactorTable                       0x080040ce   Data          16  stm32f1xx_hal_rcc.o(.constdata)
    .constdata                               0x080040de   Section       16  system_stm32f1xx.o(.constdata)
    .constdata                               0x080040ee   Section        8  system_stm32f1xx.o(.constdata)
    .data                                    0x20000000   Section        6  main.o(.data)
    rx_state                                 0x20000000   Data           1  main.o(.data)
    rx_command                               0x20000001   Data           1  main.o(.data)
    rx_length                                0x20000002   Data           1  main.o(.data)
    rx_index                                 0x20000003   Data           1  main.o(.data)
    rx_crc                                   0x20000004   Data           1  main.o(.data)
    frame_ready                              0x20000005   Data           1  main.o(.data)
    .data                                    0x20000008   Section       12  stm32f1xx_hal.o(.data)
    .data                                    0x20000014   Section        4  system_stm32f1xx.o(.data)
    .data                                    0x20000018   Section        8  usbd_cdc_if.o(.data)
    LineCoding                               0x20000018   Data           8  usbd_cdc_if.o(.data)
    .data                                    0x20000020   Section       16  usbd_cdc_if.o(.data)
    .data                                    0x20000030   Section       28  usbd_desc.o(.data)
    .data                                    0x2000004c   Section       50  usbd_desc.o(.data)
    .data                                    0x2000007e   Section        1  usbd_ctlreq.o(.data)
    cfgidx                                   0x2000007e   Data           1  usbd_ctlreq.o(.data)
    .data                                    0x20000080   Section      215  usbd_cdc.o(.data)
    USBD_CDC_DeviceQualifierDesc             0x20000080   Data          10  usbd_cdc.o(.data)
    .data                                    0x20000158   Section       56  usbd_cdc.o(.data)
    .bss                                     0x20000190   Section       80  main.o(.bss)
    rx_payload                               0x20000190   Data          24  main.o(.bss)
    .bss                                     0x200001e0   Section      144  tim.o(.bss)
    .bss                                     0x20000270   Section      708  usb_device.o(.bss)
    .bss                                     0x20000534   Section      128  usbd_cdc_if.o(.bss)
    UserRxBuffer                             0x20000534   Data          64  usbd_cdc_if.o(.bss)
    UserTxBuffer                             0x20000574   Data          64  usbd_cdc_if.o(.bss)
    .bss                                     0x200005b4   Section     1288  usbd_conf.o(.bss)
    mem                                      0x200005b4   Data         560  usbd_conf.o(.bss)
    .bss                                     0x20000abc   Section      256  usbd_desc.o(.bss)
    .bss                                     0x20000bbc   Section       96  libspace.o(.bss)
    HEAP                                     0x20000c20   Section      512  startup_stm32f103xe.o(HEAP)
    Heap_Mem                                 0x20000c20   Data         512  startup_stm32f103xe.o(HEAP)
    STACK                                    0x20000e20   Section     1024  startup_stm32f103xe.o(STACK)
    Stack_Mem                                0x20000e20   Data        1024  startup_stm32f103xe.o(STACK)
    __initial_sp                             0x20001220   Data           0  startup_stm32f103xe.o(STACK)

    Global Symbols

    Symbol Name                              Value     Ov Type        Size  Object(Section)

    BuildAttributes$$THM_ISAv4$P$D$K$B$S$PE$A:L22UL41UL21$X:L11$S22US41US21$IEEE1$IW$USESV6$~STKCKD$USESV7$~SHL$OSPACE$ROPI$EBA8$UX$STANDARDLIB$REQ8$PRES8$EABIv2 0x00000000   Number         0  anon$$obj.o ABSOLUTE
    __ARM_use_no_argv                        0x00000000   Number         0  main.o ABSOLUTE
    __ARM_exceptions_init                     - Undefined Weak Reference
    __alloca_initialize                       - Undefined Weak Reference
    __arm_fini_                               - Undefined Weak Reference
    __arm_preinit_                            - Undefined Weak Reference
    __cpp_initialize__aeabi_                  - Undefined Weak Reference
    __cxa_finalize                            - Undefined Weak Reference
    __rt_locale                               - Undefined Weak Reference
    __sigvec_lookup                           - Undefined Weak Reference
    _atexit_init                              - Undefined Weak Reference
    _call_atexit_fns                          - Undefined Weak Reference
    _clock_init                               - Undefined Weak Reference
    _fp_trap_init                             - Undefined Weak Reference
    _fp_trap_shutdown                         - Undefined Weak Reference
    _get_lc_collate                           - Undefined Weak Reference
    _get_lc_ctype                             - Undefined Weak Reference
    _get_lc_monetary                          - Undefined Weak Reference
    _get_lc_numeric                           - Undefined Weak Reference
    _get_lc_time                              - Undefined Weak Reference
    _getenv_init                              - Undefined Weak Reference
    _handle_redirection                       - Undefined Weak Reference
    _init_alloc                               - Undefined Weak Reference
    _init_user_alloc                          - Undefined Weak Reference
    _initio                                   - Undefined Weak Reference
    _rand_init                                - Undefined Weak Reference
    _signal_finish                            - Undefined Weak Reference
    _signal_init                              - Undefined Weak Reference
    _terminate_alloc                          - Undefined Weak Reference
    _terminate_user_alloc                     - Undefined Weak Reference
    _terminateio                              - Undefined Weak Reference
    __Vectors_Size                           0x00000130   Number         0  startup_stm32f103xe.o ABSOLUTE
    __Vectors                                0x08000000   Data           4  startup_stm32f103xe.o(RESET)
    __Vectors_End                            0x08000130   Data           0  startup_stm32f103xe.o(RESET)
    __main                                   0x08000131   Thumb Code     8  __main.o(!!!main)
    __scatterload                            0x08000139   Thumb Code     0  __scatter.o(!!!scatter)
    __scatterload_rt2                        0x08000139   Thumb Code    44  __scatter.o(!!!scatter)
    __scatterload_rt2_thumb_only             0x08000139   Thumb Code     0  __scatter.o(!!!scatter)
    __scatterload_null                       0x08000147   Thumb Code     0  __scatter.o(!!!scatter)
    __decompress                             0x0800016d   Thumb Code    90  __dczerorl2.o(!!dczerorl2)
    __decompress1                            0x0800016d   Thumb Code     0  __dczerorl2.o(!!dczerorl2)
    __scatterload_zeroinit                   0x080001c9   Thumb Code    28  __scatter_zi.o(!!handler_zi)
    __rt_lib_init                            0x080001e5   Thumb Code     0  libinit.o(.ARM.Collect$$libinit$$00000000)
    __rt_lib_init_alloca_1                   0x080001e7   Thumb Code     0  libinit2.o(.ARM.Collect$$libinit$$0000002E)
    __rt_lib_init_argv_1                     0x080001e7   Thumb Code     0  libinit2.o(.ARM.Collect$$libinit$$0000002C)
    __rt_lib_init_atexit_1                   0x080001e7   Thumb Code     0  libinit2.o(.ARM.Collect$$libinit$$0000001B)
    __rt_lib_init_clock_1                    0x080001e7   Thumb Code     0  libinit2.o(.ARM.Collect$$libinit$$00000021)
    __rt_lib_init_cpp_1                      0x080001e7   Thumb Code     0  libinit2.o(.ARM.Collect$$libinit$$00000032)
    __rt_lib_init_exceptions_1               0x080001e7   Thumb Code     0  libinit2.o(.ARM.Collect$$libinit$$00000030)
    __rt_lib_init_fp_1                       0x080001e7   Thumb Code     0  libinit2.o(.ARM.Collect$$libinit$$00000002)
    __rt_lib_init_fp_trap_1                  0x080001e7   Thumb Code     0  libinit2.o(.ARM.Collect$$libinit$$0000001F)
    __rt_lib_init_getenv_1                   0x080001e7   Thumb Code     0  libinit2.o(.ARM.Collect$$libinit$$00000023)
    __rt_lib_init_heap_1                     0x080001e7   Thumb Code     0  libinit2.o(.ARM.Collect$$libinit$$0000000A)
    __rt_lib_init_lc_collate_1               0x080001e7   Thumb Code     0  libinit2.o(.ARM.Collect$$libinit$$00000011)
    __rt_lib_init_lc_ctype_1                 0x080001e7   Thumb Code     0  libinit2.o(.ARM.Collect$$libinit$$00000013)
    __rt_lib_init_lc_monetary_1              0x080001e7   Thumb Code     0  libinit2.o(.ARM.Collect$$libinit$$00000015)
    __rt_lib_init_lc_numeric_1               0x080001e7   Thumb Code     0  libinit2.o(.ARM.Collect$$libinit$$00000017)
    __rt_lib_init_lc_time_1                  0x080001e7   Thumb Code     0  libinit2.o(.ARM.Collect$$libinit$$00000019)
    __rt_lib_init_preinit_1                  0x080001e7   Thumb Code     0  libinit2.o(.ARM.Collect$$libinit$$00000004)
    __rt_lib_init_rand_1                     0x080001e7   Thumb Code     0  libinit2.o(.ARM.Collect$$libinit$$0000000E)
    __rt_lib_init_return                     0x080001e7   Thumb Code     0  libinit2.o(.ARM.Collect$$libinit$$00000033)
    __rt_lib_init_signal_1                   0x080001e7   Thumb Code     0  libinit2.o(.ARM.Collect$$libinit$$0000001D)
    __rt_lib_init_stdio_1                    0x080001e7   Thumb Code     0  libinit2.o(.ARM.Collect$$libinit$$00000025)
    __rt_lib_init_user_alloc_1               0x080001e7   Thumb Code     0  libinit2.o(.ARM.Collect$$libinit$$0000000C)
    __rt_lib_shutdown                        0x080001e9   Thumb Code     0  libshutdown.o(.ARM.Collect$$libshutdown$$00000000)
    __rt_lib_shutdown_cpp_1                  0x080001eb   Thumb Code     0  libshutdown2.o(.ARM.Collect$$libshutdown$$00000004)
    __rt_lib_shutdown_fini_1                 0x080001eb   Thumb Code     0  libshutdown2.o(.ARM.Collect$$libshutdown$$00000002)
    __rt_lib_shutdown_fp_trap_1              0x080001eb   Thumb Code     0  libshutdown2.o(.ARM.Collect$$libshutdown$$00000009)
    __rt_lib_shutdown_heap_1                 0x080001eb   Thumb Code     0  libshutdown2.o(.ARM.Collect$$libshutdown$$00000011)
    __rt_lib_shutdown_return                 0x080001eb   Thumb Code     0  libshutdown2.o(.ARM.Collect$$libshutdown$$00000012)
    __rt_lib_shutdown_signal_1               0x080001eb   Thumb Code     0  libshutdown2.o(.ARM.Collect$$libshutdown$$0000000C)
    __rt_lib_shutdown_stdio_1                0x080001eb   Thumb Code     0  libshutdown2.o(.ARM.Collect$$libshutdown$$00000006)
    __rt_lib_shutdown_user_alloc_1           0x080001eb   Thumb Code     0  libshutdown2.o(.ARM.Collect$$libshutdown$$0000000E)
    __rt_entry                               0x080001ed   Thumb Code     0  __rtentry.o(.ARM.Collect$$rtentry$$00000000)
    __rt_entry_presh_1                       0x080001ed   Thumb Code     0  __rtentry2.o(.ARM.Collect$$rtentry$$00000002)
    __rt_entry_sh                            0x080001ed   Thumb Code     0  __rtentry4.o(.ARM.Collect$$rtentry$$00000004)
    __rt_entry_li                            0x080001f3   Thumb Code     0  __rtentry2.o(.ARM.Collect$$rtentry$$0000000A)
    __rt_entry_postsh_1                      0x080001f3   Thumb Code     0  __rtentry2.o(.ARM.Collect$$rtentry$$00000009)
    __rt_entry_main                          0x080001f7   Thumb Code     0  __rtentry2.o(.ARM.Collect$$rtentry$$0000000D)
    __rt_entry_postli_1                      0x080001f7   Thumb Code     0  __rtentry2.o(.ARM.Collect$$rtentry$$0000000C)
    __rt_exit                                0x080001ff   Thumb Code     0  rtexit.o(.ARM.Collect$$rtexit$$00000000)
    __rt_exit_ls                             0x08000201   Thumb Code     0  rtexit2.o(.ARM.Collect$$rtexit$$00000003)
    __rt_exit_prels_1                        0x08000201   Thumb Code     0  rtexit2.o(.ARM.Collect$$rtexit$$00000002)
    __rt_exit_exit                           0x08000205   Thumb Code     0  rtexit2.o(.ARM.Collect$$rtexit$$00000004)
    Reset_Handler                            0x0800020d   Thumb Code     8  startup_stm32f103xe.o(.text)
    ADC1_2_IRQHandler                        0x08000227   Thumb Code     0  startup_stm32f103xe.o(.text)
    ADC3_IRQHandler                          0x08000227   Thumb Code     0  startup_stm32f103xe.o(.text)
    CAN1_RX1_IRQHandler                      0x08000227   Thumb Code     0  startup_stm32f103xe.o(.text)
    CAN1_SCE_IRQHandler                      0x08000227   Thumb Code     0  startup_stm32f103xe.o(.text)
    DMA1_Channel1_IRQHandler                 0x08000227   Thumb Code     0  startup_stm32f103xe.o(.text)
    DMA1_Channel2_IRQHandler                 0x08000227   Thumb Code     0  startup_stm32f103xe.o(.text)
    DMA1_Channel3_IRQHandler                 0x08000227   Thumb Code     0  startup_stm32f103xe.o(.text)
    DMA1_Channel4_IRQHandler                 0x08000227   Thumb Code     0  startup_stm32f103xe.o(.text)
    DMA1_Channel5_IRQHandler                 0x08000227   Thumb Code     0  startup_stm32f103xe.o(.text)
    DMA1_Channel6_IRQHandler                 0x08000227   Thumb Code     0  startup_stm32f103xe.o(.text)
    DMA1_Channel7_IRQHandler                 0x08000227   Thumb Code     0  startup_stm32f103xe.o(.text)
    DMA2_Channel1_IRQHandler                 0x08000227   Thumb Code     0  startup_stm32f103xe.o(.text)
    DMA2_Channel2_IRQHandler                 0x08000227   Thumb Code     0  startup_stm32f103xe.o(.text)
    DMA2_Channel3_IRQHandler                 0x08000227   Thumb Code     0  startup_stm32f103xe.o(.text)
    DMA2_Channel4_5_IRQHandler               0x08000227   Thumb Code     0  startup_stm32f103xe.o(.text)
    EXTI0_IRQHandler                         0x08000227   Thumb Code     0  startup_stm32f103xe.o(.text)
    EXTI15_10_IRQHandler                     0x08000227   Thumb Code     0  startup_stm32f103xe.o(.text)
    EXTI1_IRQHandler                         0x08000227   Thumb Code     0  startup_stm32f103xe.o(.text)
    EXTI2_IRQHandler                         0x08000227   Thumb Code     0  startup_stm32f103xe.o(.text)
    EXTI3_IRQHandler                         0x08000227   Thumb Code     0  startup_stm32f103xe.o(.text)
    EXTI4_IRQHandler                         0x08000227   Thumb Code     0  startup_stm32f103xe.o(.text)
    EXTI9_5_IRQHandler                       0x08000227   Thumb Code     0  startup_stm32f103xe.o(.text)
    FLASH_IRQHandler                         0x08000227   Thumb Code     0  startup_stm32f103xe.o(.text)
    FSMC_IRQHandler                          0x08000227   Thumb Code     0  startup_stm32f103xe.o(.text)
    I2C1_ER_IRQHandler                       0x08000227   Thumb Code     0  startup_stm32f103xe.o(.text)
    I2C1_EV_IRQHandler                       0x08000227   Thumb Code     0  startup_stm32f103xe.o(.text)
    I2C2_ER_IRQHandler                       0x08000227   Thumb Code     0  startup_stm32f103xe.o(.text)
    I2C2_EV_IRQHandler                       0x08000227   Thumb Code     0  startup_stm32f103xe.o(.text)
    PVD_IRQHandler                           0x08000227   Thumb Code     0  startup_stm32f103xe.o(.text)
    RCC_IRQHandler                           0x08000227   Thumb Code     0  startup_stm32f103xe.o(.text)
    RTC_Alarm_IRQHandler                     0x08000227   Thumb Code     0  startup_stm32f103xe.o(.text)
    RTC_IRQHandler                           0x08000227   Thumb Code     0  startup_stm32f103xe.o(.text)
    SDIO_IRQHandler                          0x08000227   Thumb Code     0  startup_stm32f103xe.o(.text)
    SPI1_IRQHandler                          0x08000227   Thumb Code     0  startup_stm32f103xe.o(.text)
    SPI2_IRQHandler                          0x08000227   Thumb Code     0  startup_stm32f103xe.o(.text)
    SPI3_IRQHandler                          0x08000227   Thumb Code     0  startup_stm32f103xe.o(.text)
    TAMPER_IRQHandler                        0x08000227   Thumb Code     0  startup_stm32f103xe.o(.text)
    TIM1_BRK_IRQHandler                      0x08000227   Thumb Code     0  startup_stm32f103xe.o(.text)
    TIM1_CC_IRQHandler                       0x08000227   Thumb Code     0  startup_stm32f103xe.o(.text)
    TIM1_TRG_COM_IRQHandler                  0x08000227   Thumb Code     0  startup_stm32f103xe.o(.text)
    TIM1_UP_IRQHandler                       0x08000227   Thumb Code     0  startup_stm32f103xe.o(.text)
    TIM4_IRQHandler                          0x08000227   Thumb Code     0  startup_stm32f103xe.o(.text)
    TIM5_IRQHandler                          0x08000227   Thumb Code     0  startup_stm32f103xe.o(.text)
    TIM6_IRQHandler                          0x08000227   Thumb Code     0  startup_stm32f103xe.o(.text)
    TIM7_IRQHandler                          0x08000227   Thumb Code     0  startup_stm32f103xe.o(.text)
    TIM8_BRK_IRQHandler                      0x08000227   Thumb Code     0  startup_stm32f103xe.o(.text)
    TIM8_CC_IRQHandler                       0x08000227   Thumb Code     0  startup_stm32f103xe.o(.text)
    TIM8_TRG_COM_IRQHandler                  0x08000227   Thumb Code     0  startup_stm32f103xe.o(.text)
    TIM8_UP_IRQHandler                       0x08000227   Thumb Code     0  startup_stm32f103xe.o(.text)
    UART4_IRQHandler                         0x08000227   Thumb Code     0  startup_stm32f103xe.o(.text)
    UART5_IRQHandler                         0x08000227   Thumb Code     0  startup_stm32f103xe.o(.text)
    USART2_IRQHandler                        0x08000227   Thumb Code     0  startup_stm32f103xe.o(.text)
    USART3_IRQHandler                        0x08000227   Thumb Code     0  startup_stm32f103xe.o(.text)
    USBWakeUp_IRQHandler                     0x08000227   Thumb Code     0  startup_stm32f103xe.o(.text)
    USB_HP_CAN1_TX_IRQHandler                0x08000227   Thumb Code     0  startup_stm32f103xe.o(.text)
    WWDG_IRQHandler                          0x08000227   Thumb Code     0  startup_stm32f103xe.o(.text)
    __user_initial_stackheap                 0x08000229   Thumb Code     0  startup_stm32f103xe.o(.text)
    __aeabi_memcpy                           0x0800024d   Thumb Code     0  rt_memcpy_v6.o(.text)
    __rt_memcpy                              0x0800024d   Thumb Code   138  rt_memcpy_v6.o(.text)
    _memcpy_lastbytes                        0x080002b3   Thumb Code     0  rt_memcpy_v6.o(.text)
    __aeabi_memclr4                          0x080002d7   Thumb Code     0  rt_memclr_w.o(.text)
    __aeabi_memclr8                          0x080002d7   Thumb Code     0  rt_memclr_w.o(.text)
    __rt_memclr_w                            0x080002d7   Thumb Code    78  rt_memclr_w.o(.text)
    _memset_w                                0x080002db   Thumb Code     0  rt_memclr_w.o(.text)
    __use_two_region_memory                  0x08000325   Thumb Code     2  heapauxi.o(.text)
    __rt_heap_escrow$2region                 0x08000327   Thumb Code     2  heapauxi.o(.text)
    __rt_heap_expand$2region                 0x08000329   Thumb Code     2  heapauxi.o(.text)
    __aeabi_memcpy4                          0x0800032b   Thumb Code     0  rt_memcpy_w.o(.text)
    __aeabi_memcpy8                          0x0800032b   Thumb Code     0  rt_memcpy_w.o(.text)
    __rt_memcpy_w                            0x0800032b   Thumb Code   100  rt_memcpy_w.o(.text)
    _memcpy_lastbytes_aligned                0x08000373   Thumb Code     0  rt_memcpy_w.o(.text)
    __user_setup_stackheap                   0x0800038f   Thumb Code    74  sys_stackheap_outer.o(.text)
    exit                                     0x080003d9   Thumb Code    18  exit.o(.text)
    __user_libspace                          0x080003ed   Thumb Code     8  libspace.o(.text)
    __user_perproc_libspace                  0x080003ed   Thumb Code     0  libspace.o(.text)
    __user_perthread_libspace                0x080003ed   Thumb Code     0  libspace.o(.text)
    _sys_exit                                0x080003f5   Thumb Code     8  sys_exit.o(.text)
    __I$use$semihosting                      0x08000401   Thumb Code     0  use_no_semi.o(.text)
    __use_no_semihosting_swi                 0x08000401   Thumb Code     2  use_no_semi.o(.text)
    __semihosting_library_function           0x08000403   Thumb Code     0  indicate_semi.o(.text)
    BusFault_Handler                         0x08000649   Thumb Code     2  stm32f1xx_it.o(i.BusFault_Handler)
    CDC_Transmit_FS                          0x080006f9   Thumb Code    56  usbd_cdc_if.o(i.CDC_Transmit_FS)
    DebugMon_Handler                         0x08000757   Thumb Code     2  stm32f1xx_it.o(i.DebugMon_Handler)
    Error_Handler                            0x08000759   Thumb Code     4  main.o(i.Error_Handler)
    HAL_GPIO_Init                            0x0800075d   Thumb Code   462  stm32f1xx_hal_gpio.o(i.HAL_GPIO_Init)
    HAL_GPIO_ReadPin                         0x08000955   Thumb Code    10  stm32f1xx_hal_gpio.o(i.HAL_GPIO_ReadPin)
    HAL_GPIO_WritePin                        0x0800095f   Thumb Code    10  stm32f1xx_hal_gpio.o(i.HAL_GPIO_WritePin)
    HAL_GetTick                              0x08000969   Thumb Code     6  stm32f1xx_hal.o(i.HAL_GetTick)
    HAL_IncTick                              0x08000975   Thumb Code    12  stm32f1xx_hal.o(i.HAL_IncTick)
    HAL_Init                                 0x08000985   Thumb Code    32  stm32f1xx_hal.o(i.HAL_Init)
    HAL_InitTick                             0x080009a9   Thumb Code    54  stm32f1xx_hal.o(i.HAL_InitTick)
    HAL_MspInit                              0x080009e9   Thumb Code    52  stm32f1xx_hal_msp.o(i.HAL_MspInit)
    HAL_NVIC_EnableIRQ                       0x08000a25   Thumb Code    26  stm32f1xx_hal_cortex.o(i.HAL_NVIC_EnableIRQ)
    HAL_NVIC_SetPriority                     0x08000a41   Thumb Code    60  stm32f1xx_hal_cortex.o(i.HAL_NVIC_SetPriority)
    HAL_NVIC_SetPriorityGrouping             0x08000a81   Thumb Code    26  stm32f1xx_hal_cortex.o(i.HAL_NVIC_SetPriorityGrouping)
    HAL_PCDEx_PMAConfig                      0x08000aa5   Thumb Code    60  stm32f1xx_hal_pcd_ex.o(i.HAL_PCDEx_PMAConfig)
    HAL_PCDEx_SetConnectionState             0x08000ae1   Thumb Code     2  usbd_conf.o(i.HAL_PCDEx_SetConnectionState)
    HAL_PCD_DataInStageCallback              0x08000ae3   Thumb Code    18  usbd_conf.o(i.HAL_PCD_DataInStageCallback)
    HAL_PCD_DataOutStageCallback             0x08000af5   Thumb Code    20  usbd_conf.o(i.HAL_PCD_DataOutStageCallback)
    HAL_PCD_EP_Close                         0x08000b09   Thumb Code    74  stm32f1xx_hal_pcd.o(i.HAL_PCD_EP_Close)
    HAL_PCD_EP_ClrStall                      0x08000b53   Thumb Code    90  stm32f1xx_hal_pcd.o(i.HAL_PCD_EP_ClrStall)
    HAL_PCD_EP_GetRxCount                    0x08000fcb   Thumb Code    18  stm32f1xx_hal_pcd.o(i.HAL_PCD_EP_GetRxCount)
    HAL_PCD_EP_Open                          0x08000fdd   Thumb Code    88  stm32f1xx_hal_pcd.o(i.HAL_PCD_EP_Open)
    HAL_PCD_EP_Receive                       0x08001035   Thumb Code    46  stm32f1xx_hal_pcd.o(i.HAL_PCD_EP_Receive)
    HAL_PCD_EP_SetStall                      0x08001063   Thumb Code   112  stm32f1xx_hal_pcd.o(i.HAL_PCD_EP_SetStall)
    HAL_PCD_EP_Transmit                      0x080010d3   Thumb Code    46  stm32f1xx_hal_pcd.o(i.HAL_PCD_EP_Transmit)
    HAL_PCD_IRQHandler                       0x08001101   Thumb Code   308  stm32f1xx_hal_pcd.o(i.HAL_PCD_IRQHandler)
    HAL_PCD_Init                             0x08001235   Thumb Code   186  stm32f1xx_hal_pcd.o(i.HAL_PCD_Init)
    HAL_PCD_MspInit                          0x080012f1   Thumb Code    84  usbd_conf.o(i.HAL_PCD_MspInit)
    HAL_PCD_ResetCallback                    0x0800134d   Thumb Code    26  usbd_conf.o(i.HAL_PCD_ResetCallback)
    HAL_PCD_ResumeCallback                   0x08001367   Thumb Code     8  usbd_conf.o(i.HAL_PCD_ResumeCallback)
    HAL_PCD_SOFCallback                      0x0800136f   Thumb Code     8  usbd_conf.o(i.HAL_PCD_SOFCallback)
    HAL_PCD_SetAddress                       0x08001377   Thumb Code    38  stm32f1xx_hal_pcd.o(i.HAL_PCD_SetAddress)
    HAL_PCD_SetupStageCallback               0x0800139d   Thumb Code    14  usbd_conf.o(i.HAL_PCD_SetupStageCallback)
    HAL_PCD_Start                            0x080013ab   Thumb Code    50  stm32f1xx_hal_pcd.o(i.HAL_PCD_Start)
    HAL_PCD_SuspendCallback                  0x080013dd   Thumb Code     8  usbd_conf.o(i.HAL_PCD_SuspendCallback)
    HAL_RCCEx_PeriphCLKConfig                0x080013e5   Thumb Code   224  stm32f1xx_hal_rcc_ex.o(i.HAL_RCCEx_PeriphCLKConfig)
    HAL_RCC_ClockConfig                      0x080014d1   Thumb Code   280  stm32f1xx_hal_rcc.o(i.HAL_RCC_ClockConfig)
    HAL_RCC_GetPCLK2Freq                     0x080015fd   Thumb Code    20  stm32f1xx_hal_rcc.o(i.HAL_RCC_GetPCLK2Freq)
    HAL_RCC_GetSysClockFreq                  0x0800161d   Thumb Code    58  stm32f1xx_hal_rcc.o(i.HAL_RCC_GetSysClockFreq)
    HAL_RCC_OscConfig                        0x08001669   Thumb Code   778  stm32f1xx_hal_rcc.o(i.HAL_RCC_OscConfig)
    HAL_SYSTICK_Config                       0x08001989   Thumb Code    40  stm32f1xx_hal_cortex.o(i.HAL_SYSTICK_Config)
    HAL_TIMEx_BreakCallback                  0x080019b1   Thumb Code     2  stm32f1xx_hal_tim_ex.o(i.HAL_TIMEx_BreakCallback)
    HAL_TIMEx_CommutCallback                 0x080019b3   Thumb Code     2  stm32f1xx_hal_tim_ex.o(i.HAL_TIMEx_CommutCallback)
    HAL_TIMEx_MasterConfigSynchronization    0x080019b5   Thumb Code   104  stm32f1xx_hal_tim_ex.o(i.HAL_TIMEx_MasterConfigSynchronization)
    HAL_TIM_Base_Init                        0x08001a31   Thumb Code    90  stm32f1xx_hal_tim.o(i.HAL_TIM_Base_Init)
    HAL_TIM_Base_MspInit                     0x08001a8d   Thumb Code    86  tim.o(i.HAL_TIM_Base_MspInit)
    HAL_TIM_Base_Start_IT                    0x08001aed   Thumb Code    88  stm32f1xx_hal_tim.o(i.HAL_TIM_Base_Start_IT)
    HAL_TIM_Base_Stop_IT                     0x08001b59   Thumb Code    48  stm32f1xx_hal_tim.o(i.HAL_TIM_Base_Stop_IT)
    HAL_TIM_ConfigClockSource                0x08001b89   Thumb Code   220  stm32f1xx_hal_tim.o(i.HAL_TIM_ConfigClockSource)
    HAL_TIM_IC_CaptureCallback               0x08001c65   Thumb Code     2  stm32f1xx_hal_tim.o(i.HAL_TIM_IC_CaptureCallback)
    HAL_TIM_IRQHandler                       0x08001c67   Thumb Code   304  stm32f1xx_hal_tim.o(i.HAL_TIM_IRQHandler)
    HAL_TIM_OC_DelayElapsedCallback          0x08001d97   Thumb Code     2  stm32f1xx_hal_tim.o(i.HAL_TIM_OC_DelayElapsedCallback)
    HAL_TIM_PWM_PulseFinishedCallback        0x08001d99   Thumb Code     2  stm32f1xx_hal_tim.o(i.HAL_TIM_PWM_PulseFinishedCallback)
    HAL_TIM_PeriodElapsedCallback            0x08001d9b   Thumb Code     6  tim.o(i.HAL_TIM_PeriodElapsedCallback)
    HAL_TIM_TriggerCallback                  0x08001da1   Thumb Code     2  stm32f1xx_hal_tim.o(i.HAL_TIM_TriggerCallback)
    HardFault_Handler                        0x08001da3   Thumb Code     2  stm32f1xx_it.o(i.HardFault_Handler)
    MX_GPIO_Init                             0x08001ddd   Thumb Code   224  gpio.o(i.MX_GPIO_Init)
    MX_TIM2_Init                             0x08001ed5   Thumb Code    10  tim.o(i.MX_TIM2_Init)
    MX_TIM3_Init                             0x08001ee5   Thumb Code     8  tim.o(i.MX_TIM3_Init)
    MX_USB_DEVICE_Init                       0x08001fe1   Thumb Code    52  usb_device.o(i.MX_USB_DEVICE_Init)
    MemManage_Handler                        0x08002025   Thumb Code     2  stm32f1xx_it.o(i.MemManage_Handler)
    NMI_Handler                              0x08002027   Thumb Code     2  stm32f1xx_it.o(i.NMI_Handler)
    PendSV_Handler                           0x080023cf   Thumb Code     2  stm32f1xx_it.o(i.PendSV_Handler)
    Protocol_ReceiveByte                     0x0800255d   Thumb Code   138  main.o(i.Protocol_ReceiveByte)
    SVC_Handler                              0x08002601   Thumb Code     2  stm32f1xx_it.o(i.SVC_Handler)
    Stepper_TimerElapsed                     0x0800265d   Thumb Code   222  main.o(i.Stepper_TimerElapsed)
    SysTick_Handler                          0x08002751   Thumb Code     4  stm32f1xx_it.o(i.SysTick_Handler)
    SystemClock_Config                       0x08002755   Thumb Code   120  main.o(i.SystemClock_Config)
    SystemInit                               0x080027cd   Thumb Code     2  system_stm32f1xx.o(i.SystemInit)
    TIM2_IRQHandler                          0x080027d1   Thumb Code     6  stm32f1xx_it.o(i.TIM2_IRQHandler)
    TIM3_IRQHandler                          0x080027dd   Thumb Code     6  stm32f1xx_it.o(i.TIM3_IRQHandler)
    TIM_Base_SetConfig                       0x080027e9   Thumb Code   134  stm32f1xx_hal_tim.o(i.TIM_Base_SetConfig)
    TIM_ETR_SetConfig                        0x08002885   Thumb Code    20  stm32f1xx_hal_tim.o(i.TIM_ETR_SetConfig)
    USART1_CommandIRQ                        0x080028f1   Thumb Code    22  main.o(i.USART1_CommandIRQ)
    USART1_IRQHandler                        0x0800290d   Thumb Code     4  stm32f1xx_it.o(i.USART1_IRQHandler)
    USBD_CDC_GetDeviceQualifierDescriptor    0x08002a65   Thumb Code     8  usbd_cdc.o(i.USBD_CDC_GetDeviceQualifierDescriptor)
    USBD_CDC_ReceivePacket                   0x08002b29   Thumb Code    40  usbd_cdc.o(i.USBD_CDC_ReceivePacket)
    USBD_CDC_RegisterInterface               0x08002b51   Thumb Code    16  usbd_cdc.o(i.USBD_CDC_RegisterInterface)
    USBD_CDC_SetRxBuffer                     0x08002b61   Thumb Code    12  usbd_cdc.o(i.USBD_CDC_SetRxBuffer)
    USBD_CDC_SetTxBuffer                     0x08002b6d   Thumb Code    16  usbd_cdc.o(i.USBD_CDC_SetTxBuffer)
    USBD_CDC_TransmitPacket                  0x08002c29   Thumb Code    54  usbd_cdc.o(i.USBD_CDC_TransmitPacket)
    USBD_ClrClassConfig                      0x08002c5f   Thumb Code    14  usbd_core.o(i.USBD_ClrClassConfig)
    USBD_CtlContinueRx                       0x08002c6d   Thumb Code    16  usbd_ioreq.o(i.USBD_CtlContinueRx)
    USBD_CtlContinueSendData                 0x08002c7d   Thumb Code    16  usbd_ioreq.o(i.USBD_CtlContinueSendData)
    USBD_CtlError                            0x08002c8d   Thumb Code    22  usbd_ctlreq.o(i.USBD_CtlError)
    USBD_CtlPrepareRx                        0x08002ca3   Thumb Code    30  usbd_ioreq.o(i.USBD_CtlPrepareRx)
    USBD_CtlReceiveStatus                    0x08002cc1   Thumb Code    22  usbd_ioreq.o(i.USBD_CtlReceiveStatus)
    USBD_CtlSendData                         0x08002cd7   Thumb Code    26  usbd_ioreq.o(i.USBD_CtlSendData)
    USBD_CtlSendStatus                       0x08002cf1   Thumb Code    22  usbd_ioreq.o(i.USBD_CtlSendStatus)
    USBD_GetString                           0x08002def   Thumb Code    72  usbd_ctlreq.o(i.USBD_GetString)
    USBD_Init                                0x08002e37   Thumb Code    42  usbd_core.o(i.USBD_Init)
    USBD_LL_ClearStallEP                     0x08002e61   Thumb Code    14  usbd_conf.o(i.USBD_LL_ClearStallEP)
    USBD_LL_CloseEP                          0x08002e6f   Thumb Code    14  usbd_conf.o(i.USBD_LL_CloseEP)
    USBD_LL_DataInStage                      0x08002e7d   Thumb Code   198  usbd_core.o(i.USBD_LL_DataInStage)
    USBD_LL_DataOutStage                     0x08002f43   Thumb Code   130  usbd_core.o(i.USBD_LL_DataOutStage)
    USBD_LL_GetRxDataSize                    0x08002fc5   Thumb Code     8  usbd_conf.o(i.USBD_LL_GetRxDataSize)
    USBD_LL_Init                             0x08002fcd   Thumb Code   108  usbd_conf.o(i.USBD_LL_Init)
    USBD_LL_IsStallEP                        0x08003041   Thumb Code    30  usbd_conf.o(i.USBD_LL_IsStallEP)
    USBD_LL_OpenEP                           0x0800305f   Thumb Code    20  usbd_conf.o(i.USBD_LL_OpenEP)
    USBD_LL_PrepareReceive                   0x08003073   Thumb Code    14  usbd_conf.o(i.USBD_LL_PrepareReceive)
    USBD_LL_Reset                            0x08003081   Thumb Code    80  usbd_core.o(i.USBD_LL_Reset)
    USBD_LL_Resume                           0x080030d1   Thumb Code    20  usbd_core.o(i.USBD_LL_Resume)
    USBD_LL_SOF                              0x080030e5   Thumb Code    24  usbd_core.o(i.USBD_LL_SOF)
    USBD_LL_SetSpeed                         0x080030fd   Thumb Code     6  usbd_core.o(i.USBD_LL_SetSpeed)
    USBD_LL_SetUSBAddress                    0x08003103   Thumb Code    14  usbd_conf.o(i.USBD_LL_SetUSBAddress)
    USBD_LL_SetupStage                       0x08003111   Thumb Code    90  usbd_core.o(i.USBD_LL_SetupStage)
    USBD_LL_StallEP                          0x0800316b   Thumb Code    14  usbd_conf.o(i.USBD_LL_StallEP)
    USBD_LL_Start                            0x08003179   Thumb Code    14  usbd_conf.o(i.USBD_LL_Start)
    USBD_LL_Suspend                          0x08003187   Thumb Code    18  usbd_core.o(i.USBD_LL_Suspend)
    USBD_LL_Transmit                         0x08003199   Thumb Code    14  usbd_conf.o(i.USBD_LL_Transmit)
    USBD_ParseSetupRequest                   0x080031a7   Thumb Code    40  usbd_ctlreq.o(i.USBD_ParseSetupRequest)
    USBD_RegisterClass                       0x080031cf   Thumb Code    16  usbd_core.o(i.USBD_RegisterClass)
    USBD_SetClassConfig                      0x080031df   Thumb Code    22  usbd_core.o(i.USBD_SetClassConfig)
    USBD_Start                               0x08003279   Thumb Code    10  usbd_core.o(i.USBD_Start)
    USBD_StdDevReq                           0x08003283   Thumb Code   274  usbd_ctlreq.o(i.USBD_StdDevReq)
    USBD_StdEPReq                            0x08003395   Thumb Code   336  usbd_ctlreq.o(i.USBD_StdEPReq)
    USBD_StdItfReq                           0x080034e5   Thumb Code    78  usbd_ctlreq.o(i.USBD_StdItfReq)
    USBD_VCP_ConfigStrDescriptor             0x08003535   Thumb Code    16  usbd_desc.o(i.USBD_VCP_ConfigStrDescriptor)
    USBD_VCP_DeviceDescriptor                0x08003555   Thumb Code     8  usbd_desc.o(i.USBD_VCP_DeviceDescriptor)
    USBD_VCP_InterfaceStrDescriptor          0x08003561   Thumb Code    16  usbd_desc.o(i.USBD_VCP_InterfaceStrDescriptor)
    USBD_VCP_LangIDStrDescriptor             0x08003585   Thumb Code     8  usbd_desc.o(i.USBD_VCP_LangIDStrDescriptor)
    USBD_VCP_ManufacturerStrDescriptor       0x08003591   Thumb Code    16  usbd_desc.o(i.USBD_VCP_ManufacturerStrDescriptor)
    USBD_VCP_ProductStrDescriptor            0x080035b5   Thumb Code    16  usbd_desc.o(i.USBD_VCP_ProductStrDescriptor)
    USBD_VCP_SerialStrDescriptor             0x080035e5   Thumb Code    48  usbd_desc.o(i.USBD_VCP_SerialStrDescriptor)
    USBD_static_free                         0x0800361d   Thumb Code     2  usbd_conf.o(i.USBD_static_free)
    USBD_static_malloc                       0x08003621   Thumb Code     4  usbd_conf.o(i.USBD_static_malloc)
    USB_ActivateEndpoint                     0x08003629   Thumb Code   668  stm32f1xx_ll_usb.o(i.USB_ActivateEndpoint)
    USB_CoreInit                             0x080038c5   Thumb Code     4  stm32f1xx_ll_usb.o(i.USB_CoreInit)
    USB_DeactivateEndpoint                   0x080038c9   Thumb Code   270  stm32f1xx_ll_usb.o(i.USB_DeactivateEndpoint)
    USB_DevConnect                           0x080039d7   Thumb Code     4  stm32f1xx_ll_usb.o(i.USB_DevConnect)
    USB_DevDisconnect                        0x080039db   Thumb Code     4  stm32f1xx_ll_usb.o(i.USB_DevDisconnect)
    USB_DevInit                              0x080039df   Thumb Code    18  stm32f1xx_ll_usb.o(i.USB_DevInit)
    USB_DisableGlobalInt                     0x080039f1   Thumb Code    14  stm32f1xx_ll_usb.o(i.USB_DisableGlobalInt)
    USB_EP0_OutStart                         0x080039ff   Thumb Code     4  stm32f1xx_ll_usb.o(i.USB_EP0_OutStart)
    USB_EPClearStall                         0x08003a03   Thumb Code   120  stm32f1xx_ll_usb.o(i.USB_EPClearStall)
    USB_EPSetStall                           0x08003a7b   Thumb Code    50  stm32f1xx_ll_usb.o(i.USB_EPSetStall)
    USB_EPStartXfer                          0x08003aad   Thumb Code  1250  stm32f1xx_ll_usb.o(i.USB_EPStartXfer)
    USB_EnableGlobalInt                      0x08003f8f   Thumb Code    18  stm32f1xx_ll_usb.o(i.USB_EnableGlobalInt)
    USB_LP_CAN1_RX0_IRQHandler               0x08003fa1   Thumb Code     6  stm32f1xx_it.o(i.USB_LP_CAN1_RX0_IRQHandler)
    USB_ReadInterrupts                       0x08003fad   Thumb Code     6  stm32f1xx_ll_usb.o(i.USB_ReadInterrupts)
    USB_ReadPMA                              0x08003fb5   Thumb Code    44  stm32f1xx_ll_usb.o(i.USB_ReadPMA)
    USB_SetCurrentMode                       0x08003fe1   Thumb Code     4  stm32f1xx_ll_usb.o(i.USB_SetCurrentMode)
    USB_SetDevAddress                        0x08003fe5   Thumb Code    12  stm32f1xx_ll_usb.o(i.USB_SetDevAddress)
    USB_WritePMA                             0x08003ff1   Thumb Code    38  stm32f1xx_ll_usb.o(i.USB_WritePMA)
    UsageFault_Handler                       0x08004017   Thumb Code     2  stm32f1xx_it.o(i.UsageFault_Handler)
    main                                     0x08004039   Thumb Code   136  main.o(i.main)
    AHBPrescTable                            0x080040de   Data          16  system_stm32f1xx.o(.constdata)
    APBPrescTable                            0x080040ee   Data           8  system_stm32f1xx.o(.constdata)
    Region$$Table$$Base                      0x080040f8   Number         0  anon$$obj.o(Region$$Table)
    Region$$Table$$Limit                     0x08004118   Number         0  anon$$obj.o(Region$$Table)
    uwTickFreq                               0x20000008   Data           1  stm32f1xx_hal.o(.data)
    uwTickPrio                               0x2000000c   Data           4  stm32f1xx_hal.o(.data)
    uwTick                                   0x20000010   Data           4  stm32f1xx_hal.o(.data)
    SystemCoreClock                          0x20000014   Data           4  system_stm32f1xx.o(.data)
    USBD_CDC_fops                            0x20000020   Data          16  usbd_cdc_if.o(.data)
    VCP_Desc                                 0x20000030   Data          28  usbd_desc.o(.data)
    USBD_LangIDDesc                          0x2000004c   Data           4  usbd_desc.o(.data)
    USBD_DeviceDesc                          0x20000050   Data          18  usbd_desc.o(.data)
    USBD_StringSerial                        0x20000064   Data          26  usbd_desc.o(.data)
    USBD_CDC_CfgHSDesc                       0x2000008c   Data          67  usbd_cdc.o(.data)
    USBD_CDC_CfgFSDesc                       0x200000d0   Data          67  usbd_cdc.o(.data)
    USBD_CDC_OtherSpeedCfgDesc               0x20000114   Data          67  usbd_cdc.o(.data)
    USBD_CDC                                 0x20000158   Data          56  usbd_cdc.o(.data)
    stepper_axes                             0x200001a8   Data          56  main.o(.bss)
    htim2                                    0x200001e0   Data          72  tim.o(.bss)
    htim3                                    0x20000228   Data          72  tim.o(.bss)
    hUsbDeviceFS                             0x20000270   Data         708  usb_device.o(.bss)
    hpcd                                     0x200007e4   Data         728  usbd_conf.o(.bss)
    USBD_StrDesc                             0x20000abc   Data         256  usbd_desc.o(.bss)
    __libspace_start                         0x20000bbc   Data          96  libspace.o(.bss)
    __temporary_stack_top$libspace           0x20000c1c   Data           0  libspace.o(.bss)



==============================================================================

Memory Map of the image

  Image Entry point : 0x08000131

  Load Region LR_IROM1 (Base: 0x08000000, Size: 0x000042a8, Max: 0x00080000, ABSOLUTE, COMPRESSED[0x000041dc])

    Execution Region ER_IROM1 (Exec base: 0x08000000, Load base: 0x08000000, Size: 0x00004118, Max: 0x00080000, ABSOLUTE)

    Exec Addr    Load Addr    Size         Type   Attr      Idx    E Section Name        Object

    0x08000000   0x08000000   0x00000130   Data   RO            3    RESET               startup_stm32f103xe.o
    0x08000130   0x08000130   0x00000008   Code   RO         3703  * !!!main             c_w.l(__main.o)
    0x08000138   0x08000138   0x00000034   Code   RO         3866    !!!scatter          c_w.l(__scatter.o)
    0x0800016c   0x0800016c   0x0000005a   Code   RO         3864    !!dczerorl2         c_w.l(__dczerorl2.o)
    0x080001c6   0x080001c6   0x00000002   PAD
    0x080001c8   0x080001c8   0x0000001c   Code   RO         3868    !!handler_zi        c_w.l(__scatter_zi.o)
    0x080001e4   0x080001e4   0x00000002   Code   RO         3732    .ARM.Collect$$libinit$$00000000  c_w.l(libinit.o)
    0x080001e6   0x080001e6   0x00000000   Code   RO         3739    .ARM.Collect$$libinit$$00000002  c_w.l(libinit2.o)
    0x080001e6   0x080001e6   0x00000000   Code   RO         3741    .ARM.Collect$$libinit$$00000004  c_w.l(libinit2.o)
    0x080001e6   0x080001e6   0x00000000   Code   RO         3744    .ARM.Collect$$libinit$$0000000A  c_w.l(libinit2.o)
    0x080001e6   0x080001e6   0x00000000   Code   RO         3746    .ARM.Collect$$libinit$$0000000C  c_w.l(libinit2.o)
    0x080001e6   0x080001e6   0x00000000   Code   RO         3748    .ARM.Collect$$libinit$$0000000E  c_w.l(libinit2.o)
    0x080001e6   0x080001e6   0x00000000   Code   RO         3751    .ARM.Collect$$libinit$$00000011  c_w.l(libinit2.o)
    0x080001e6   0x080001e6   0x00000000   Code   RO         3753    .ARM.Collect$$libinit$$00000013  c_w.l(libinit2.o)
    0x080001e6   0x080001e6   0x00000000   Code   RO         3755    .ARM.Collect$$libinit$$00000015  c_w.l(libinit2.o)
    0x080001e6   0x080001e6   0x00000000   Code   RO         3757    .ARM.Collect$$libinit$$00000017  c_w.l(libinit2.o)
    0x080001e6   0x080001e6   0x00000000   Code   RO         3759    .ARM.Collect$$libinit$$00000019  c_w.l(libinit2.o)
    0x080001e6   0x080001e6   0x00000000   Code   RO         3761    .ARM.Collect$$libinit$$0000001B  c_w.l(libinit2.o)
    0x080001e6   0x080001e6   0x00000000   Code   RO         3763    .ARM.Collect$$libinit$$0000001D  c_w.l(libinit2.o)
    0x080001e6   0x080001e6   0x00000000   Code   RO         3765    .ARM.Collect$$libinit$$0000001F  c_w.l(libinit2.o)
    0x080001e6   0x080001e6   0x00000000   Code   RO         3767    .ARM.Collect$$libinit$$00000021  c_w.l(libinit2.o)
    0x080001e6   0x080001e6   0x00000000   Code   RO         3769    .ARM.Collect$$libinit$$00000023  c_w.l(libinit2.o)
    0x080001e6   0x080001e6   0x00000000   Code   RO         3771    .ARM.Collect$$libinit$$00000025  c_w.l(libinit2.o)
    0x080001e6   0x080001e6   0x00000000   Code   RO         3775    .ARM.Collect$$libinit$$0000002C  c_w.l(libinit2.o)
    0x080001e6   0x080001e6   0x00000000   Code   RO         3777    .ARM.Collect$$libinit$$0000002E  c_w.l(libinit2.o)
    0x080001e6   0x080001e6   0x00000000   Code   RO         3779    .ARM.Collect$$libinit$$00000030  c_w.l(libinit2.o)
    0x080001e6   0x080001e6   0x00000000   Code   RO         3781    .ARM.Collect$$libinit$$00000032  c_w.l(libinit2.o)
    0x080001e6   0x080001e6   0x00000002   Code   RO         3782    .ARM.Collect$$libinit$$00000033  c_w.l(libinit2.o)
    0x080001e8   0x080001e8   0x00000002   Code   RO         3802    .ARM.Collect$$libshutdown$$00000000  c_w.l(libshutdown.o)
    0x080001ea   0x080001ea   0x00000000   Code   RO         3815    .ARM.Collect$$libshutdown$$00000002  c_w.l(libshutdown2.o)
    0x080001ea   0x080001ea   0x00000000   Code   RO         3817    .ARM.Collect$$libshutdown$$00000004  c_w.l(libshutdown2.o)
    0x080001ea   0x080001ea   0x00000000   Code   RO         3819    .ARM.Collect$$libshutdown$$00000006  c_w.l(libshutdown2.o)
    0x080001ea   0x080001ea   0x00000000   Code   RO         3822    .ARM.Collect$$libshutdown$$00000009  c_w.l(libshutdown2.o)
    0x080001ea   0x080001ea   0x00000000   Code   RO         3825    .ARM.Collect$$libshutdown$$0000000C  c_w.l(libshutdown2.o)
    0x080001ea   0x080001ea   0x00000000   Code   RO         3827    .ARM.Collect$$libshutdown$$0000000E  c_w.l(libshutdown2.o)
    0x080001ea   0x080001ea   0x00000000   Code   RO         3830    .ARM.Collect$$libshutdown$$00000011  c_w.l(libshutdown2.o)
    0x080001ea   0x080001ea   0x00000002   Code   RO         3831    .ARM.Collect$$libshutdown$$00000012  c_w.l(libshutdown2.o)
    0x080001ec   0x080001ec   0x00000000   Code   RO         3705    .ARM.Collect$$rtentry$$00000000  c_w.l(__rtentry.o)
    0x080001ec   0x080001ec   0x00000000   Code   RO         3709    .ARM.Collect$$rtentry$$00000002  c_w.l(__rtentry2.o)
    0x080001ec   0x080001ec   0x00000006   Code   RO         3721    .ARM.Collect$$rtentry$$00000004  c_w.l(__rtentry4.o)
    0x080001f2   0x080001f2   0x00000000   Code   RO         3711    .ARM.Collect$$rtentry$$00000009  c_w.l(__rtentry2.o)
    0x080001f2   0x080001f2   0x00000004   Code   RO         3712    .ARM.Collect$$rtentry$$0000000A  c_w.l(__rtentry2.o)
    0x080001f6   0x080001f6   0x00000000   Code   RO         3714    .ARM.Collect$$rtentry$$0000000C  c_w.l(__rtentry2.o)
    0x080001f6   0x080001f6   0x00000008   Code   RO         3715    .ARM.Collect$$rtentry$$0000000D  c_w.l(__rtentry2.o)
    0x080001fe   0x080001fe   0x00000002   Code   RO         3736    .ARM.Collect$$rtexit$$00000000  c_w.l(rtexit.o)
    0x08000200   0x08000200   0x00000000   Code   RO         3784    .ARM.Collect$$rtexit$$00000002  c_w.l(rtexit2.o)
    0x08000200   0x08000200   0x00000004   Code   RO         3785    .ARM.Collect$$rtexit$$00000003  c_w.l(rtexit2.o)
    0x08000204   0x08000204   0x00000006   Code   RO         3786    .ARM.Collect$$rtexit$$00000004  c_w.l(rtexit2.o)
    0x0800020a   0x0800020a   0x00000002   PAD
    0x0800020c   0x0800020c   0x00000040   Code   RO            4    .text               startup_stm32f103xe.o
    0x0800024c   0x0800024c   0x0000008a   Code   RO         3697    .text               c_w.l(rt_memcpy_v6.o)
    0x080002d6   0x080002d6   0x0000004e   Code   RO         3699    .text               c_w.l(rt_memclr_w.o)
    0x08000324   0x08000324   0x00000006   Code   RO         3701    .text               c_w.l(heapauxi.o)
    0x0800032a   0x0800032a   0x00000064   Code   RO         3706    .text               c_w.l(rt_memcpy_w.o)
    0x0800038e   0x0800038e   0x0000004a   Code   RO         3723    .text               c_w.l(sys_stackheap_outer.o)
    0x080003d8   0x080003d8   0x00000012   Code   RO         3725    .text               c_w.l(exit.o)
    0x080003ea   0x080003ea   0x00000002   PAD
    0x080003ec   0x080003ec   0x00000008   Code   RO         3733    .text               c_w.l(libspace.o)
    0x080003f4   0x080003f4   0x0000000c   Code   RO         3794    .text               c_w.l(sys_exit.o)
    0x08000400   0x08000400   0x00000002   Code   RO         3805    .text               c_w.l(use_no_semi.o)
    0x08000402   0x08000402   0x00000000   Code   RO         3807    .text               c_w.l(indicate_semi.o)
    0x08000402   0x08000402   0x00000002   PAD
    0x08000404   0x08000404   0x000000c8   Code   RO           13    i.Axes_StartSync    main.o
    0x080004cc   0x080004cc   0x00000028   Code   RO           14    i.Axis_SetPeriod    main.o
    0x080004f4   0x080004f4   0x000000ec   Code   RO           15    i.Axis_Start        main.o
    0x080005e0   0x080005e0   0x00000068   Code   RO           16    i.Axis_Stop         main.o
    0x08000648   0x08000648   0x00000002   Code   RO          350    i.BusFault_Handler  stm32f1xx_it.o
    0x0800064a   0x0800064a   0x00000002   PAD
    0x0800064c   0x0800064c   0x00000050   Code   RO         2994    i.CDC_Control_FS    usbd_cdc_if.o
    0x0800069c   0x0800069c   0x00000004   Code   RO         2995    i.CDC_DeInit_FS     usbd_cdc_if.o
    0x080006a0   0x080006a0   0x00000024   Code   RO         2996    i.CDC_Init_FS       usbd_cdc_if.o
    0x080006c4   0x080006c4   0x00000034   Code   RO         2997    i.CDC_Receive_FS    usbd_cdc_if.o
    0x080006f8   0x080006f8   0x00000040   Code   RO         2998    i.CDC_Transmit_FS   usbd_cdc_if.o
    0x08000738   0x08000738   0x0000001e   Code   RO           17    i.CRC8_Update       main.o
    0x08000756   0x08000756   0x00000002   Code   RO          351    i.DebugMon_Handler  stm32f1xx_it.o
    0x08000758   0x08000758   0x00000004   Code   RO           18    i.Error_Handler     main.o
    0x0800075c   0x0800075c   0x000001f8   Code   RO         2265    i.HAL_GPIO_Init     stm32f1xx_hal_gpio.o
    0x08000954   0x08000954   0x0000000a   Code   RO         2267    i.HAL_GPIO_ReadPin  stm32f1xx_hal_gpio.o
    0x0800095e   0x0800095e   0x0000000a   Code   RO         2269    i.HAL_GPIO_WritePin  stm32f1xx_hal_gpio.o
    0x08000968   0x08000968   0x0000000c   Code   RO         1959    i.HAL_GetTick       stm32f1xx_hal.o
    0x08000974   0x08000974   0x00000010   Code   RO         1965    i.HAL_IncTick       stm32f1xx_hal.o
    0x08000984   0x08000984   0x00000024   Code   RO         1966    i.HAL_Init          stm32f1xx_hal.o
    0x080009a8   0x080009a8   0x00000040   Code   RO         1967    i.HAL_InitTick      stm32f1xx_hal.o
    0x080009e8   0x080009e8   0x0000003c   Code   RO          450    i.HAL_MspInit       stm32f1xx_hal_msp.o
    0x08000a24   0x08000a24   0x0000001a   Code   RO         2425    i.HAL_NVIC_EnableIRQ  stm32f1xx_hal_cortex.o
    0x08000a3e   0x08000a3e   0x00000002   PAD
    0x08000a40   0x08000a40   0x00000040   Code   RO         2431    i.HAL_NVIC_SetPriority  stm32f1xx_hal_cortex.o
    0x08000a80   0x08000a80   0x00000024   Code   RO         2432    i.HAL_NVIC_SetPriorityGrouping  stm32f1xx_hal_cortex.o
    0x08000aa4   0x08000aa4   0x0000003c   Code   RO          899    i.HAL_PCDEx_PMAConfig  stm32f1xx_hal_pcd_ex.o
    0x08000ae0   0x08000ae0   0x00000002   Code   RO         3047    i.HAL_PCDEx_SetConnectionState  usbd_conf.o
    0x08000ae2   0x08000ae2   0x00000012   Code   RO         3049    i.HAL_PCD_DataInStageCallback  usbd_conf.o
    0x08000af4   0x08000af4   0x00000014   Code   RO         3050    i.HAL_PCD_DataOutStageCallback  usbd_conf.o
    0x08000b08   0x08000b08   0x0000004a   Code   RO          670    i.HAL_PCD_EP_Close  stm32f1xx_hal_pcd.o
    0x08000b52   0x08000b52   0x0000005a   Code   RO          671    i.HAL_PCD_EP_ClrStall  stm32f1xx_hal_pcd.o
    0x08000bac   0x08000bac   0x000000e6   Code   RO          672    i.HAL_PCD_EP_DB_Receive  stm32f1xx_hal_pcd.o
    0x08000c92   0x08000c92   0x00000338   Code   RO          673    i.HAL_PCD_EP_DB_Transmit  stm32f1xx_hal_pcd.o
    0x08000fca   0x08000fca   0x00000012   Code   RO          675    i.HAL_PCD_EP_GetRxCount  stm32f1xx_hal_pcd.o
    0x08000fdc   0x08000fdc   0x00000058   Code   RO          676    i.HAL_PCD_EP_Open   stm32f1xx_hal_pcd.o
    0x08001034   0x08001034   0x0000002e   Code   RO          677    i.HAL_PCD_EP_Receive  stm32f1xx_hal_pcd.o
    0x08001062   0x08001062   0x00000070   Code   RO          678    i.HAL_PCD_EP_SetStall  stm32f1xx_hal_pcd.o
    0x080010d2   0x080010d2   0x0000002e   Code   RO          679    i.HAL_PCD_EP_Transmit  stm32f1xx_hal_pcd.o
    0x08001100   0x08001100   0x00000134   Code   RO          681    i.HAL_PCD_IRQHandler  stm32f1xx_hal_pcd.o
    0x08001234   0x08001234   0x000000ba   Code   RO          684    i.HAL_PCD_Init      stm32f1xx_hal_pcd.o
    0x080012ee   0x080012ee   0x00000002   PAD
    0x080012f0   0x080012f0   0x0000005c   Code   RO         3055    i.HAL_PCD_MspInit   usbd_conf.o
    0x0800134c   0x0800134c   0x0000001a   Code   RO         3056    i.HAL_PCD_ResetCallback  usbd_conf.o
    0x08001366   0x08001366   0x00000008   Code   RO         3057    i.HAL_PCD_ResumeCallback  usbd_conf.o
    0x0800136e   0x0800136e   0x00000008   Code   RO         3058    i.HAL_PCD_SOFCallback  usbd_conf.o
    0x08001376   0x08001376   0x00000026   Code   RO          690    i.HAL_PCD_SetAddress  stm32f1xx_hal_pcd.o
    0x0800139c   0x0800139c   0x0000000e   Code   RO         3059    i.HAL_PCD_SetupStageCallback  usbd_conf.o
    0x080013aa   0x080013aa   0x00000032   Code   RO          692    i.HAL_PCD_Start     stm32f1xx_hal_pcd.o
    0x080013dc   0x080013dc   0x00000008   Code   RO         3060    i.HAL_PCD_SuspendCallback  usbd_conf.o
    0x080013e4   0x080013e4   0x000000ec   Code   RO         2227    i.HAL_RCCEx_PeriphCLKConfig  stm32f1xx_hal_rcc_ex.o
    0x080014d0   0x080014d0   0x0000012c   Code   RO         2123    i.HAL_RCC_ClockConfig  stm32f1xx_hal_rcc.o
    0x080015fc   0x080015fc   0x00000020   Code   RO         2131    i.HAL_RCC_GetPCLK2Freq  stm32f1xx_hal_rcc.o
    0x0800161c   0x0800161c   0x0000004c   Code   RO         2132    i.HAL_RCC_GetSysClockFreq  stm32f1xx_hal_rcc.o
    0x08001668   0x08001668   0x00000320   Code   RO         2135    i.HAL_RCC_OscConfig  stm32f1xx_hal_rcc.o
    0x08001988   0x08001988   0x00000028   Code   RO         2436    i.HAL_SYSTICK_Config  stm32f1xx_hal_cortex.o
    0x080019b0   0x080019b0   0x00000002   Code   RO         1681    i.HAL_TIMEx_BreakCallback  stm32f1xx_hal_tim_ex.o
    0x080019b2   0x080019b2   0x00000002   Code   RO         1682    i.HAL_TIMEx_CommutCallback  stm32f1xx_hal_tim_ex.o
    0x080019b4   0x080019b4   0x0000007c   Code   RO         1700    i.HAL_TIMEx_MasterConfigSynchronization  stm32f1xx_hal_tim_ex.o
    0x08001a30   0x08001a30   0x0000005a   Code   RO          977    i.HAL_TIM_Base_Init  stm32f1xx_hal_tim.o
    0x08001a8a   0x08001a8a   0x00000002   PAD
    0x08001a8c   0x08001a8c   0x00000060   Code   RO          292    i.HAL_TIM_Base_MspInit  tim.o
    0x08001aec   0x08001aec   0x0000006c   Code   RO          982    i.HAL_TIM_Base_Start_IT  stm32f1xx_hal_tim.o
    0x08001b58   0x08001b58   0x00000030   Code   RO          985    i.HAL_TIM_Base_Stop_IT  stm32f1xx_hal_tim.o
    0x08001b88   0x08001b88   0x000000dc   Code   RO          986    i.HAL_TIM_ConfigClockSource  stm32f1xx_hal_tim.o
    0x08001c64   0x08001c64   0x00000002   Code   RO         1011    i.HAL_TIM_IC_CaptureCallback  stm32f1xx_hal_tim.o
    0x08001c66   0x08001c66   0x00000130   Code   RO         1025    i.HAL_TIM_IRQHandler  stm32f1xx_hal_tim.o
    0x08001d96   0x08001d96   0x00000002   Code   RO         1028    i.HAL_TIM_OC_DelayElapsedCallback  stm32f1xx_hal_tim.o
    0x08001d98   0x08001d98   0x00000002   Code   RO         1055    i.HAL_TIM_PWM_PulseFinishedCallback  stm32f1xx_hal_tim.o
    0x08001d9a   0x08001d9a   0x00000006   Code   RO          293    i.HAL_TIM_PeriodElapsedCallback  tim.o
    0x08001da0   0x08001da0   0x00000002   Code   RO         1068    i.HAL_TIM_TriggerCallback  stm32f1xx_hal_tim.o
    0x08001da2   0x08001da2   0x00000002   Code   RO          352    i.HardFault_Handler  stm32f1xx_it.o
    0x08001da4   0x08001da4   0x00000038   Code   RO         3254    i.IntToUnicode      usbd_desc.o
    0x08001ddc   0x08001ddc   0x000000f8   Code   RO          263    i.MX_GPIO_Init      gpio.o
    0x08001ed4   0x08001ed4   0x00000010   Code   RO          294    i.MX_TIM2_Init      tim.o
    0x08001ee4   0x08001ee4   0x00000010   Code   RO          295    i.MX_TIM3_Init      tim.o
    0x08001ef4   0x08001ef4   0x0000005e   Code   RO          296    i.MX_TIM_CommonInit  tim.o
    0x08001f52   0x08001f52   0x00000002   PAD
    0x08001f54   0x08001f54   0x0000008c   Code   RO           19    i.MX_USART1_Init    main.o
    0x08001fe0   0x08001fe0   0x00000044   Code   RO         2963    i.MX_USB_DEVICE_Init  usb_device.o
    0x08002024   0x08002024   0x00000002   Code   RO          353    i.MemManage_Handler  stm32f1xx_it.o
    0x08002026   0x08002026   0x00000002   Code   RO          354    i.NMI_Handler       stm32f1xx_it.o
    0x08002028   0x08002028   0x000003a6   Code   RO          696    i.PCD_EP_ISR_Handler  stm32f1xx_hal_pcd.o
    0x080023ce   0x080023ce   0x00000002   Code   RO          355    i.PendSV_Handler    stm32f1xx_it.o
    0x080023d0   0x080023d0   0x0000018c   Code   RO           20    i.Process_Frame     main.o
    0x0800255c   0x0800255c   0x00000094   Code   RO           21    i.Protocol_ReceiveByte  main.o
    0x080025f0   0x080025f0   0x00000010   Code   RO           22    i.ReadU32           main.o
    0x08002600   0x08002600   0x00000002   Code   RO          356    i.SVC_Handler       stm32f1xx_it.o
    0x08002602   0x08002602   0x00000002   PAD
    0x08002604   0x08002604   0x00000020   Code   RO           23    i.Send_AxisState    main.o
    0x08002624   0x08002624   0x00000036   Code   RO           24    i.Send_Status       main.o
    0x0800265a   0x0800265a   0x00000002   PAD
    0x0800265c   0x0800265c   0x000000f4   Code   RO           25    i.Stepper_TimerElapsed  main.o
    0x08002750   0x08002750   0x00000004   Code   RO          357    i.SysTick_Handler   stm32f1xx_it.o
    0x08002754   0x08002754   0x00000078   Code   RO           26    i.SystemClock_Config  main.o
    0x080027cc   0x080027cc   0x00000002   Code   RO         2926    i.SystemInit        system_stm32f1xx.o
    0x080027ce   0x080027ce   0x00000002   PAD
    0x080027d0   0x080027d0   0x0000000c   Code   RO          358    i.TIM2_IRQHandler   stm32f1xx_it.o
    0x080027dc   0x080027dc   0x0000000c   Code   RO          359    i.TIM3_IRQHandler   stm32f1xx_it.o
    0x080027e8   0x080027e8   0x0000009c   Code   RO         1070    i.TIM_Base_SetConfig  stm32f1xx_hal_tim.o
    0x08002884   0x08002884   0x00000014   Code   RO         1081    i.TIM_ETR_SetConfig  stm32f1xx_hal_tim.o
    0x08002898   0x08002898   0x00000010   Code   RO         1082    i.TIM_ITRx_SetConfig  stm32f1xx_hal_tim.o
    0x080028a8   0x080028a8   0x00000022   Code   RO         1088    i.TIM_TI1_ConfigInputStage  stm32f1xx_hal_tim.o
    0x080028ca   0x080028ca   0x00000024   Code   RO         1090    i.TIM_TI2_ConfigInputStage  stm32f1xx_hal_tim.o
    0x080028ee   0x080028ee   0x00000002   PAD
    0x080028f0   0x080028f0   0x0000001c   Code   RO           27    i.USART1_CommandIRQ  main.o
    0x0800290c   0x0800290c   0x00000004   Code   RO          360    i.USART1_IRQHandler  stm32f1xx_it.o
    0x08002910   0x08002910   0x00000078   Code   RO           28    i.USART1_SendFrame  main.o
    0x08002988   0x08002988   0x00000046   Code   RO         3590    i.USBD_CDC_DataIn   usbd_cdc.o
    0x080029ce   0x080029ce   0x0000002e   Code   RO         3591    i.USBD_CDC_DataOut  usbd_cdc.o
    0x080029fc   0x080029fc   0x00000044   Code   RO         3592    i.USBD_CDC_DeInit   usbd_cdc.o
    0x08002a40   0x08002a40   0x00000024   Code   RO         3593    i.USBD_CDC_EP0_RxReady  usbd_cdc.o
    0x08002a64   0x08002a64   0x0000000c   Code   RO         3594    i.USBD_CDC_GetDeviceQualifierDescriptor  usbd_cdc.o
    0x08002a70   0x08002a70   0x0000000c   Code   RO         3595    i.USBD_CDC_GetFSCfgDesc  usbd_cdc.o
    0x08002a7c   0x08002a7c   0x0000000c   Code   RO         3596    i.USBD_CDC_GetHSCfgDesc  usbd_cdc.o
    0x08002a88   0x08002a88   0x0000000c   Code   RO         3597    i.USBD_CDC_GetOtherSpeedCfgDesc  usbd_cdc.o
    0x08002a94   0x08002a94   0x00000094   Code   RO         3598    i.USBD_CDC_Init     usbd_cdc.o
    0x08002b28   0x08002b28   0x00000028   Code   RO         3599    i.USBD_CDC_ReceivePacket  usbd_cdc.o
    0x08002b50   0x08002b50   0x00000010   Code   RO         3600    i.USBD_CDC_RegisterInterface  usbd_cdc.o
    0x08002b60   0x08002b60   0x0000000c   Code   RO         3601    i.USBD_CDC_SetRxBuffer  usbd_cdc.o
    0x08002b6c   0x08002b6c   0x00000010   Code   RO         3602    i.USBD_CDC_SetTxBuffer  usbd_cdc.o
    0x08002b7c   0x08002b7c   0x000000ac   Code   RO         3603    i.USBD_CDC_Setup    usbd_cdc.o
    0x08002c28   0x08002c28   0x00000036   Code   RO         3604    i.USBD_CDC_TransmitPacket  usbd_cdc.o
    0x08002c5e   0x08002c5e   0x0000000e   Code   RO         3327    i.USBD_ClrClassConfig  usbd_core.o
    0x08002c6c   0x08002c6c   0x00000010   Code   RO         3530    i.USBD_CtlContinueRx  usbd_ioreq.o
    0x08002c7c   0x08002c7c   0x00000010   Code   RO         3531    i.USBD_CtlContinueSendData  usbd_ioreq.o
    0x08002c8c   0x08002c8c   0x00000016   Code   RO         3465    i.USBD_CtlError     usbd_ctlreq.o
    0x08002ca2   0x08002ca2   0x0000001e   Code   RO         3532    i.USBD_CtlPrepareRx  usbd_ioreq.o
    0x08002cc0   0x08002cc0   0x00000016   Code   RO         3533    i.USBD_CtlReceiveStatus  usbd_ioreq.o
    0x08002cd6   0x08002cd6   0x0000001a   Code   RO         3534    i.USBD_CtlSendData  usbd_ioreq.o
    0x08002cf0   0x08002cf0   0x00000016   Code   RO         3535    i.USBD_CtlSendStatus  usbd_ioreq.o
    0x08002d06   0x08002d06   0x000000e8   Code   RO         3466    i.USBD_GetDescriptor  usbd_ctlreq.o
    0x08002dee   0x08002dee   0x00000048   Code   RO         3467    i.USBD_GetString    usbd_ctlreq.o
    0x08002e36   0x08002e36   0x0000002a   Code   RO         3329    i.USBD_Init         usbd_core.o
    0x08002e60   0x08002e60   0x0000000e   Code   RO         3061    i.USBD_LL_ClearStallEP  usbd_conf.o
    0x08002e6e   0x08002e6e   0x0000000e   Code   RO         3062    i.USBD_LL_CloseEP   usbd_conf.o
    0x08002e7c   0x08002e7c   0x000000c6   Code   RO         3330    i.USBD_LL_DataInStage  usbd_core.o
    0x08002f42   0x08002f42   0x00000082   Code   RO         3331    i.USBD_LL_DataOutStage  usbd_core.o
    0x08002fc4   0x08002fc4   0x00000008   Code   RO         3066    i.USBD_LL_GetRxDataSize  usbd_conf.o
    0x08002fcc   0x08002fcc   0x00000074   Code   RO         3067    i.USBD_LL_Init      usbd_conf.o
    0x08003040   0x08003040   0x0000001e   Code   RO         3068    i.USBD_LL_IsStallEP  usbd_conf.o
    0x0800305e   0x0800305e   0x00000014   Code   RO         3069    i.USBD_LL_OpenEP    usbd_conf.o
    0x08003072   0x08003072   0x0000000e   Code   RO         3070    i.USBD_LL_PrepareReceive  usbd_conf.o
    0x08003080   0x08003080   0x00000050   Code   RO         3336    i.USBD_LL_Reset     usbd_core.o
    0x080030d0   0x080030d0   0x00000014   Code   RO         3337    i.USBD_LL_Resume    usbd_core.o
    0x080030e4   0x080030e4   0x00000018   Code   RO         3338    i.USBD_LL_SOF       usbd_core.o
    0x080030fc   0x080030fc   0x00000006   Code   RO         3339    i.USBD_LL_SetSpeed  usbd_core.o
    0x08003102   0x08003102   0x0000000e   Code   RO         3071    i.USBD_LL_SetUSBAddress  usbd_conf.o
    0x08003110   0x08003110   0x0000005a   Code   RO         3340    i.USBD_LL_SetupStage  usbd_core.o
    0x0800316a   0x0800316a   0x0000000e   Code   RO         3072    i.USBD_LL_StallEP   usbd_conf.o
    0x08003178   0x08003178   0x0000000e   Code   RO         3073    i.USBD_LL_Start     usbd_conf.o
    0x08003186   0x08003186   0x00000012   Code   RO         3341    i.USBD_LL_Suspend   usbd_core.o
    0x08003198   0x08003198   0x0000000e   Code   RO         3075    i.USBD_LL_Transmit  usbd_conf.o
    0x080031a6   0x080031a6   0x00000028   Code   RO         3468    i.USBD_ParseSetupRequest  usbd_ctlreq.o
    0x080031ce   0x080031ce   0x00000010   Code   RO         3342    i.USBD_RegisterClass  usbd_core.o
    0x080031de   0x080031de   0x00000016   Code   RO         3344    i.USBD_SetClassConfig  usbd_core.o
    0x080031f4   0x080031f4   0x00000084   Code   RO         3469    i.USBD_SetConfig    usbd_ctlreq.o
    0x08003278   0x08003278   0x0000000a   Code   RO         3345    i.USBD_Start        usbd_core.o
    0x08003282   0x08003282   0x00000112   Code   RO         3470    i.USBD_StdDevReq    usbd_ctlreq.o
    0x08003394   0x08003394   0x00000150   Code   RO         3471    i.USBD_StdEPReq     usbd_ctlreq.o
    0x080034e4   0x080034e4   0x0000004e   Code   RO         3472    i.USBD_StdItfReq    usbd_ctlreq.o
    0x08003532   0x08003532   0x00000002   PAD
    0x08003534   0x08003534   0x00000020   Code   RO         3255    i.USBD_VCP_ConfigStrDescriptor  usbd_desc.o
    0x08003554   0x08003554   0x0000000c   Code   RO         3256    i.USBD_VCP_DeviceDescriptor  usbd_desc.o
    0x08003560   0x08003560   0x00000024   Code   RO         3257    i.USBD_VCP_InterfaceStrDescriptor  usbd_desc.o
    0x08003584   0x08003584   0x0000000c   Code   RO         3258    i.USBD_VCP_LangIDStrDescriptor  usbd_desc.o
    0x08003590   0x08003590   0x00000024   Code   RO         3259    i.USBD_VCP_ManufacturerStrDescriptor  usbd_desc.o
    0x080035b4   0x080035b4   0x00000030   Code   RO         3260    i.USBD_VCP_ProductStrDescriptor  usbd_desc.o
    0x080035e4   0x080035e4   0x00000038   Code   RO         3261    i.USBD_VCP_SerialStrDescriptor  usbd_desc.o
    0x0800361c   0x0800361c   0x00000002   Code   RO         3076    i.USBD_static_free  usbd_conf.o
    0x0800361e   0x0800361e   0x00000002   PAD
    0x08003620   0x08003620   0x00000008   Code   RO         3077    i.USBD_static_malloc  usbd_conf.o
    0x08003628   0x08003628   0x0000029c   Code   RO          474    i.USB_ActivateEndpoint  stm32f1xx_ll_usb.o
    0x080038c4   0x080038c4   0x00000004   Code   RO          477    i.USB_CoreInit      stm32f1xx_ll_usb.o
    0x080038c8   0x080038c8   0x0000010e   Code   RO          479    i.USB_DeactivateEndpoint  stm32f1xx_ll_usb.o
    0x080039d6   0x080039d6   0x00000004   Code   RO          480    i.USB_DevConnect    stm32f1xx_ll_usb.o
    0x080039da   0x080039da   0x00000004   Code   RO          481    i.USB_DevDisconnect  stm32f1xx_ll_usb.o
    0x080039de   0x080039de   0x00000012   Code   RO          482    i.USB_DevInit       stm32f1xx_ll_usb.o
    0x080039f0   0x080039f0   0x0000000e   Code   RO          483    i.USB_DisableGlobalInt  stm32f1xx_ll_usb.o
    0x080039fe   0x080039fe   0x00000004   Code   RO          484    i.USB_EP0_OutStart  stm32f1xx_ll_usb.o
    0x08003a02   0x08003a02   0x00000078   Code   RO          485    i.USB_EPClearStall  stm32f1xx_ll_usb.o
    0x08003a7a   0x08003a7a   0x00000032   Code   RO          486    i.USB_EPSetStall    stm32f1xx_ll_usb.o
    0x08003aac   0x08003aac   0x000004e2   Code   RO          487    i.USB_EPStartXfer   stm32f1xx_ll_usb.o
    0x08003f8e   0x08003f8e   0x00000012   Code   RO          489    i.USB_EnableGlobalInt  stm32f1xx_ll_usb.o
    0x08003fa0   0x08003fa0   0x0000000c   Code   RO          361    i.USB_LP_CAN1_RX0_IRQHandler  stm32f1xx_it.o
    0x08003fac   0x08003fac   0x00000006   Code   RO          496    i.USB_ReadInterrupts  stm32f1xx_ll_usb.o
    0x08003fb2   0x08003fb2   0x00000002   PAD
    0x08003fb4   0x08003fb4   0x0000002c   Code   RO          497    i.USB_ReadPMA       stm32f1xx_ll_usb.o
    0x08003fe0   0x08003fe0   0x00000004   Code   RO          498    i.USB_SetCurrentMode  stm32f1xx_ll_usb.o
    0x08003fe4   0x08003fe4   0x0000000c   Code   RO          499    i.USB_SetDevAddress  stm32f1xx_ll_usb.o
    0x08003ff0   0x08003ff0   0x00000026   Code   RO          501    i.USB_WritePMA      stm32f1xx_ll_usb.o
    0x08004016   0x08004016   0x00000002   Code   RO          362    i.UsageFault_Handler  stm32f1xx_it.o
    0x08004018   0x08004018   0x00000020   Code   RO         2438    i.__NVIC_SetPriority  stm32f1xx_hal_cortex.o
    0x08004038   0x08004038   0x00000094   Code   RO           29    i.main              main.o
    0x080040cc   0x080040cc   0x00000012   Data   RO         2136    .constdata          stm32f1xx_hal_rcc.o
    0x080040de   0x080040de   0x00000010   Data   RO         2927    .constdata          system_stm32f1xx.o
    0x080040ee   0x080040ee   0x00000008   Data   RO         2928    .constdata          system_stm32f1xx.o
    0x080040f6   0x080040f6   0x00000002   PAD
    0x080040f8   0x080040f8   0x00000020   Data   RO         3862    Region$$Table       anon$$obj.o


    Execution Region RW_IRAM1 (Exec base: 0x20000000, Load base: 0x08004118, Size: 0x00001220, Max: 0x00010000, ABSOLUTE, COMPRESSED[0x000000c4])

    Exec Addr    Load Addr    Size         Type   Attr      Idx    E Section Name        Object

    0x20000000   COMPRESSED   0x00000006   Data   RW           31    .data               main.o
    0x20000006   COMPRESSED   0x00000002   PAD
    0x20000008   COMPRESSED   0x0000000c   Data   RW         1973    .data               stm32f1xx_hal.o
    0x20000014   COMPRESSED   0x00000004   Data   RW         2929    .data               system_stm32f1xx.o
    0x20000018   COMPRESSED   0x00000008   Data   RW         3000    .data               usbd_cdc_if.o
    0x20000020   COMPRESSED   0x00000010   Data   RW         3001    .data               usbd_cdc_if.o
    0x20000030   COMPRESSED   0x0000001c   Data   RW         3263    .data               usbd_desc.o
    0x2000004c   COMPRESSED   0x00000032   Data   RW         3264    .data               usbd_desc.o
    0x2000007e   COMPRESSED   0x00000001   Data   RW         3473    .data               usbd_ctlreq.o
    0x2000007f   COMPRESSED   0x00000001   PAD
    0x20000080   COMPRESSED   0x000000d7   Data   RW         3605    .data               usbd_cdc.o
    0x20000157   COMPRESSED   0x00000001   PAD
    0x20000158   COMPRESSED   0x00000038   Data   RW         3606    .data               usbd_cdc.o
    0x20000190        -       0x00000050   Zero   RW           30    .bss                main.o
    0x200001e0        -       0x00000090   Zero   RW          297    .bss                tim.o
    0x20000270        -       0x000002c4   Zero   RW         2964    .bss                usb_device.o
    0x20000534        -       0x00000080   Zero   RW         2999    .bss                usbd_cdc_if.o
    0x200005b4        -       0x00000508   Zero   RW         3078    .bss                usbd_conf.o
    0x20000abc        -       0x00000100   Zero   RW         3262    .bss                usbd_desc.o
    0x20000bbc        -       0x00000060   Zero   RW         3734    .bss                c_w.l(libspace.o)
    0x20000c1c   COMPRESSED   0x00000004   PAD
    0x20000c20        -       0x00000200   Zero   RW            2    HEAP                startup_stm32f103xe.o
    0x20000e20        -       0x00000400   Zero   RW            1    STACK               startup_stm32f103xe.o


==============================================================================

Image component sizes


      Code (inc. data)   RO Data    RW Data    ZI Data      Debug   Object Name

       248         24          0          0          0       1007   gpio.o
      2060        150          0          6         80     511104   main.o
        64         26        304          0       1536        792   startup_stm32f103xe.o
       128         24          0         12          0       5773   stm32f1xx_hal.o
       198         14          0          0          0      28827   stm32f1xx_hal_cortex.o
       524         42          0          0          0       3455   stm32f1xx_hal_gpio.o
        60          8          0          0          0        838   stm32f1xx_hal_msp.o
      3044          0          0          0          0      13965   stm32f1xx_hal_pcd.o
        60          0          0          0          0       1134   stm32f1xx_hal_pcd_ex.o
      1208         72         18          0          0       4453   stm32f1xx_hal_rcc.o
       236         12          0          0          0       1348   stm32f1xx_hal_rcc_ex.o
      1040         42          0          0          0      10176   stm32f1xx_hal_tim.o
       128         20          0          0          0       2325   stm32f1xx_hal_tim_ex.o
        60         18          0          0          0       5367   stm32f1xx_it.o
      2528          0          0          0          0      15779   stm32f1xx_ll_usb.o
         2          0         24          4          0       1059   system_stm32f1xx.o
       228         24          0          0        144       2943   tim.o
        68         16          0          0        708        720   usb_device.o
       726         16          0        271          0      12690   usbd_cdc.o
       236         34          0         24        128       3401   usbd_cdc_if.o
       478         20          0          0       1288      12470   usbd_conf.o
       670          0          0          0          0       9195   usbd_core.o
      1186         28          0          1          0       7744   usbd_ctlreq.o
       288        104          0         78        256       5698   usbd_desc.o
       132          0          0          0          0       4192   usbd_ioreq.o

    ----------------------------------------------------------------------
     15624        694        380        400       4140     666455   Object Totals
         0          0         32          0          0          0   (incl. Generated)
        24          0          2          4          0          0   (incl. Padding)

    ----------------------------------------------------------------------

      Code (inc. data)   RO Data    RW Data    ZI Data      Debug   Library Member Name

        90          0          0          0          0          0   __dczerorl2.o
         8          0          0          0          0         68   __main.o
         0          0          0          0          0          0   __rtentry.o
        12          0          0          0          0          0   __rtentry2.o
         6          0          0          0          0          0   __rtentry4.o
        52          8          0          0          0          0   __scatter.o
        28          0          0          0          0          0   __scatter_zi.o
        18          0          0          0          0         80   exit.o
         6          0          0          0          0        152   heapauxi.o
         0          0          0          0          0          0   indicate_semi.o
         2          0          0          0          0          0   libinit.o
         2          0          0          0          0          0   libinit2.o
         2          0          0          0          0          0   libshutdown.o
         2          0          0          0          0          0   libshutdown2.o
         8          4          0          0         96         68   libspace.o
        78          0          0          0          0         80   rt_memclr_w.o
       138          0          0          0          0         68   rt_memcpy_v6.o
       100          0          0          0          0         80   rt_memcpy_w.o
         2          0          0          0          0          0   rtexit.o
        10          0          0          0          0          0   rtexit2.o
        12          4          0          0          0         68   sys_exit.o
        74          0          0          0          0         80   sys_stackheap_outer.o
         2          0          0          0          0         68   use_no_semi.o

    ----------------------------------------------------------------------
       660         16          0          0        100        812   Library Totals
         8          0          0          0          4          0   (incl. Padding)

    ----------------------------------------------------------------------

      Code (inc. data)   RO Data    RW Data    ZI Data      Debug   Library Name

       652         16          0          0         96        812   c_w.l

    ----------------------------------------------------------------------
       660         16          0          0        100        812   Library Totals

    ----------------------------------------------------------------------

==============================================================================


      Code (inc. data)   RO Data    RW Data    ZI Data      Debug   

     16284        710        380        400       4240     657799   Grand Totals
     16284        710        380        196       4240     657799   ELF Image Totals (compressed)
     16284        710        380        196          0          0   ROM Totals

==============================================================================

    Total RO  Size (Code + RO Data)                16664 (  16.27kB)
    Total RW  Size (RW Data + ZI Data)              4640 (   4.53kB)
    Total ROM Size (Code + RO Data + RW Data)      16860 (  16.46kB)

==============================================================================

